--- TD3+LRU | core=DiagonalLRU | threads=4 ---
--- TD3 (Twin Delayed DDPG) for GeneticPhotobioreactorEnv ---
Device: cpu | obs_dim=6 action_dim=3 | gamma=0.9995
Budget: 4,000,000 steps | Gate: project dual (stochastic + deterministic)
Hidden reset every 600 steps | SEQ_LEN=60
Demo replay: 24 scripted-expert episodes, 25% of every training batch, never evicted

  [RESUME] step=2,950,000 D2 online_buffer=389 episodes
  Collecting 24 scripted-expert demonstration episodes (mix {0: 0.4, 1: 0.4, 2: 0.2})...
    demo  1/24  D1  harvested=13756.7mg  time_avg_od=0.7989
    demo  2/24  D0  harvested=16518.3mg  time_avg_od=0.7943
    demo  3/24  D1  harvested=14032.5mg  time_avg_od=0.7575
    demo  4/24  D2  harvested=10120.5mg  time_avg_od=0.7734
    demo  5/24  D2  harvested=10238.2mg  time_avg_od=0.7752
    demo  6/24  D0  harvested=10064.0mg  time_avg_od=0.7402
    demo  7/24  D0  harvested=12845.8mg  time_avg_od=0.7446
    demo  8/24  D0  harvested=13878.2mg  time_avg_od=0.7566
    demo  9/24  D1  harvested=14179.3mg  time_avg_od=0.7488
    demo 10/24  D2  harvested=17078.0mg  time_avg_od=0.7780
    demo 11/24  D1  harvested= 8562.8mg  time_avg_od=0.7374
    demo 12/24  D1  harvested=12284.8mg  time_avg_od=0.7893
    demo 13/24  D1  harvested=15545.8mg  time_avg_od=0.8270
    demo 14/24  D0  harvested=11150.2mg  time_avg_od=0.7355
    demo 15/24  D1  harvested=11685.4mg  time_avg_od=0.7806
    demo 16/24  D2  harvested= 8632.5mg  time_avg_od=0.7319
    demo 17/24  D0  harvested=11069.6mg  time_avg_od=0.7884
    demo 18/24  D0  harvested=13986.2mg  time_avg_od=0.7977
    demo 19/24  D0  harvested=10264.6mg  time_avg_od=0.7533
    demo 20/24  D1  harvested=12565.9mg  time_avg_od=0.7354
    demo 21/24  D1  harvested=14125.2mg  time_avg_od=0.7714
    demo 22/24  D1  harvested= 8227.4mg  time_avg_od=0.7182
    demo 23/24  D0  harvested=14012.5mg  time_avg_od=0.7700
    demo 24/24  D0  harvested=19121.6mg  time_avg_od=0.8742

[Chunk] train_diff=D2 | mastery_diff=D2 | init=3,059 | steps=100,000

  [Stoch] D2 cvar10_harvest=592.9
  [Det] eps=8 harvest_mg=5964.4 p25=3664.4 time_avg_od=2.8836 crash=0.0%
  [Det/bucket] 120:2678  250:2495  380:3993  700:4915  1100:7014  1500:7977  2500:11081  4000:14290  45:1681
  [Det/window] full-episode median=5964.4  back-half median=3653.8  back-half share=61%
  Curriculum hold D2 | chunk_eps=13 eps=26 harvest_mg=10738.2 p25=6186.9 time_avg_od=2.9928 crash=0.00% adv=0/2 dem=0/2 capfail=1/12

[Chunk] train_diff=D2 | mastery_diff=D2 | init=3,667 | steps=100,000

  [Stoch] D2 cvar10_harvest=2953.6
  [Det] eps=8 harvest_mg=4911.2 p25=3527.7 time_avg_od=3.0368 crash=0.0%
  [Det/bucket] 120:3147  250:2737  380:3655  700:4604  1100:5219  1500:6703  2500:7608  4000:10453  45:1760
  [Det/window] full-episode median=4911.2  back-half median=3146.4  back-half share=64%
  Curriculum hold D2 | chunk_eps=13 eps=23 harvest_mg=10895.0 p25=7313.3 time_avg_od=2.9285 crash=0.00% adv=0/2 dem=0/2 capfail=2/12

[Chunk] train_diff=D2 | mastery_diff=D2 | init=3,000 | steps=100,000

  [Stoch] D2 cvar10_harvest=2071.1
  [Det] eps=8 harvest_mg=4188.9 p25=2766.0 time_avg_od=3.1111 crash=0.0%
  [Det/bucket] 120:2679  250:1894  380:2795  700:3326  1100:5052  1500:5273  2500:6763  4000:9594  45:1756
  [Det/window] full-episode median=4188.9  back-half median=2653.6  back-half share=63%
  Curriculum hold D2 | chunk_eps=13 eps=25 harvest_mg=6629.0 p25=4591.1 time_avg_od=2.9285 crash=0.00% adv=0/2 dem=0/2 capfail=3/12

[Chunk] train_diff=D2 | mastery_diff=D2 | init=3,000 | steps=100,000

  [Stoch] D2 cvar10_harvest=881.9
  [Det] eps=8 harvest_mg=2234.2 p25=1510.9 time_avg_od=3.4292 crash=0.0%
  [Det/bucket] 120:786  250:1087  380:1652  700:1784  1100:2684  1500:3039  2500:4496  4000:5796  45:370
  [Det/window] full-episode median=2234.2  back-half median=1419.0  back-half share=64%
  Curriculum hold D2 | chunk_eps=13 eps=24 harvest_mg=4631.6 p25=2509.2 time_avg_od=3.4890 crash=0.00% adv=0/2 dem=0/2 capfail=4/12

[Chunk] train_diff=D0 | mastery_diff=D2 | init=368 | steps=100,000

  [Stoch] D2 cvar10_harvest=881.9
  [Det] eps=8 harvest_mg=1927.1 p25=1079.5 time_avg_od=3.4752 crash=0.0%
  [Det/bucket] 120:756  250:903  380:1138  700:1657  1100:2197  1500:2464  2500:3640  4000:5543  45:197
  [Det/window] full-episode median=1927.1  back-half median=1169.1  back-half share=61%
  Curriculum hold D2 | chunk_eps=13 eps=24 harvest_mg=4631.6 p25=2509.2 time_avg_od=3.4890 crash=0.00% adv=0/2 dem=0/2 capfail=5/12

[Chunk] train_diff=D2 | mastery_diff=D2 | init=999 | steps=100,000

  [Stoch] D2 cvar10_harvest=469.9
  [Det] eps=8 harvest_mg=1818.0 p25=674.1 time_avg_od=3.8635 crash=0.0%
  [Det/bucket] 120:158  250:425  380:757  700:1445  1100:2191  1500:2611  2500:3868  4000:4894  45:108
  [Det/window] full-episode median=1818.0  back-half median=1186.2  back-half share=65%
  Curriculum hold D2 | chunk_eps=13 eps=27 harvest_mg=2618.6 p25=1225.3 time_avg_od=3.4560 crash=0.00% adv=0/2 dem=0/2 capfail=6/12

[Chunk] train_diff=D2 | mastery_diff=D2 | init=138 | steps=100,000

  [Stoch] D2 cvar10_harvest=225.1
  [Det] eps=8 harvest_mg=1981.7 p25=659.2 time_avg_od=3.9794 crash=0.0%
  [Det/bucket] 120:88  250:424  380:738  700:1507  1100:2516  1500:2457  2500:4079  4000:5079  45:37
  [Det/window] full-episode median=1981.7  back-half median=1257.1  back-half share=63%
  Curriculum hold D2 | chunk_eps=13 eps=26 harvest_mg=2240.8 p25=845.1 time_avg_od=3.9433 crash=0.00% adv=0/2 dem=0/2 capfail=7/12

[Chunk] train_diff=D2 | mastery_diff=D2 | init=77 | steps=100,000

  [Stoch] D2 cvar10_harvest=139.2
  [Det] eps=8 harvest_mg=1639.6 p25=821.8 time_avg_od=3.9181 crash=0.0%
  [Det/bucket] 120:134  250:381  380:969  700:1366  1100:1913  1500:2204  2500:3385  4000:4978  45:81
  [Det/window] full-episode median=1639.6  back-half median=1098.8  back-half share=67%
  Curriculum hold D2 | chunk_eps=13 eps=24 harvest_mg=2013.1 p25=456.1 time_avg_od=4.1874 crash=0.00% adv=0/2 dem=0/2 capfail=8/12

[Chunk] train_diff=D1 | mastery_diff=D2 | init=3,015 | steps=100,000

  [Stoch] D2 cvar10_harvest=139.2
  [Det] eps=8 harvest_mg=1624.7 p25=766.0 time_avg_od=3.9221 crash=0.0%
  [Det/bucket] 120:87  250:468  380:865  700:1350  1100:1899  1500:2042  2500:3262  4000:4442  45:61
  [Det/window] full-episode median=1624.7  back-half median=1059.2  back-half share=65%
  Curriculum hold D2 | chunk_eps=13 eps=24 harvest_mg=2013.1 p25=456.1 time_avg_od=4.1874 crash=0.00% adv=0/2 dem=0/2 capfail=9/12

[Chunk] train_diff=D2 | mastery_diff=D2 | init=147 | steps=100,000

  [Stoch] D2 cvar10_harvest=123.8
  [Det] eps=8 harvest_mg=1493.8 p25=625.7 time_avg_od=3.8906 crash=0.0%
  [Det/bucket] 120:107  250:428  380:692  700:1239  1100:1748  1500:2308  2500:3266  4000:4094  45:14
  [Det/window] full-episode median=1493.8  back-half median=961.8  back-half share=64%
  Curriculum hold D2 | chunk_eps=13 eps=24 harvest_mg=2466.4 p25=558.2 time_avg_od=4.9495 crash=0.00% adv=0/2 dem=0/2 capfail=10/12

[Chunk] train_diff=D2 | mastery_diff=D2 | init=3,000 | steps=50,000

