[{"stream_name":"stderr","time":0.89690767,"data":"Cloning into '/kaggle/working/repo'...\n"}
,{"stream_name":"stderr","time":2.385570902,"data":"Note: switching to 'd2cdd19edc10a9e956a200782b3d3ca84f8e3dba'.\n"}
,{"stream_name":"stderr","time":2.385601801,"data":"\n"}
,{"stream_name":"stderr","time":2.385606537,"data":"You are in 'detached HEAD' state. You can look around, make experimental\n"}
,{"stream_name":"stderr","time":2.385610438,"data":"changes and commit them, and you can discard any commits you make in this\n"}
,{"stream_name":"stderr","time":2.385615413,"data":"state without impacting any branches by switching back to a branch.\n"}
,{"stream_name":"stderr","time":2.385618187,"data":"\n"}
,{"stream_name":"stderr","time":2.385620758,"data":"If you want to create a new branch to retain commits you create, you may\n"}
,{"stream_name":"stderr","time":2.385624575,"data":"do so (now or later) by using -c with the switch command. Example:\n"}
,{"stream_name":"stderr","time":2.385628305,"data":"\n"}
,{"stream_name":"stderr","time":2.385631876,"data":"  git switch -c \u003cnew-branch-name\u003e\n"}
,{"stream_name":"stderr","time":2.385636141,"data":"\n"}
,{"stream_name":"stderr","time":2.385639755,"data":"Or undo this operation with:\n"}
,{"stream_name":"stderr","time":2.385643732,"data":"\n"}
,{"stream_name":"stderr","time":2.38564728,"data":"  git switch -\n"}
,{"stream_name":"stderr","time":2.385651216,"data":"\n"}
,{"stream_name":"stderr","time":2.385654536,"data":"Turn off this advice by setting config variable advice.detachedHead to false\n"}
,{"stream_name":"stderr","time":2.385658308,"data":"\n"}
,{"stream_name":"stdout","time":2.565973664,"data":"$ nvidia-smi --query-gpu=name,memory.total --format=csv\n"}
,{"stream_name":"stderr","time":2.572820036,"data":"/bin/sh: 1: nvidia-smi: not found\n"}
,{"stream_name":"stdout","time":2.573060199,"data":"$ git -C /kaggle/working/repo log -1 --format='repo at %h %s'\n"}
,{"stream_name":"stdout","time":2.580764239,"data":"repo at d2cdd19 GRU/RTU exploratory arms: protocol section 6 and Kaggle session folders (tag rl-protocol-v2)\n"}
,{"stream_name":"stdout","time":2.582217503,"data":"$ pip -q install gymnasium tqdm\n"}
,{"stream_name":"stdout","time":39608.657462515,"data":"wall-clock limit: stopping to save output; resume in a new session\n"}
,{"stream_name":"stdout","time":39608.772476752,"data":"session done in 11.00 h\n"}
,{"stream_name":"stderr","time":39612.032443042,"data":"/usr/local/lib/python3.13/dist-packages/mistune.py:435: SyntaxWarning: invalid escape sequence '\\|'\n"}
,{"stream_name":"stderr","time":39612.032489905,"data":"  cells[i][c] = re.sub('\\\\\\\\\\|', '|', cell)\n"}
,{"stream_name":"stderr","time":39612.563871911,"data":"/usr/local/lib/python3.13/dist-packages/nbconvert/filters/filter_links.py:36: SyntaxWarning: invalid escape sequence '\\_'\n"}
,{"stream_name":"stderr","time":39612.563902767,"data":"  text = re.sub(r'_', '\\_', text) # Escape underscores in display text\n"}
,{"stream_name":"stderr","time":39613.659009201,"data":"[NbConvertApp] Converting notebook __script__.ipynb to html\n"}
,{"stream_name":"stderr","time":39615.149946594,"data":"[NbConvertApp] Writing 274120 bytes to __results__.html\n"}
]