[{"stream_name":"stderr","time":0.766052509,"data":"Cloning into '/kaggle/working/repo'...\n"}
,{"stream_name":"stderr","time":2.4965863329999998,"data":"Note: switching to '7280d1fb19fd0f1299eed47ffafb711328de4243'.\n"}
,{"stream_name":"stderr","time":2.496613636,"data":"\n"}
,{"stream_name":"stderr","time":2.496641493,"data":"You are in 'detached HEAD' state. You can look around, make experimental\n"}
,{"stream_name":"stderr","time":2.496670596,"data":"changes and commit them, and you can discard any commits you make in this\n"}
,{"stream_name":"stderr","time":2.496675362,"data":"state without impacting any branches by switching back to a branch.\n"}
,{"stream_name":"stderr","time":2.496678603,"data":"\n"}
,{"stream_name":"stderr","time":2.496681599,"data":"If you want to create a new branch to retain commits you create, you may\n"}
,{"stream_name":"stderr","time":2.496684852,"data":"do so (now or later) by using -c with the switch command. Example:\n"}
,{"stream_name":"stderr","time":2.49668796,"data":"\n"}
,{"stream_name":"stderr","time":2.49669094,"data":"  git switch -c \u003cnew-branch-name\u003e\n"}
,{"stream_name":"stderr","time":2.49669439,"data":"\n"}
,{"stream_name":"stderr","time":2.49669735,"data":"Or undo this operation with:\n"}
,{"stream_name":"stderr","time":2.4967003930000002,"data":"\n"}
,{"stream_name":"stderr","time":2.496703358,"data":"  git switch -\n"}
,{"stream_name":"stderr","time":2.49670637,"data":"\n"}
,{"stream_name":"stderr","time":2.496709355,"data":"Turn off this advice by setting config variable advice.detachedHead to false\n"}
,{"stream_name":"stderr","time":2.496712625,"data":"\n"}
,{"stream_name":"stdout","time":2.72837657,"data":"$ nvidia-smi --query-gpu=name,memory.total --format=csv\n"}
,{"stream_name":"stderr","time":2.7343468570000002,"data":"/bin/sh: 1: nvidia-smi: not found\n"}
,{"stream_name":"stdout","time":2.734610429,"data":"$ git -C /kaggle/working/repo log -1 --format='repo at %h %s'\n"}
,{"stream_name":"stdout","time":2.741986161,"data":"repo at 7280d1f 4M follow-up protocol (section 7): LRU vs LSTM at 4M steps plus an LSTM arm with reset 60\n"}
,{"stream_name":"stdout","time":2.743345106,"data":"$ pip -q install gymnasium tqdm\n"}
,{"stream_name":"stdout","time":39608.943005707,"data":"wall-clock limit: stopping to save output; resume in a new session\n"}
,{"stream_name":"stdout","time":39609.117738906,"data":"session done in 11.00 h\n"}
,{"stream_name":"stderr","time":39612.147956804,"data":"/usr/local/lib/python3.13/dist-packages/mistune.py:435: SyntaxWarning: invalid escape sequence '\\|'\n"}
,{"stream_name":"stderr","time":39612.147996949,"data":"  cells[i][c] = re.sub('\\\\\\\\\\|', '|', cell)\n"}
,{"stream_name":"stderr","time":39612.538476037,"data":"/usr/local/lib/python3.13/dist-packages/nbconvert/filters/filter_links.py:36: SyntaxWarning: invalid escape sequence '\\_'\n"}
,{"stream_name":"stderr","time":39612.538508216,"data":"  text = re.sub(r'_', '\\_', text) # Escape underscores in display text\n"}
,{"stream_name":"stderr","time":39613.546572549,"data":"[NbConvertApp] Converting notebook __script__.ipynb to html\n"}
,{"stream_name":"stderr","time":39614.989710472,"data":"[NbConvertApp] Writing 274302 bytes to __results__.html\n"}
]