[{"stream_name":"stderr","time":0.923678847,"data":"Cloning into '/kaggle/working/repo'...\n"}
,{"stream_name":"stderr","time":2.700777414,"data":"Note: switching to 'd2cdd19edc10a9e956a200782b3d3ca84f8e3dba'.\n"}
,{"stream_name":"stderr","time":2.700805065,"data":"\n"}
,{"stream_name":"stderr","time":2.700810981,"data":"You are in 'detached HEAD' state. You can look around, make experimental\n"}
,{"stream_name":"stderr","time":2.700816198,"data":"changes and commit them, and you can discard any commits you make in this\n"}
,{"stream_name":"stderr","time":2.700820983,"data":"state without impacting any branches by switching back to a branch.\n"}
,{"stream_name":"stderr","time":2.70082577,"data":"\n"}
,{"stream_name":"stderr","time":2.700830054,"data":"If you want to create a new branch to retain commits you create, you may\n"}
,{"stream_name":"stderr","time":2.700834451,"data":"do so (now or later) by using -c with the switch command. Example:\n"}
,{"stream_name":"stderr","time":2.700838541,"data":"\n"}
,{"stream_name":"stderr","time":2.7008425799999998,"data":"  git switch -c \u003cnew-branch-name\u003e\n"}
,{"stream_name":"stderr","time":2.700847443,"data":"\n"}
,{"stream_name":"stderr","time":2.700852362,"data":"Or undo this operation with:\n"}
,{"stream_name":"stderr","time":2.7008568090000002,"data":"\n"}
,{"stream_name":"stderr","time":2.70086076,"data":"  git switch -\n"}
,{"stream_name":"stderr","time":2.700864663,"data":"\n"}
,{"stream_name":"stderr","time":2.700868685,"data":"Turn off this advice by setting config variable advice.detachedHead to false\n"}
,{"stream_name":"stderr","time":2.700873525,"data":"\n"}
,{"stream_name":"stdout","time":2.91342341,"data":"$ nvidia-smi --query-gpu=name,memory.total --format=csv\n"}
,{"stream_name":"stderr","time":2.919650301,"data":"/bin/sh: 1: nvidia-smi: not found\n"}
,{"stream_name":"stdout","time":2.9198605349999998,"data":"$ git -C /kaggle/working/repo log -1 --format='repo at %h %s'\n"}
,{"stream_name":"stdout","time":2.9268598,"data":"repo at d2cdd19 GRU/RTU exploratory arms: protocol section 6 and Kaggle session folders (tag rl-protocol-v2)\n"}
,{"stream_name":"stdout","time":2.928076693,"data":"$ pip -q install gymnasium tqdm\n"}
,{"stream_name":"stdout","time":39609.762592535,"data":"wall-clock limit: stopping to save output; resume in a new session\n"}
,{"stream_name":"stdout","time":39609.872400947,"data":"session done in 11.00 h\n"}
,{"stream_name":"stderr","time":39612.719249109,"data":"/usr/local/lib/python3.13/dist-packages/mistune.py:435: SyntaxWarning: invalid escape sequence '\\|'\n"}
,{"stream_name":"stderr","time":39612.719303418,"data":"  cells[i][c] = re.sub('\\\\\\\\\\|', '|', cell)\n"}
,{"stream_name":"stderr","time":39613.079894964,"data":"/usr/local/lib/python3.13/dist-packages/nbconvert/filters/filter_links.py:36: SyntaxWarning: invalid escape sequence '\\_'\n"}
,{"stream_name":"stderr","time":39613.07992963,"data":"  text = re.sub(r'_', '\\_', text) # Escape underscores in display text\n"}
,{"stream_name":"stderr","time":39614.046811152,"data":"[NbConvertApp] Converting notebook __script__.ipynb to html\n"}
,{"stream_name":"stderr","time":39615.365865563,"data":"[NbConvertApp] Writing 274120 bytes to __results__.html\n"}
]