[{"stream_name":"stderr","time":0.832063739,"data":"Cloning into '/kaggle/working/repo'...\n"}
,{"stream_name":"stderr","time":2.158583516,"data":"Note: switching to 'd2cdd19edc10a9e956a200782b3d3ca84f8e3dba'.\n"}
,{"stream_name":"stderr","time":2.158612823,"data":"\n"}
,{"stream_name":"stderr","time":2.158618216,"data":"You are in 'detached HEAD' state. You can look around, make experimental\n"}
,{"stream_name":"stderr","time":2.158623622,"data":"changes and commit them, and you can discard any commits you make in this\n"}
,{"stream_name":"stderr","time":2.158628603,"data":"state without impacting any branches by switching back to a branch.\n"}
,{"stream_name":"stderr","time":2.15863351,"data":"\n"}
,{"stream_name":"stderr","time":2.15863797,"data":"If you want to create a new branch to retain commits you create, you may\n"}
,{"stream_name":"stderr","time":2.158651091,"data":"do so (now or later) by using -c with the switch command. Example:\n"}
,{"stream_name":"stderr","time":2.15865576,"data":"\n"}
,{"stream_name":"stderr","time":2.158660549,"data":"  git switch -c \u003cnew-branch-name\u003e\n"}
,{"stream_name":"stderr","time":2.158671766,"data":"\n"}
,{"stream_name":"stderr","time":2.158676335,"data":"Or undo this operation with:\n"}
,{"stream_name":"stderr","time":2.158680943,"data":"\n"}
,{"stream_name":"stderr","time":2.158685511,"data":"  git switch -\n"}
,{"stream_name":"stderr","time":2.158690318,"data":"\n"}
,{"stream_name":"stderr","time":2.158693639,"data":"Turn off this advice by setting config variable advice.detachedHead to false\n"}
,{"stream_name":"stderr","time":2.158696888,"data":"\n"}
,{"stream_name":"stdout","time":2.3844602999999998,"data":"$ nvidia-smi --query-gpu=name,memory.total --format=csv\n"}
,{"stream_name":"stderr","time":2.388947952,"data":"/bin/sh: 1: nvidia-smi: not found\n"}
,{"stream_name":"stdout","time":2.389478516,"data":"$ git -C /kaggle/working/repo log -1 --format='repo at %h %s'\n"}
,{"stream_name":"stdout","time":2.401262971,"data":"repo at d2cdd19 GRU/RTU exploratory arms: protocol section 6 and Kaggle session folders (tag rl-protocol-v2)\n"}
,{"stream_name":"stdout","time":2.404502241,"data":"$ pip -q install gymnasium tqdm\n"}
,{"stream_name":"stdout","time":39609.435944683,"data":"wall-clock limit: stopping to save output; resume in a new session\n"}
,{"stream_name":"stdout","time":39609.549059428,"data":"session done in 11.00 h\n"}
,{"stream_name":"stderr","time":39612.401017136,"data":"/usr/local/lib/python3.13/dist-packages/mistune.py:435: SyntaxWarning: invalid escape sequence '\\|'\n"}
,{"stream_name":"stderr","time":39612.401057809,"data":"  cells[i][c] = re.sub('\\\\\\\\\\|', '|', cell)\n"}
,{"stream_name":"stderr","time":39612.750639043,"data":"/usr/local/lib/python3.13/dist-packages/nbconvert/filters/filter_links.py:36: SyntaxWarning: invalid escape sequence '\\_'\n"}
,{"stream_name":"stderr","time":39612.750670619,"data":"  text = re.sub(r'_', '\\_', text) # Escape underscores in display text\n"}
,{"stream_name":"stderr","time":39613.708848054,"data":"[NbConvertApp] Converting notebook __script__.ipynb to html\n"}
,{"stream_name":"stderr","time":39615.046786595,"data":"[NbConvertApp] Writing 274120 bytes to __results__.html\n"}
]