[{"stream_name":"stderr","time":1.5669482970000002,"data":"Cloning into '/kaggle/working/repo'...\n"}
,{"stream_name":"stderr","time":3.096997352,"data":"Note: switching to '83f6b9b673444e3011af751eee045f4fc9360f62'.\n"}
,{"stream_name":"stderr","time":3.097024445,"data":"\n"}
,{"stream_name":"stderr","time":3.097029629,"data":"You are in 'detached HEAD' state. You can look around, make experimental\n"}
,{"stream_name":"stderr","time":3.097034071,"data":"changes and commit them, and you can discard any commits you make in this\n"}
,{"stream_name":"stderr","time":3.097038575,"data":"state without impacting any branches by switching back to a branch.\n"}
,{"stream_name":"stderr","time":3.097042917,"data":"\n"}
,{"stream_name":"stderr","time":3.097046864,"data":"If you want to create a new branch to retain commits you create, you may\n"}
,{"stream_name":"stderr","time":3.097051685,"data":"do so (now or later) by using -c with the switch command. Example:\n"}
,{"stream_name":"stderr","time":3.097055977,"data":"\n"}
,{"stream_name":"stderr","time":3.097059993,"data":"  git switch -c \u003cnew-branch-name\u003e\n"}
,{"stream_name":"stderr","time":3.097064716,"data":"\n"}
,{"stream_name":"stderr","time":3.0970692,"data":"Or undo this operation with:\n"}
,{"stream_name":"stderr","time":3.097073642,"data":"\n"}
,{"stream_name":"stderr","time":3.09707796,"data":"  git switch -\n"}
,{"stream_name":"stderr","time":3.097081898,"data":"\n"}
,{"stream_name":"stderr","time":3.097085984,"data":"Turn off this advice by setting config variable advice.detachedHead to false\n"}
,{"stream_name":"stderr","time":3.09709038,"data":"\n"}
,{"stream_name":"stdout","time":3.266871999,"data":"$ nvidia-smi --query-gpu=name,memory.total --format=csv\n"}
,{"stream_name":"stderr","time":3.282198112,"data":"/bin/sh: 1: nvidia-smi: not found\n"}
,{"stream_name":"stdout","time":3.282515178,"data":"$ git -C /kaggle/working/repo log -1 --format='repo at %h %s'\n"}
,{"stream_name":"stdout","time":3.28893372,"data":"repo at 83f6b9b Comparison protocol: final split, TD3_SEED, 5-seed LRU/LSTM sweep sessions, hierarchical-bootstrap compare\n"}
,{"stream_name":"stdout","time":3.289839385,"data":"$ pip -q install gymnasium tqdm\n"}
,{"stream_name":"stdout","time":12.918688588,"data":"resuming from /kaggle/input/pbr-rl-v3-lru-s3/model_data\n"}
,{"stream_name":"stdout","time":9973.175115446,"data":"session done in 2.77 h\n"}
,{"stream_name":"stderr","time":9976.600723524,"data":"/usr/local/lib/python3.12/dist-packages/mistune.py:435: SyntaxWarning: invalid escape sequence '\\|'\n"}
,{"stream_name":"stderr","time":9976.60077744,"data":"  cells[i][c] = re.sub('\\\\\\\\\\|', '|', cell)\n"}
,{"stream_name":"stderr","time":9977.166833098,"data":"/usr/local/lib/python3.12/dist-packages/nbconvert/filters/filter_links.py:36: SyntaxWarning: invalid escape sequence '\\_'\n"}
,{"stream_name":"stderr","time":9977.166872311,"data":"  text = re.sub(r'_', '\\_', text) # Escape underscores in display text\n"}
,{"stream_name":"stderr","time":9978.127349176,"data":"[NbConvertApp] Converting notebook __script__.ipynb to html\n"}
,{"stream_name":"stderr","time":9980.297937118,"data":"[NbConvertApp] Writing 274233 bytes to __results__.html\n"}
]