
==============================================================================
  SWEEP 1: REWARD MAGNITUDE AUDIT
==============================================================================
  Scripted expert, D2, 10 episodes, 72,000 per-step reward samples:
    mean=0.1494  std=0.0160  min=0.0900  max=0.6429
    p1=0.1314  p99=0.1618
  Per-episode term-sum means (7200-step episode): {'od': 996.6561925095327, 'biomass': 9.886187365067205, 'od_delta': 66.21603930324315, 'harvest': 3.1218184433681926}

  Crash/extinction penalty: -100.0
    vs typical per-step reward (mean 0.1494): 669x
    vs best single-step reward observed (0.6429): 156x
    vs worst NON-crash single-step reward (p1=0.1314): 761x

  GAMMA=0.9995 -> effective bootstrap horizon ~2,000 steps.
  A single -100 crash penalty, discounted back 2,000 steps at this gamma, is still visible in a Q-target the whole way (gamma^2000=0.368 of its value survives at the horizon edge) -- meaning a SEQ_LEN=60 truncated-BPTT training window landing anywhere near a crash step bootstraps against a Q-target dominated by that single outlier, not the dense per-step signal.

==============================================================================
  SWEEP 2: CRASH RATE BY INITIAL-POPULATION BUCKET x DIFFICULTY
==============================================================================
  8 episodes per (bucket, difficulty, policy) cell

  bucket            D  expert crash%   random crash%   
  low (100-400)     0  0               12              
  low (100-400)     1  0               0               
  low (100-400)     2  0               12              
  mid (600-1500)    0  0               0               
  mid (600-1500)    1  0               0               
  mid (600-1500)    2  0               0               
  high (2000-5000)  0  0               0               
  high (2000-5000)  1  0               0               
  high (2000-5000)  2  0               0               

==============================================================================
  SWEEP 3: HARVEST-FRACTION CRASH BOUNDARY (fixed frac all episode, D2)
==============================================================================
  5 seeds per fraction, init_cells=300, stir=70, light=950

  frac    crash%    median_harvest_mg   median_time_avg_od  
  0.00    0         0.0                 0.0583              
  0.05    0         89.6                0.0412              
  0.10    0         115.5               0.0246              
  0.15    0         141.2               0.0164              
  0.20    0         110.5               0.0077              
  0.25    0         101.4               0.0048              
  0.30    0         102.8               0.0032              
  0.35    0         94.9                0.0019              
  0.40    0         71.6                0.0007              
  0.45    80        65.9                0.0004              
  0.50    100       64.5                0.0004              

Done.
