[{"stream_name":"stderr","time":0.823841048,"data":"Cloning into '/kaggle/working/repo'...\n"}
,{"stream_name":"stderr","time":2.433021573,"data":"Note: switching to '7280d1fb19fd0f1299eed47ffafb711328de4243'.\n"}
,{"stream_name":"stderr","time":2.433055335,"data":"\n"}
,{"stream_name":"stderr","time":2.433061745,"data":"You are in 'detached HEAD' state. You can look around, make experimental\n"}
,{"stream_name":"stderr","time":2.433067023,"data":"changes and commit them, and you can discard any commits you make in this\n"}
,{"stream_name":"stderr","time":2.433072491,"data":"state without impacting any branches by switching back to a branch.\n"}
,{"stream_name":"stderr","time":2.433076051,"data":"\n"}
,{"stream_name":"stderr","time":2.433078851,"data":"If you want to create a new branch to retain commits you create, you may\n"}
,{"stream_name":"stderr","time":2.433081998,"data":"do so (now or later) by using -c with the switch command. Example:\n"}
,{"stream_name":"stderr","time":2.433084954,"data":"\n"}
,{"stream_name":"stderr","time":2.433088077,"data":"  git switch -c \u003cnew-branch-name\u003e\n"}
,{"stream_name":"stderr","time":2.433093326,"data":"\n"}
,{"stream_name":"stderr","time":2.4330976460000002,"data":"Or undo this operation with:\n"}
,{"stream_name":"stderr","time":2.433101846,"data":"\n"}
,{"stream_name":"stderr","time":2.433105621,"data":"  git switch -\n"}
,{"stream_name":"stderr","time":2.433109745,"data":"\n"}
,{"stream_name":"stderr","time":2.433113633,"data":"Turn off this advice by setting config variable advice.detachedHead to false\n"}
,{"stream_name":"stderr","time":2.433118025,"data":"\n"}
,{"stream_name":"stdout","time":2.665112457,"data":"$ nvidia-smi --query-gpu=name,memory.total --format=csv\n"}
,{"stream_name":"stderr","time":2.670861495,"data":"/bin/sh: 1: nvidia-smi: not found\n"}
,{"stream_name":"stdout","time":2.671079649,"data":"$ git -C /kaggle/working/repo log -1 --format='repo at %h %s'\n"}
,{"stream_name":"stdout","time":2.677761151,"data":"repo at 7280d1f 4M follow-up protocol (section 7): LRU vs LSTM at 4M steps plus an LSTM arm with reset 60\n"}
,{"stream_name":"stdout","time":2.679110514,"data":"$ pip -q install gymnasium tqdm\n"}
,{"stream_name":"stdout","time":39609.093099646,"data":"wall-clock limit: stopping to save output; resume in a new session\n"}
,{"stream_name":"stdout","time":39609.235011064,"data":"session done in 11.00 h\n"}
,{"stream_name":"stderr","time":39612.080674003,"data":"/usr/local/lib/python3.13/dist-packages/mistune.py:435: SyntaxWarning: invalid escape sequence '\\|'\n"}
,{"stream_name":"stderr","time":39612.08071214,"data":"  cells[i][c] = re.sub('\\\\\\\\\\|', '|', cell)\n"}
,{"stream_name":"stderr","time":39612.430627101,"data":"/usr/local/lib/python3.13/dist-packages/nbconvert/filters/filter_links.py:36: SyntaxWarning: invalid escape sequence '\\_'\n"}
,{"stream_name":"stderr","time":39612.430660449,"data":"  text = re.sub(r'_', '\\_', text) # Escape underscores in display text\n"}
,{"stream_name":"stderr","time":39613.37303638,"data":"[NbConvertApp] Converting notebook __script__.ipynb to html\n"}
,{"stream_name":"stderr","time":39614.678932843,"data":"[NbConvertApp] Writing 274302 bytes to __results__.html\n"}
]