--- TD3 (Twin Delayed DDPG) for GeneticPhotobioreactorEnv ---
Device: cpu | obs_dim=6 action_dim=3 | gamma=0.9995
Budget: 2,000,000 steps | Gate: project dual (stochastic + deterministic)
Hidden reset every 60 steps | SEQ_LEN=60
Demo replay: 24 scripted-expert episodes, 25% of every training batch, never evicted

  [RESUME] step=1,300,000 D0 online_buffer=223 episodes
  Collecting 24 scripted-expert demonstration episodes (mix {0: 0.4, 1: 0.4, 2: 0.2})...
    demo  1/24  D1  harvested=16472.0mg  time_avg_od=0.7819
    demo  2/24  D0  harvested=14967.6mg  time_avg_od=0.7864
    demo  3/24  D1  harvested= 9512.9mg  time_avg_od=0.7553
    demo  4/24  D2  harvested=14604.8mg  time_avg_od=0.7570
    demo  5/24  D2  harvested=11221.2mg  time_avg_od=0.7856
    demo  6/24  D0  harvested= 8095.5mg  time_avg_od=0.7287
    demo  7/24  D0  harvested=13141.0mg  time_avg_od=0.7440
    demo  8/24  D0  harvested=11349.5mg  time_avg_od=0.7505
    demo  9/24  D1  harvested=10279.9mg  time_avg_od=0.7492
    demo 10/24  D2  harvested=10827.1mg  time_avg_od=0.7718
    demo 11/24  D1  harvested= 7152.9mg  time_avg_od=0.7281
    demo 12/24  D1  harvested=13293.8mg  time_avg_od=0.7818
    demo 13/24  D1  harvested=13952.5mg  time_avg_od=0.8265
    demo 14/24  D0  harvested= 8316.6mg  time_avg_od=0.7313
    demo 15/24  D1  harvested=13704.1mg  time_avg_od=0.7669
    demo 16/24  D2  harvested= 9602.2mg  time_avg_od=0.7217
    demo 17/24  D0  harvested=13990.4mg  time_avg_od=0.7773
    demo 18/24  D0  harvested=12074.7mg  time_avg_od=0.7931
    demo 19/24  D0  harvested=11215.9mg  time_avg_od=0.7621
    demo 20/24  D1  harvested=12993.9mg  time_avg_od=0.7592
    demo 21/24  D1  harvested=10273.4mg  time_avg_od=0.7645
    demo 22/24  D1  harvested=11451.0mg  time_avg_od=0.7313
    demo 23/24  D0  harvested=13399.0mg  time_avg_od=0.7488
    demo 24/24  D0  harvested=13973.0mg  time_avg_od=0.8555

[Chunk] train_diff=D0 | mastery_diff=D0 | init=276 | steps=100,000

  [Stoch] D0 cvar10_harvest=1683.4
  [Det] eps=8 harvest_mg=14961.7 p25=6093.9 time_avg_od=0.1355 crash=44.4%
  [Det/bucket] 120:1911*  250:4333*  380:6681*  700:11008  1100:18915  1500:24781  2500:40732  4000:58407  45:623*
  [Det/window] full-episode median=14961.7  back-half median=2694.3  back-half share=18%
  Curriculum hold D0 | chunk_eps=15 eps=40 harvest_mg=2887.5 p25=2215.9 time_avg_od=0.0397 crash=57.50% adv=0/2 dem=0/2 capfail=10/12

[Chunk] train_diff=D0 | mastery_diff=D0 | init=633 | steps=100,000

  [Stoch] D0 cvar10_harvest=1852.7
  [Det] eps=8 harvest_mg=15724.8 p25=9871.9 time_avg_od=0.9431 crash=33.3%
  [Det/bucket] 120:1967*  250:4442*  380:13337  700:11682  1100:18278  1500:18112  2500:23173  4000:32788  45:598*
  [Det/window] full-episode median=15724.8  back-half median=7275.7  back-half share=46%
  Curriculum hold D0 | chunk_eps=15 eps=40 harvest_mg=4421.8 p25=2414.9 time_avg_od=0.0475 crash=55.00% adv=0/2 dem=0/2 capfail=11/12

[Chunk] train_diff=D0 | mastery_diff=D0 | init=1,302 | steps=100,000

  [Stoch] D0 cvar10_harvest=1628.8
  [Det] eps=8 harvest_mg=14537.2 p25=6061.3 time_avg_od=0.5013 crash=33.3%
  [Det/bucket] 120:1929*  250:4493*  380:6584  700:10756  1100:18318  1500:19533  2500:26297  4000:34440  45:625*
  [Det/window] full-episode median=14537.2  back-half median=6310.3  back-half share=43%
  [CAPABILITY ABORT] deterministic gate failed 12 consecutive chunks at D0 (crash rate 66.67%) — no tier to demote to, stopping run.
  Curriculum hold D0 | chunk_eps=17 eps=39 harvest_mg=4400.2 p25=2466.2 time_avg_od=0.0417 crash=66.67% adv=0/2 dem=0/2 capfail=12/12

  [EARLY STOP] D0 capability-abort triggered — see log above.

--- Training Complete. Final model saved. ---
