[{"stream_name":"stderr","time":0.792455524,"data":"Cloning into '/kaggle/working/repo'...\n"}
,{"stream_name":"stderr","time":2.24875763,"data":"Note: switching to 'd2cdd19edc10a9e956a200782b3d3ca84f8e3dba'.\n"}
,{"stream_name":"stderr","time":2.248791763,"data":"\n"}
,{"stream_name":"stderr","time":2.248796524,"data":"You are in 'detached HEAD' state. You can look around, make experimental\n"}
,{"stream_name":"stderr","time":2.248800587,"data":"changes and commit them, and you can discard any commits you make in this\n"}
,{"stream_name":"stderr","time":2.24880443,"data":"state without impacting any branches by switching back to a branch.\n"}
,{"stream_name":"stderr","time":2.24880816,"data":"\n"}
,{"stream_name":"stderr","time":2.248812529,"data":"If you want to create a new branch to retain commits you create, you may\n"}
,{"stream_name":"stderr","time":2.24881662,"data":"do so (now or later) by using -c with the switch command. Example:\n"}
,{"stream_name":"stderr","time":2.248820844,"data":"\n"}
,{"stream_name":"stderr","time":2.248824448,"data":"  git switch -c \u003cnew-branch-name\u003e\n"}
,{"stream_name":"stderr","time":2.248828789,"data":"\n"}
,{"stream_name":"stderr","time":2.248831744,"data":"Or undo this operation with:\n"}
,{"stream_name":"stderr","time":2.248834143,"data":"\n"}
,{"stream_name":"stderr","time":2.2488364770000002,"data":"  git switch -\n"}
,{"stream_name":"stderr","time":2.248838811,"data":"\n"}
,{"stream_name":"stderr","time":2.248841094,"data":"Turn off this advice by setting config variable advice.detachedHead to false\n"}
,{"stream_name":"stderr","time":2.24884387,"data":"\n"}
,{"stream_name":"stdout","time":2.427865619,"data":"$ nvidia-smi --query-gpu=name,memory.total --format=csv\n"}
,{"stream_name":"stderr","time":2.434220383,"data":"/bin/sh: 1: nvidia-smi: not found\n"}
,{"stream_name":"stdout","time":2.4344149760000002,"data":"$ git -C /kaggle/working/repo log -1 --format='repo at %h %s'\n"}
,{"stream_name":"stdout","time":2.441032504,"data":"repo at d2cdd19 GRU/RTU exploratory arms: protocol section 6 and Kaggle session folders (tag rl-protocol-v2)\n"}
,{"stream_name":"stdout","time":2.442126121,"data":"$ pip -q install gymnasium tqdm\n"}
,{"stream_name":"stdout","time":39608.509907479,"data":"wall-clock limit: stopping to save output; resume in a new session\n"}
,{"stream_name":"stdout","time":39608.702090912,"data":"session done in 11.00 h\n"}
,{"stream_name":"stderr","time":39611.378849823,"data":"/usr/local/lib/python3.13/dist-packages/mistune.py:435: SyntaxWarning: invalid escape sequence '\\|'\n"}
,{"stream_name":"stderr","time":39611.37888619,"data":"  cells[i][c] = re.sub('\\\\\\\\\\|', '|', cell)\n"}
,{"stream_name":"stderr","time":39611.735667469,"data":"/usr/local/lib/python3.13/dist-packages/nbconvert/filters/filter_links.py:36: SyntaxWarning: invalid escape sequence '\\_'\n"}
,{"stream_name":"stderr","time":39611.735699863,"data":"  text = re.sub(r'_', '\\_', text) # Escape underscores in display text\n"}
,{"stream_name":"stderr","time":39612.651866649,"data":"[NbConvertApp] Converting notebook __script__.ipynb to html\n"}
,{"stream_name":"stderr","time":39614.006752773,"data":"[NbConvertApp] Writing 274120 bytes to __results__.html\n"}
]