[{"stream_name":"stderr","time":0.817520372,"data":"Cloning into '/kaggle/working/repo'...\n"}
,{"stream_name":"stderr","time":2.595517901,"data":"Note: switching to 'd2cdd19edc10a9e956a200782b3d3ca84f8e3dba'.\n"}
,{"stream_name":"stderr","time":2.595545701,"data":"\n"}
,{"stream_name":"stderr","time":2.595550121,"data":"You are in 'detached HEAD' state. You can look around, make experimental\n"}
,{"stream_name":"stderr","time":2.595553631,"data":"changes and commit them, and you can discard any commits you make in this\n"}
,{"stream_name":"stderr","time":2.595556991,"data":"state without impacting any branches by switching back to a branch.\n"}
,{"stream_name":"stderr","time":2.595560711,"data":"\n"}
,{"stream_name":"stderr","time":2.5955636909999997,"data":"If you want to create a new branch to retain commits you create, you may\n"}
,{"stream_name":"stderr","time":2.595567021,"data":"do so (now or later) by using -c with the switch command. Example:\n"}
,{"stream_name":"stderr","time":2.595569791,"data":"\n"}
,{"stream_name":"stderr","time":2.595572531,"data":"  git switch -c \u003cnew-branch-name\u003e\n"}
,{"stream_name":"stderr","time":2.595575871,"data":"\n"}
,{"stream_name":"stderr","time":2.595578811,"data":"Or undo this operation with:\n"}
,{"stream_name":"stderr","time":2.595581931,"data":"\n"}
,{"stream_name":"stderr","time":2.595583761,"data":"  git switch -\n"}
,{"stream_name":"stderr","time":2.595585601,"data":"\n"}
,{"stream_name":"stderr","time":2.595587451,"data":"Turn off this advice by setting config variable advice.detachedHead to false\n"}
,{"stream_name":"stderr","time":2.595589441,"data":"\n"}
,{"stream_name":"stdout","time":2.756733232,"data":"$ nvidia-smi --query-gpu=name,memory.total --format=csv\n"}
,{"stream_name":"stderr","time":2.7638354659999997,"data":"/bin/sh: 1: nvidia-smi: not found\n"}
,{"stream_name":"stdout","time":2.764075606,"data":"$ git -C /kaggle/working/repo log -1 --format='repo at %h %s'\n"}
,{"stream_name":"stdout","time":2.77058751,"data":"repo at d2cdd19 GRU/RTU exploratory arms: protocol section 6 and Kaggle session folders (tag rl-protocol-v2)\n"}
,{"stream_name":"stdout","time":2.7718978290000003,"data":"$ pip -q install gymnasium tqdm\n"}
,{"stream_name":"stdout","time":9.637397417,"data":"resuming from /kaggle/input/pbr-rl-v3-gru-s5/model_data\n"}
,{"stream_name":"stdout","time":39609.848224353,"data":"wall-clock limit: stopping to save output; resume in a new session\n"}
,{"stream_name":"stdout","time":39610.085043615,"data":"session done in 11.00 h\n"}
,{"stream_name":"stderr","time":39612.282583266,"data":"/usr/local/lib/python3.13/dist-packages/mistune.py:435: SyntaxWarning: invalid escape sequence '\\|'\n"}
,{"stream_name":"stderr","time":39612.282623026,"data":"  cells[i][c] = re.sub('\\\\\\\\\\|', '|', cell)\n"}
,{"stream_name":"stderr","time":39612.612143529,"data":"/usr/local/lib/python3.13/dist-packages/nbconvert/filters/filter_links.py:36: SyntaxWarning: invalid escape sequence '\\_'\n"}
,{"stream_name":"stderr","time":39612.612178209,"data":"  text = re.sub(r'_', '\\_', text) # Escape underscores in display text\n"}
,{"stream_name":"stderr","time":39613.360588407,"data":"[NbConvertApp] Converting notebook __script__.ipynb to html\n"}
,{"stream_name":"stderr","time":39614.362086896,"data":"[NbConvertApp] Writing 274120 bytes to __results__.html\n"}
]