[{"stream_name":"stderr","time":0.68991602,"data":"Cloning into '/kaggle/working/repo'...\n"}
,{"stream_name":"stderr","time":2.288009652,"data":"Note: switching to 'd2cdd19edc10a9e956a200782b3d3ca84f8e3dba'.\n"}
,{"stream_name":"stderr","time":2.2880359820000002,"data":"\n"}
,{"stream_name":"stderr","time":2.288039952,"data":"You are in 'detached HEAD' state. You can look around, make experimental\n"}
,{"stream_name":"stderr","time":2.2880432219999998,"data":"changes and commit them, and you can discard any commits you make in this\n"}
,{"stream_name":"stderr","time":2.288046472,"data":"state without impacting any branches by switching back to a branch.\n"}
,{"stream_name":"stderr","time":2.288049352,"data":"\n"}
,{"stream_name":"stderr","time":2.288052122,"data":"If you want to create a new branch to retain commits you create, you may\n"}
,{"stream_name":"stderr","time":2.288055111,"data":"do so (now or later) by using -c with the switch command. Example:\n"}
,{"stream_name":"stderr","time":2.288058022,"data":"\n"}
,{"stream_name":"stderr","time":2.288060771,"data":"  git switch -c \u003cnew-branch-name\u003e\n"}
,{"stream_name":"stderr","time":2.288063942,"data":"\n"}
,{"stream_name":"stderr","time":2.288066722,"data":"Or undo this operation with:\n"}
,{"stream_name":"stderr","time":2.288069631,"data":"\n"}
,{"stream_name":"stderr","time":2.288072671,"data":"  git switch -\n"}
,{"stream_name":"stderr","time":2.288075591,"data":"\n"}
,{"stream_name":"stderr","time":2.288078942,"data":"Turn off this advice by setting config variable advice.detachedHead to false\n"}
,{"stream_name":"stderr","time":2.288080891,"data":"\n"}
,{"stream_name":"stdout","time":2.430049013,"data":"$ nvidia-smi --query-gpu=name,memory.total --format=csv\n"}
,{"stream_name":"stderr","time":2.435785773,"data":"/bin/sh: 1: nvidia-smi: not found\n"}
,{"stream_name":"stdout","time":2.436029123,"data":"$ git -C /kaggle/working/repo log -1 --format='repo at %h %s'\n"}
,{"stream_name":"stdout","time":2.441255302,"data":"repo at d2cdd19 GRU/RTU exploratory arms: protocol section 6 and Kaggle session folders (tag rl-protocol-v2)\n"}
,{"stream_name":"stdout","time":2.442345522,"data":"$ pip -q install gymnasium tqdm\n"}
,{"stream_name":"stdout","time":8.198204768,"data":"resuming from /kaggle/input/pbr-rl-v3-rtu-s1/model_data\n"}
,{"stream_name":"stdout","time":39608.411741453,"data":"wall-clock limit: stopping to save output; resume in a new session\n"}
,{"stream_name":"stdout","time":39608.580466366,"data":"session done in 11.00 h\n"}
,{"stream_name":"stderr","time":39610.582073271,"data":"/usr/local/lib/python3.13/dist-packages/mistune.py:435: SyntaxWarning: invalid escape sequence '\\|'\n"}
,{"stream_name":"stderr","time":39610.582106661,"data":"  cells[i][c] = re.sub('\\\\\\\\\\|', '|', cell)\n"}
,{"stream_name":"stderr","time":39610.88631411,"data":"/usr/local/lib/python3.13/dist-packages/nbconvert/filters/filter_links.py:36: SyntaxWarning: invalid escape sequence '\\_'\n"}
,{"stream_name":"stderr","time":39610.88633876,"data":"  text = re.sub(r'_', '\\_', text) # Escape underscores in display text\n"}
,{"stream_name":"stderr","time":39611.605346037,"data":"[NbConvertApp] Converting notebook __script__.ipynb to html\n"}
,{"stream_name":"stderr","time":39612.603230885,"data":"[NbConvertApp] Writing 274120 bytes to __results__.html\n"}
]