[{"stream_name":"stderr","time":0.952875893,"data":"Cloning into '/kaggle/working/repo'...\n"}
,{"stream_name":"stderr","time":2.512883659,"data":"Note: switching to '7280d1fb19fd0f1299eed47ffafb711328de4243'.\n"}
,{"stream_name":"stderr","time":2.512914285,"data":"\n"}
,{"stream_name":"stderr","time":2.5129182759999997,"data":"You are in 'detached HEAD' state. You can look around, make experimental\n"}
,{"stream_name":"stderr","time":2.5129216789999997,"data":"changes and commit them, and you can discard any commits you make in this\n"}
,{"stream_name":"stderr","time":2.512924772,"data":"state without impacting any branches by switching back to a branch.\n"}
,{"stream_name":"stderr","time":2.512927962,"data":"\n"}
,{"stream_name":"stderr","time":2.512930879,"data":"If you want to create a new branch to retain commits you create, you may\n"}
,{"stream_name":"stderr","time":2.512933872,"data":"do so (now or later) by using -c with the switch command. Example:\n"}
,{"stream_name":"stderr","time":2.5129368850000002,"data":"\n"}
,{"stream_name":"stderr","time":2.512940629,"data":"  git switch -c \u003cnew-branch-name\u003e\n"}
,{"stream_name":"stderr","time":2.5129457459999998,"data":"\n"}
,{"stream_name":"stderr","time":2.512950175,"data":"Or undo this operation with:\n"}
,{"stream_name":"stderr","time":2.512954815,"data":"\n"}
,{"stream_name":"stderr","time":2.512959341,"data":"  git switch -\n"}
,{"stream_name":"stderr","time":2.512963934,"data":"\n"}
,{"stream_name":"stderr","time":2.512968252,"data":"Turn off this advice by setting config variable advice.detachedHead to false\n"}
,{"stream_name":"stderr","time":2.512973042,"data":"\n"}
,{"stream_name":"stdout","time":2.753826566,"data":"$ nvidia-smi --query-gpu=name,memory.total --format=csv\n"}
,{"stream_name":"stderr","time":2.760712279,"data":"/bin/sh: 1: nvidia-smi: not found\n"}
,{"stream_name":"stdout","time":2.76109119,"data":"$ git -C /kaggle/working/repo log -1 --format='repo at %h %s'\n"}
,{"stream_name":"stdout","time":2.769084055,"data":"repo at 7280d1f 4M follow-up protocol (section 7): LRU vs LSTM at 4M steps plus an LSTM arm with reset 60\n"}
,{"stream_name":"stdout","time":2.77081671,"data":"$ pip -q install gymnasium tqdm\n"}
,{"stream_name":"stdout","time":12.406044525,"data":"resuming from /kaggle/input/pbr-rl-4m-lstm60-s3/model_data\n"}
,{"stream_name":"stdout","time":39612.659455719,"data":"wall-clock limit: stopping to save output; resume in a new session\n"}
,{"stream_name":"stdout","time":39613.321483211,"data":"session done in 11.00 h\n"}
,{"stream_name":"stderr","time":39616.417943095,"data":"/usr/local/lib/python3.13/dist-packages/mistune.py:435: SyntaxWarning: invalid escape sequence '\\|'\n"}
,{"stream_name":"stderr","time":39616.417989835,"data":"  cells[i][c] = re.sub('\\\\\\\\\\|', '|', cell)\n"}
,{"stream_name":"stderr","time":39616.921377265,"data":"/usr/local/lib/python3.13/dist-packages/nbconvert/filters/filter_links.py:36: SyntaxWarning: invalid escape sequence '\\_'\n"}
,{"stream_name":"stderr","time":39616.921425816,"data":"  text = re.sub(r'_', '\\_', text) # Escape underscores in display text\n"}
,{"stream_name":"stderr","time":39618.034989255,"data":"[NbConvertApp] Converting notebook __script__.ipynb to html\n"}
,{"stream_name":"stderr","time":39619.803895844,"data":"[NbConvertApp] Writing 274302 bytes to __results__.html\n"}
]