--- TD3 (Twin Delayed DDPG) for GeneticPhotobioreactorEnv ---
Device: cpu | obs_dim=6 action_dim=3 | gamma=0.9995
Budget: 4,000,000 steps | Gate: project dual (stochastic + deterministic)
Hidden reset every 60 steps | SEQ_LEN=60
Demo replay: 24 scripted-expert episodes, 25% of every training batch, never evicted

  [RESUME] step=2,000,000 D1 online_buffer=286 episodes
  Collecting 24 scripted-expert demonstration episodes (mix {0: 0.4, 1: 0.4, 2: 0.2})...
    demo  1/24  D1  harvested=13756.7mg  time_avg_od=0.7989
    demo  2/24  D0  harvested=16518.3mg  time_avg_od=0.7943
    demo  3/24  D1  harvested=14032.5mg  time_avg_od=0.7575
    demo  4/24  D2  harvested=10120.5mg  time_avg_od=0.7734
    demo  5/24  D2  harvested=10238.2mg  time_avg_od=0.7752
    demo  6/24  D0  harvested=10064.0mg  time_avg_od=0.7402
    demo  7/24  D0  harvested=12845.8mg  time_avg_od=0.7446
    demo  8/24  D0  harvested=13878.2mg  time_avg_od=0.7566
    demo  9/24  D1  harvested=14179.3mg  time_avg_od=0.7488
    demo 10/24  D2  harvested=17078.0mg  time_avg_od=0.7780
    demo 11/24  D1  harvested= 8562.8mg  time_avg_od=0.7374
    demo 12/24  D1  harvested=12284.8mg  time_avg_od=0.7893
    demo 13/24  D1  harvested=15545.8mg  time_avg_od=0.8270
    demo 14/24  D0  harvested=11150.2mg  time_avg_od=0.7355
    demo 15/24  D1  harvested=11685.4mg  time_avg_od=0.7806
    demo 16/24  D2  harvested= 8632.5mg  time_avg_od=0.7319
    demo 17/24  D0  harvested=11069.6mg  time_avg_od=0.7884
    demo 18/24  D0  harvested=13986.2mg  time_avg_od=0.7977
    demo 19/24  D0  harvested=10264.6mg  time_avg_od=0.7533
    demo 20/24  D1  harvested=12565.9mg  time_avg_od=0.7354
    demo 21/24  D1  harvested=14125.2mg  time_avg_od=0.7714
    demo 22/24  D1  harvested= 8227.4mg  time_avg_od=0.7182
    demo 23/24  D0  harvested=14012.5mg  time_avg_od=0.7700
    demo 24/24  D0  harvested=19121.6mg  time_avg_od=0.8742

[Chunk] train_diff=D1 | mastery_diff=D1 | init=917 | steps=100,000

  [Stoch] D1 cvar10_harvest=1850.7
  [Det] eps=8 harvest_mg=6183.0 p25=4548.5 time_avg_od=3.6285 crash=22.2%
  [Det/bucket] 120:2322*  250:6023  380:8334  700:2387  1100:5269  1500:6343  2500:8983  4000:12032  45:673*
  [Det/window] full-episode median=6183.0  back-half median=3442.4  back-half share=56%
  Curriculum hold D1 | chunk_eps=13 eps=38 harvest_mg=14669.3 p25=5421.5 time_avg_od=0.5497 crash=0.00% adv=0/2 dem=0/2 capfail=5/12

[Chunk] train_diff=D1 | mastery_diff=D1 | init=1,211 | steps=100,000

  [Stoch] D1 cvar10_harvest=1880.9
  [Det] eps=8 harvest_mg=4007.6 p25=1593.6 time_avg_od=3.0233 crash=0.0%
  [Det/bucket] 120:590  250:1199  380:1725  700:2668  1100:5348  1500:6240  2500:12005  4000:17697  45:594
  [Det/window] full-episode median=4007.6  back-half median=2608.5  back-half share=65%
  Curriculum hold D1 | chunk_eps=13 eps=37 harvest_mg=8002.7 p25=4406.8 time_avg_od=0.5781 crash=0.00% adv=0/2 dem=0/2 capfail=6/12

[Chunk] train_diff=D1 | mastery_diff=D1 | init=113 | steps=100,000

  [Stoch] D1 cvar10_harvest=1355.1
  [Det] eps=8 harvest_mg=4970.5 p25=2793.6 time_avg_od=3.5312 crash=0.0%
  [Det/bucket] 120:3576  250:2077  380:2520  700:2885  1100:6365  1500:7836  2500:12082  4000:14923  45:149
  [Det/window] full-episode median=4970.5  back-half median=3964.5  back-half share=80%
  Curriculum hold D1 | chunk_eps=13 eps=33 harvest_mg=4805.8 p25=3182.4 time_avg_od=2.1898 crash=0.00% adv=0/2 dem=0/2 capfail=7/12

[Chunk] train_diff=D0 | mastery_diff=D1 | init=190 | steps=100,000

  [Stoch] D1 cvar10_harvest=1355.1
  [Det] eps=8 harvest_mg=10110.4 p25=3542.2 time_avg_od=2.7790 crash=0.0%
  [Det/bucket] 120:3130  250:3238  380:3644  700:7347  1100:12873  1500:14719  2500:28059  4000:52127  45:256
  [Det/window] full-episode median=10110.4  back-half median=6270.7  back-half share=62%
  Curriculum hold D1 | chunk_eps=13 eps=33 harvest_mg=4805.8 p25=3182.4 time_avg_od=2.1898 crash=0.00% adv=0/2 dem=0/2 capfail=0/12

[Chunk] train_diff=D1 | mastery_diff=D1 | init=605 | steps=100,000

  [Stoch] D1 cvar10_harvest=1355.1
  [Det] eps=8 harvest_mg=9985.5 p25=5256.0 time_avg_od=1.9606 crash=11.1%
  [Det/bucket] 120:2371  250:5202  380:5274  700:7066  1100:12905  1500:15136  2500:23931  4000:59159  45:668*
  [Det/window] full-episode median=9985.5  back-half median=5837.8  back-half share=58%
  Curriculum hold D1 | chunk_eps=13 eps=33 harvest_mg=6086.1 p25=3525.3 time_avg_od=2.9816 crash=0.00% adv=0/2 dem=0/2 capfail=1/12

[Chunk] train_diff=D0 | mastery_diff=D1 | init=122 | steps=100,000

  [Stoch] D1 cvar10_harvest=1355.1
  [Det] eps=8 harvest_mg=15165.0 p25=6713.3 time_avg_od=0.4126 crash=55.6%
  [Det/bucket] 120:2199*  250:4723*  380:7377*  700:13166*  1100:17164  1500:20631  2500:37942  4000:60010  45:602*
  [Det/window] full-episode median=15165.0  back-half median=6133.7  back-half share=40%
  Curriculum hold D1 | chunk_eps=14 eps=33 harvest_mg=6086.1 p25=3525.3 time_avg_od=2.9816 crash=0.00% adv=0/2 dem=0/2 capfail=2/12

[Chunk] train_diff=D1 | mastery_diff=D1 | init=195 | steps=100,000

  [Stoch] D1 cvar10_harvest=1318.0
  [Det] eps=8 harvest_mg=16863.4 p25=6340.3 time_avg_od=0.3079 crash=44.4%
  [Det/bucket] 120:2377*  250:4913*  380:6816*  700:11976  1100:21808  1500:21751  2500:34674  4000:62616  45:673*
  [Det/window] full-episode median=16863.4  back-half median=6411.1  back-half share=38%
  Curriculum hold D1 | chunk_eps=14 eps=33 harvest_mg=11417.1 p25=4330.8 time_avg_od=2.1491 crash=3.03% adv=0/2 dem=0/2 capfail=3/12

[Chunk] train_diff=D1 | mastery_diff=D1 | init=3,000 | steps=100,000

  [Stoch] D1 cvar10_harvest=2187.6
  [Det] eps=8 harvest_mg=16818.3 p25=6110.5 time_avg_od=0.1249 crash=55.6%
  [Det/bucket] 120:2020*  250:4328*  380:6705*  700:11376*  1100:22260  1500:33081  2500:37801  4000:60873  45:671*
  [Det/window] full-episode median=16818.3  back-half median=2961.0  back-half share=18%
  Curriculum hold D1 | chunk_eps=14 eps=32 harvest_mg=14817.6 p25=7050.1 time_avg_od=0.1562 crash=9.38% adv=0/2 dem=0/2 capfail=4/12

[Chunk] train_diff=D0 | mastery_diff=D1 | init=110 | steps=100,000

  [Stoch] D1 cvar10_harvest=2187.6
  [Det] eps=8 harvest_mg=16160.7 p25=6320.2 time_avg_od=0.0964 crash=33.3%
  [Det/bucket] 120:2257  250:4720*  380:6854  700:11556*  1100:20766  1500:28653  2500:46847  4000:58626  45:689*
  [Det/window] full-episode median=16160.7  back-half median=2033.6  back-half share=13%
  Curriculum hold D1 | chunk_eps=17 eps=32 harvest_mg=14817.6 p25=7050.1 time_avg_od=0.1562 crash=9.38% adv=0/2 dem=0/2 capfail=5/12

[Chunk] train_diff=D0 | mastery_diff=D1 | init=353 | steps=100,000

  [Stoch] D1 cvar10_harvest=2187.6
  [Det] eps=8 harvest_mg=15372.7 p25=6473.1 time_avg_od=0.1187 crash=11.1%
  [Det/bucket] 120:2518  250:4904  380:6996  700:11385  1100:19360  1500:25368  2500:41104  4000:57470  45:828*
  [Det/window] full-episode median=15372.7  back-half median=1528.8  back-half share=10%
  Curriculum hold D1 | chunk_eps=16 eps=32 harvest_mg=14817.6 p25=7050.1 time_avg_od=0.1562 crash=9.38% adv=0/2 dem=0/2 capfail=6/12

[Chunk] train_diff=D1 | mastery_diff=D1 | init=217 | steps=100,000

  [Stoch] D1 cvar10_harvest=2094.3
  [Det] eps=8 harvest_mg=15322.7 p25=6456.8 time_avg_od=0.1140 crash=22.2%
  [Det/bucket] 120:2257*  250:4953  380:6958  700:11350  1100:19295  1500:25380  2500:41474  4000:58075  45:753*
  [Det/window] full-episode median=15322.7  back-half median=1440.2  back-half share=9%
  Curriculum hold D1 | chunk_eps=14 eps=31 harvest_mg=13416.1 p25=4328.1 time_avg_od=0.1148 crash=9.68% adv=0/2 dem=0/2 capfail=7/12

[Chunk] train_diff=D0 | mastery_diff=D1 | init=3,000 | steps=100,000

  [Stoch] D1 cvar10_harvest=2094.3
