--- TD3+GRU | threads=4 ---
--- TD3 (Twin Delayed DDPG) for GeneticPhotobioreactorEnv ---
Device: cpu | obs_dim=6 action_dim=3 | gamma=0.9995
Budget: 2,000,000 steps | Gate: project dual (stochastic + deterministic)
Hidden reset every 600 steps | SEQ_LEN=60
Demo replay: 24 scripted-expert episodes, 25% of every training batch, never evicted

  [RESUME] step=1,000,000 D0 online_buffer=164 episodes
  Collecting 24 scripted-expert demonstration episodes (mix {0: 0.4, 1: 0.4, 2: 0.2})...
    demo  1/24  D1  harvested=13056.4mg  time_avg_od=0.7970
    demo  2/24  D0  harvested=14541.6mg  time_avg_od=0.8036
    demo  3/24  D1  harvested=14654.9mg  time_avg_od=0.7574
    demo  4/24  D2  harvested=12127.6mg  time_avg_od=0.7507
    demo  5/24  D2  harvested=13326.6mg  time_avg_od=0.7611
    demo  6/24  D0  harvested=10612.4mg  time_avg_od=0.7379
    demo  7/24  D0  harvested= 9466.8mg  time_avg_od=0.7547
    demo  8/24  D0  harvested=13555.0mg  time_avg_od=0.7508
    demo  9/24  D1  harvested=13937.7mg  time_avg_od=0.7627
    demo 10/24  D2  harvested=16441.3mg  time_avg_od=0.7926
    demo 11/24  D1  harvested= 6950.7mg  time_avg_od=0.7274
    demo 12/24  D1  harvested=12754.7mg  time_avg_od=0.8226
    demo 13/24  D1  harvested=18742.8mg  time_avg_od=0.8370
    demo 14/24  D0  harvested=12462.0mg  time_avg_od=0.7388
    demo 15/24  D1  harvested= 9488.2mg  time_avg_od=0.7664
    demo 16/24  D2  harvested= 9671.2mg  time_avg_od=0.7258
    demo 17/24  D0  harvested=14615.3mg  time_avg_od=0.7714
    demo 18/24  D0  harvested=13985.8mg  time_avg_od=0.7822
    demo 19/24  D0  harvested=10660.3mg  time_avg_od=0.7547
    demo 20/24  D1  harvested=12565.9mg  time_avg_od=0.7354
    demo 21/24  D1  harvested=14125.2mg  time_avg_od=0.7714
    demo 22/24  D1  harvested= 8227.4mg  time_avg_od=0.7182
    demo 23/24  D0  harvested=14012.5mg  time_avg_od=0.7700
    demo 24/24  D0  harvested=19121.6mg  time_avg_od=0.8742

[Chunk] train_diff=D0 | mastery_diff=D0 | init=190 | steps=100,000

  [Stoch] D0 cvar10_harvest=1910.0
  [Det] eps=8 harvest_mg=14962.9 p25=7248.6 time_avg_od=0.0487 crash=77.8%
  [Det/bucket] 120:2412*  250:5151*  380:7948*  700:11098*  1100:18828*  1500:24998*  2500:40398  4000:58442  45:647*
  [Det/window] full-episode median=14962.9  back-half median=1171.1  back-half share=8%
  Curriculum hold D0 | chunk_eps=21 eps=40 harvest_mg=3368.1 p25=2467.2 time_avg_od=0.0247 crash=90.00% adv=0/2 dem=0/2 capfail=3/12

[Chunk] train_diff=D0 | mastery_diff=D0 | init=231 | steps=100,000

  [Stoch] D0 cvar10_harvest=1944.3
  [Det] eps=8 harvest_mg=15109.4 p25=7280.5 time_avg_od=0.0544 crash=77.8%
  [Det/bucket] 120:2302*  250:4987*  380:8045*  700:11086*  1100:19133*  1500:25195*  2500:41019  4000:62874  45:691*
  [Det/window] full-episode median=15109.4  back-half median=1110.1  back-half share=7%
  Curriculum hold D0 | chunk_eps=18 eps=40 harvest_mg=3432.0 p25=2776.6 time_avg_od=0.0289 crash=92.50% adv=0/2 dem=0/2 capfail=4/12

[Chunk] train_diff=D0 | mastery_diff=D0 | init=169 | steps=100,000

  [Stoch] D0 cvar10_harvest=2108.0
  [Det] eps=8 harvest_mg=15651.0 p25=7889.1 time_avg_od=0.2870 crash=0.0%
  [Det/bucket] 120:3691  250:6496  380:8354  700:11333  1100:19969  1500:26098  2500:40752  4000:59799  45:982
  [Det/window] full-episode median=15651.0  back-half median=2462.7  back-half share=16%
  Curriculum hold D0 | chunk_eps=15 eps=40 harvest_mg=3598.5 p25=2979.5 time_avg_od=0.0411 crash=65.00% adv=0/2 dem=0/2 capfail=0/12

[Chunk] train_diff=D0 | mastery_diff=D0 | init=134 | steps=100,000

  [Stoch] D0 cvar10_harvest=2203.9
  [Det] eps=8 harvest_mg=16901.6 p25=8364.3 time_avg_od=0.2405 crash=0.0%
  [Det/bucket] 120:3478  250:6353  380:9035  700:14083  1100:19720  1500:26389  2500:43172  4000:60567  45:919
  [Det/window] full-episode median=16901.6  back-half median=3376.7  back-half share=20%
  [BEST] new best det checkpoint saved -> model_data/td3_gru_checkpoints_best (harvest=16901.6mg, 0% crash, D0)
  Curriculum hold D0 | chunk_eps=13 eps=39 harvest_mg=4530.8 p25=3095.9 time_avg_od=0.0963 crash=35.90% adv=0/2 dem=0/2 capfail=0/12

[Chunk] train_diff=D0 | mastery_diff=D0 | init=967 | steps=100,000

  [Stoch] D0 cvar10_harvest=2462.2
  [Det] eps=8 harvest_mg=15727.6 p25=8505.0 time_avg_od=0.2528 crash=0.0%
  [Det/bucket] 120:2699  250:6671  380:9116  700:11522  1100:19933  1500:26135  2500:41525  4000:59147  45:933
  [Det/window] full-episode median=15727.6  back-half median=2875.7  back-half share=18%
  Curriculum hold D0 | chunk_eps=13 eps=39 harvest_mg=4916.5 p25=3479.3 time_avg_od=0.1454 crash=7.69% adv=0/2 dem=0/2 capfail=0/12

[Chunk] train_diff=D0 | mastery_diff=D0 | init=154 | steps=100,000

  [Stoch] D0 cvar10_harvest=2011.4
  [Det] eps=8 harvest_mg=15134.9 p25=6190.6 time_avg_od=0.0504 crash=66.7%
  [Det/bucket] 120:2126*  250:4552*  380:6737*  700:11248*  1100:19022  1500:25325*  2500:40753  4000:59267  45:672*
  [Det/window] full-episode median=15134.9  back-half median=1128.2  back-half share=7%
  Curriculum hold D0 | chunk_eps=19 eps=40 harvest_mg=4696.4 p25=2920.9 time_avg_od=0.0697 crash=40.00% adv=0/2 dem=0/2 capfail=1/12

[Chunk] train_diff=D0 | mastery_diff=D0 | init=256 | steps=100,000

  [Stoch] D0 cvar10_harvest=1959.8
  [Det] eps=8 harvest_mg=14999.8 p25=6144.3 time_avg_od=0.0509 crash=77.8%
  [Det/bucket] 120:1979*  250:4438*  380:6713*  700:11133*  1100:18866*  1500:25097*  2500:40873  4000:58789  45:655*
  [Det/window] full-episode median=14999.8  back-half median=940.2  back-half share=6%
  Curriculum hold D0 | chunk_eps=22 eps=39 harvest_mg=3264.4 p25=2257.0 time_avg_od=0.0223 crash=94.87% adv=0/2 dem=0/2 capfail=2/12

[Chunk] train_diff=D0 | mastery_diff=D0 | init=290 | steps=100,000

  [Stoch] D0 cvar10_harvest=1848.3
  [Det] eps=8 harvest_mg=14948.5 p25=6106.0 time_avg_od=0.0485 crash=88.9%
  [Det/bucket] 120:2051*  250:4456*  380:6656*  700:11202*  1100:18695*  1500:25217*  2500:40345*  4000:58749  45:624*
  [Det/window] full-episode median=14948.5  back-half median=887.0  back-half share=6%
  Curriculum hold D0 | chunk_eps=23 eps=38 harvest_mg=3153.3 p25=2371.3 time_avg_od=0.0199 crash=100.00% adv=0/2 dem=0/2 capfail=3/12

[Chunk] train_diff=D0 | mastery_diff=D0 | init=3,000 | steps=100,000

  [Stoch] D0 cvar10_harvest=1949.5
  [Det] eps=8 harvest_mg=15017.0 p25=6106.9 time_avg_od=0.0524 crash=77.8%
  [Det/bucket] 120:2105*  250:4458*  380:6656*  700:11284*  1100:18750*  1500:25042*  2500:41476  4000:59997  45:707*
  [Det/window] full-episode median=15017.0  back-half median=971.0  back-half share=6%
  Curriculum hold D0 | chunk_eps=19 eps=36 harvest_mg=3157.9 p25=2426.4 time_avg_od=0.0248 crash=91.67% adv=0/2 dem=0/2 capfail=4/12

[Chunk] train_diff=D0 | mastery_diff=D0 | init=234 | steps=100,000

  [Stoch] D0 cvar10_harvest=1914.7
  [Det] eps=8 harvest_mg=15186.5 p25=6173.3 time_avg_od=0.0466 crash=77.8%
  [Det/bucket] 120:2060*  250:4455*  380:6746*  700:11168*  1100:19205*  1500:25558*  2500:40207  4000:58182  45:647*
  [Det/window] full-episode median=15186.5  back-half median=1094.4  back-half share=7%
  Curriculum hold D0 | chunk_eps=21 eps=36 harvest_mg=3465.4 p25=2438.7 time_avg_od=0.0242 crash=91.67% adv=0/2 dem=0/2 capfail=5/12

--- Training Complete. Final model saved. ---
