--- TD3 (Twin Delayed DDPG) for GeneticPhotobioreactorEnv ---
Device: cpu | obs_dim=6 action_dim=3 | gamma=0.9995
Budget: 4,000,000 steps | Gate: project dual (stochastic + deterministic)
Hidden reset every 600 steps | SEQ_LEN=60
Demo replay: 24 scripted-expert episodes, 25% of every training batch, never evicted

  [RESUME] step=2,000,000 D0 online_buffer=292 episodes
  Collecting 24 scripted-expert demonstration episodes (mix {0: 0.4, 1: 0.4, 2: 0.2})...
    demo  1/24  D1  harvested=13756.7mg  time_avg_od=0.7989
    demo  2/24  D0  harvested=16518.3mg  time_avg_od=0.7943
    demo  3/24  D1  harvested=14032.5mg  time_avg_od=0.7575
    demo  4/24  D2  harvested=10120.5mg  time_avg_od=0.7734
    demo  5/24  D2  harvested=10238.2mg  time_avg_od=0.7752
    demo  6/24  D0  harvested=10064.0mg  time_avg_od=0.7402
    demo  7/24  D0  harvested=12845.8mg  time_avg_od=0.7446
    demo  8/24  D0  harvested=13878.2mg  time_avg_od=0.7566
    demo  9/24  D1  harvested=14179.3mg  time_avg_od=0.7488
    demo 10/24  D2  harvested=17078.0mg  time_avg_od=0.7780
    demo 11/24  D1  harvested= 8562.8mg  time_avg_od=0.7374
    demo 12/24  D1  harvested=12284.8mg  time_avg_od=0.7893
    demo 13/24  D1  harvested=15545.8mg  time_avg_od=0.8270
    demo 14/24  D0  harvested=11150.2mg  time_avg_od=0.7355
    demo 15/24  D1  harvested=11685.4mg  time_avg_od=0.7806
    demo 16/24  D2  harvested= 8632.5mg  time_avg_od=0.7319
    demo 17/24  D0  harvested=11069.6mg  time_avg_od=0.7884
    demo 18/24  D0  harvested=13986.2mg  time_avg_od=0.7977
    demo 19/24  D0  harvested=10264.6mg  time_avg_od=0.7533
    demo 20/24  D1  harvested=12565.9mg  time_avg_od=0.7354
    demo 21/24  D1  harvested=14125.2mg  time_avg_od=0.7714
    demo 22/24  D1  harvested= 8227.4mg  time_avg_od=0.7182
    demo 23/24  D0  harvested=14012.5mg  time_avg_od=0.7700
    demo 24/24  D0  harvested=19121.6mg  time_avg_od=0.8742

[Chunk] train_diff=D0 | mastery_diff=D0 | init=190 | steps=100,000

  [Stoch] D0 cvar10_harvest=2185.4
  [Det] eps=8 harvest_mg=12689.4 p25=6620.0 time_avg_od=0.4233 crash=22.2%
  [Det/bucket] 120:2555*  250:4861  380:7206  700:10143  1100:15236  1500:18286  2500:22897  4000:22727  45:710*
  [Det/window] full-episode median=12689.4  back-half median=6673.0  back-half share=53%
  Curriculum hold D0 | chunk_eps=16 eps=37 harvest_mg=5439.1 p25=3401.4 time_avg_od=0.1188 crash=24.32% adv=0/2 dem=0/2 capfail=1/12

[Chunk] train_diff=D0 | mastery_diff=D0 | init=3,000 | steps=100,000

  [Stoch] D0 cvar10_harvest=1916.8
  [Det] eps=8 harvest_mg=15450.9 p25=8504.7 time_avg_od=0.0525 crash=77.8%
  [Det/bucket] 120:1680*  250:3925*  380:13159  700:10031*  1100:17742*  1500:23654*  2500:38945*  4000:55202  45:598*
  [Det/window] full-episode median=15450.9  back-half median=1242.4  back-half share=8%
  Curriculum hold D0 | chunk_eps=18 eps=38 harvest_mg=4145.7 p25=2727.7 time_avg_od=0.0312 crash=60.53% adv=0/2 dem=0/2 capfail=2/12

[Chunk] train_diff=D0 | mastery_diff=D0 | init=189 | steps=100,000

  [Stoch] D0 cvar10_harvest=1731.5
  [Det] eps=8 harvest_mg=14169.4 p25=5292.2 time_avg_od=0.0445 crash=66.7%
  [Det/bucket] 120:1949*  250:3825*  380:5781*  700:10431*  1100:17907*  1500:24022  2500:38972  4000:55300  45:768*
  [Det/window] full-episode median=14169.4  back-half median=1092.8  back-half share=8%
  Curriculum hold D0 | chunk_eps=22 eps=38 harvest_mg=3504.5 p25=2865.7 time_avg_od=0.0242 crash=92.11% adv=0/2 dem=0/2 capfail=3/12

[Chunk] train_diff=D0 | mastery_diff=D0 | init=234 | steps=100,000

  [Stoch] D0 cvar10_harvest=1494.8
  [Det] eps=8 harvest_mg=14050.2 p25=5144.8 time_avg_od=0.0522 crash=77.8%
  [Det/bucket] 120:2181*  250:4011*  380:5523*  700:10288*  1100:17813*  1500:24379*  2500:37304  4000:54083  45:924*
  [Det/window] full-episode median=14050.2  back-half median=1062.8  back-half share=8%
  Curriculum hold D0 | chunk_eps=22 eps=40 harvest_mg=3270.1 p25=2374.6 time_avg_od=0.0231 crash=97.50% adv=0/2 dem=0/2 capfail=4/12

[Chunk] train_diff=D0 | mastery_diff=D0 | init=716 | steps=100,000

  [Stoch] D0 cvar10_harvest=1450.6
  [Det] eps=8 harvest_mg=15078.3 p25=5133.1 time_avg_od=0.0746 crash=55.6%
  [Det/bucket] 120:2066*  250:3889*  380:5548*  700:10655*  1100:19502  1500:26035  2500:41668  4000:55803  45:873*
  [Det/window] full-episode median=15078.3  back-half median=1913.0  back-half share=13%
  Curriculum hold D0 | chunk_eps=22 eps=40 harvest_mg=3027.1 p25=1999.2 time_avg_od=0.0234 crash=95.00% adv=0/2 dem=0/2 capfail=5/12

[Chunk] train_diff=D0 | mastery_diff=D0 | init=152 | steps=100,000

  [Stoch] D0 cvar10_harvest=1541.9
  [Det] eps=8 harvest_mg=12416.6 p25=5134.5 time_avg_od=0.0430 crash=77.8%
  [Det/bucket] 120:1730*  250:3897*  380:5547*  700:10211*  1100:14622*  1500:18930*  2500:32613  4000:44952  45:641*
  [Det/window] full-episode median=12416.6  back-half median=934.8  back-half share=8%
  Curriculum hold D0 | chunk_eps=21 eps=39 harvest_mg=3014.0 p25=2096.6 time_avg_od=0.0230 crash=94.87% adv=0/2 dem=0/2 capfail=6/12

[Chunk] train_diff=D0 | mastery_diff=D0 | init=200 | steps=100,000

  [Stoch] D0 cvar10_harvest=1778.7
  [Det] eps=8 harvest_mg=15372.7 p25=8795.8 time_avg_od=1.5860 crash=22.2%
  [Det/bucket] 120:2084*  250:6215  380:9656  700:11759  1100:18987  1500:24388  2500:36454  4000:52223  45:676*
  [Det/window] full-episode median=15372.7  back-half median=7281.4  back-half share=47%
  Curriculum hold D0 | chunk_eps=20 eps=37 harvest_mg=3081.5 p25=2218.7 time_avg_od=0.0241 crash=89.19% adv=0/2 dem=0/2 capfail=7/12

[Chunk] train_diff=D0 | mastery_diff=D0 | init=361 | steps=100,000

  [Stoch] D0 cvar10_harvest=1749.7
  [Det] eps=8 harvest_mg=16801.7 p25=6978.0 time_avg_od=0.2327 crash=33.3%
  [Det/bucket] 120:2281*  250:5202*  380:7570  700:11203  1100:22400  1500:27894  2500:42784  4000:56738  45:666*
  [Det/window] full-episode median=16801.7  back-half median=4641.0  back-half share=28%
  Curriculum hold D0 | chunk_eps=17 eps=38 harvest_mg=3472.3 p25=2234.8 time_avg_od=0.0272 crash=81.58% adv=0/2 dem=0/2 capfail=8/12

[Chunk] train_diff=D0 | mastery_diff=D0 | init=1,226 | steps=100,000

  [Stoch] D0 cvar10_harvest=1712.2
  [Det] eps=8 harvest_mg=10875.1 p25=7169.3 time_avg_od=2.4272 crash=22.2%
  [Det/bucket] 120:1645*  250:5632  380:7682  700:10553  1100:11197  1500:12011  2500:16883  4000:20950  45:581*
  [Det/window] full-episode median=10875.1  back-half median=4809.1  back-half share=44%
  Curriculum hold D0 | chunk_eps=21 eps=40 harvest_mg=3412.5 p25=2308.7 time_avg_od=0.0283 crash=82.50% adv=0/2 dem=0/2 capfail=9/12

[Chunk] train_diff=D0 | mastery_diff=D0 | init=175 | steps=100,000

  [Stoch] D0 cvar10_harvest=1799.2
  [Det] eps=8 harvest_mg=15520.7 p25=9371.3 time_avg_od=1.8079 crash=11.1%
  [Det/bucket] 120:2556  250:5342  380:11883  700:10714  1100:19159  1500:20155  2500:25943  4000:34246  45:994*
  [Det/window] full-episode median=15520.7  back-half median=8808.1  back-half share=57%
  Curriculum hold D0 | chunk_eps=17 eps=40 harvest_mg=3317.4 p25=2474.5 time_avg_od=0.0307 crash=82.50% adv=0/2 dem=0/2 capfail=0/12

[Chunk] train_diff=D0 | mastery_diff=D0 | init=121 | steps=100,000

  [Stoch] D0 cvar10_harvest=1794.6
  [Det] eps=8 harvest_mg=15477.1 p25=9179.7 time_avg_od=1.8603 crash=0.0%
  [Det/bucket] 120:2558  250:11002  380:5793  700:10309  1100:19952  1500:23631  2500:23852  4000:31474  45:848
  [Det/window] full-episode median=15477.1  back-half median=9472.3  back-half share=61%
  Curriculum hold D0 | chunk_eps=13 eps=38 harvest_mg=3468.0 p25=2585.8 time_avg_od=0.0387 crash=57.89% adv=0/2 dem=0/2 capfail=0/12

[Chunk] train_diff=D0 | mastery_diff=D0 | init=283 | steps=100,000

  [Stoch] D0 cvar10_harvest=2027.4
  [Det] eps=8 harvest_mg=12471.4 p25=4383.6 time_avg_od=0.6172 crash=11.1%
  [Det/bucket] 120:1801  250:3196  380:4779  700:8029  1100:16914  1500:26807  2500:39790  4000:51373  45:587*
  [Det/window] full-episode median=12471.4  back-half median=2086.3  back-half share=17%
  Curriculum hold D0 | chunk_eps=13 eps=37 harvest_mg=3888.2 p25=2887.9 time_avg_od=0.1575 crash=27.03% adv=0/2 dem=0/2 capfail=0/12

[Chunk] train_diff=D0 | mastery_diff=D0 | init=340 | steps=100,000

