[{"stream_name":"stderr","time":1.250198129,"data":"Cloning into '/kaggle/working/repo'...\n"}
,{"stream_name":"stderr","time":2.688457746,"data":"Note: switching to '83f6b9b673444e3011af751eee045f4fc9360f62'.\n"}
,{"stream_name":"stderr","time":2.688484189,"data":"\n"}
,{"stream_name":"stderr","time":2.688488834,"data":"You are in 'detached HEAD' state. You can look around, make experimental\n"}
,{"stream_name":"stderr","time":2.688493142,"data":"changes and commit them, and you can discard any commits you make in this\n"}
,{"stream_name":"stderr","time":2.688497355,"data":"state without impacting any branches by switching back to a branch.\n"}
,{"stream_name":"stderr","time":2.688501328,"data":"\n"}
,{"stream_name":"stderr","time":2.688504936,"data":"If you want to create a new branch to retain commits you create, you may\n"}
,{"stream_name":"stderr","time":2.688508773,"data":"do so (now or later) by using -c with the switch command. Example:\n"}
,{"stream_name":"stderr","time":2.688512712,"data":"\n"}
,{"stream_name":"stderr","time":2.688514912,"data":"  git switch -c \u003cnew-branch-name\u003e\n"}
,{"stream_name":"stderr","time":2.688518293,"data":"\n"}
,{"stream_name":"stderr","time":2.688520507,"data":"Or undo this operation with:\n"}
,{"stream_name":"stderr","time":2.6885230570000003,"data":"\n"}
,{"stream_name":"stderr","time":2.6885254180000002,"data":"  git switch -\n"}
,{"stream_name":"stderr","time":2.688527741,"data":"\n"}
,{"stream_name":"stderr","time":2.688530136,"data":"Turn off this advice by setting config variable advice.detachedHead to false\n"}
,{"stream_name":"stderr","time":2.688532636,"data":"\n"}
,{"stream_name":"stdout","time":2.837568576,"data":"$ nvidia-smi --query-gpu=name,memory.total --format=csv\n"}
,{"stream_name":"stderr","time":2.849207237,"data":"/bin/sh: 1: nvidia-smi: not found\n"}
,{"stream_name":"stdout","time":2.849403848,"data":"$ git -C /kaggle/working/repo log -1 --format='repo at %h %s'\n"}
,{"stream_name":"stdout","time":2.8532536029999997,"data":"repo at 83f6b9b Comparison protocol: final split, TD3_SEED, 5-seed LRU/LSTM sweep sessions, hierarchical-bootstrap compare\n"}
,{"stream_name":"stdout","time":2.854746774,"data":"$ pip -q install gymnasium tqdm\n"}
,{"stream_name":"stdout","time":10.613642347,"data":"resuming from /kaggle/input/pbr-rl-v3-lstm-s5/model_data\n"}
,{"stream_name":"stdout","time":11290.812676694,"data":"session done in 3.13 h\n"}
,{"stream_name":"stderr","time":11293.57078488,"data":"/usr/local/lib/python3.12/dist-packages/mistune.py:435: SyntaxWarning: invalid escape sequence '\\|'\n"}
,{"stream_name":"stderr","time":11293.570821542,"data":"  cells[i][c] = re.sub('\\\\\\\\\\|', '|', cell)\n"}
,{"stream_name":"stderr","time":11293.952919315,"data":"/usr/local/lib/python3.12/dist-packages/nbconvert/filters/filter_links.py:36: SyntaxWarning: invalid escape sequence '\\_'\n"}
,{"stream_name":"stderr","time":11293.952948065,"data":"  text = re.sub(r'_', '\\_', text) # Escape underscores in display text\n"}
,{"stream_name":"stderr","time":11294.708439511,"data":"[NbConvertApp] Converting notebook __script__.ipynb to html\n"}
,{"stream_name":"stderr","time":11296.351143156,"data":"[NbConvertApp] Writing 274236 bytes to __results__.html\n"}
]