[{"stream_name":"stderr","time":1.7732028,"data":"Cloning into '/kaggle/working/repo'...\n"}
,{"stream_name":"stderr","time":3.999103841,"data":"Note: switching to '83f6b9b673444e3011af751eee045f4fc9360f62'.\n"}
,{"stream_name":"stderr","time":3.999138297,"data":"\n"}
,{"stream_name":"stderr","time":3.999143817,"data":"You are in 'detached HEAD' state. You can look around, make experimental\n"}
,{"stream_name":"stderr","time":3.999148372,"data":"changes and commit them, and you can discard any commits you make in this\n"}
,{"stream_name":"stderr","time":3.99915991,"data":"state without impacting any branches by switching back to a branch.\n"}
,{"stream_name":"stderr","time":3.999163428,"data":"\n"}
,{"stream_name":"stderr","time":3.999165972,"data":"If you want to create a new branch to retain commits you create, you may\n"}
,{"stream_name":"stderr","time":3.999168773,"data":"do so (now or later) by using -c with the switch command. Example:\n"}
,{"stream_name":"stderr","time":3.999171515,"data":"\n"}
,{"stream_name":"stderr","time":3.999174098,"data":"  git switch -c \u003cnew-branch-name\u003e\n"}
,{"stream_name":"stderr","time":3.999177193,"data":"\n"}
,{"stream_name":"stderr","time":3.9991797350000002,"data":"Or undo this operation with:\n"}
,{"stream_name":"stderr","time":3.999182395,"data":"\n"}
,{"stream_name":"stderr","time":3.999184981,"data":"  git switch -\n"}
,{"stream_name":"stderr","time":3.999188063,"data":"\n"}
,{"stream_name":"stderr","time":3.999190733,"data":"Turn off this advice by setting config variable advice.detachedHead to false\n"}
,{"stream_name":"stderr","time":3.999193453,"data":"\n"}
,{"stream_name":"stdout","time":4.190392749,"data":"$ nvidia-smi --query-gpu=name,memory.total --format=csv\n"}
,{"stream_name":"stderr","time":4.203221405,"data":"/bin/sh: 1: nvidia-smi: not found\n"}
,{"stream_name":"stdout","time":4.203634382,"data":"$ git -C /kaggle/working/repo log -1 --format='repo at %h %s'\n"}
,{"stream_name":"stdout","time":4.210325315,"data":"repo at 83f6b9b Comparison protocol: final split, TD3_SEED, 5-seed LRU/LSTM sweep sessions, hierarchical-bootstrap compare\n"}
,{"stream_name":"stdout","time":4.211134877,"data":"$ pip -q install gymnasium tqdm\n"}
,{"stream_name":"stdout","time":14.729893648000001,"data":"resuming from /kaggle/input/pbr-rl-v3-lru-s1/model_data\n"}
,{"stream_name":"stdout","time":24045.06651514,"data":"session done in 6.68 h\n"}
,{"stream_name":"stderr","time":24048.119947302,"data":"/usr/local/lib/python3.12/dist-packages/mistune.py:435: SyntaxWarning: invalid escape sequence '\\|'\n"}
,{"stream_name":"stderr","time":24048.120010288,"data":"  cells[i][c] = re.sub('\\\\\\\\\\|', '|', cell)\n"}
,{"stream_name":"stderr","time":24048.579797594,"data":"/usr/local/lib/python3.12/dist-packages/nbconvert/filters/filter_links.py:36: SyntaxWarning: invalid escape sequence '\\_'\n"}
,{"stream_name":"stderr","time":24048.579834558,"data":"  text = re.sub(r'_', '\\_', text) # Escape underscores in display text\n"}
,{"stream_name":"stderr","time":24049.448233887,"data":"[NbConvertApp] Converting notebook __script__.ipynb to html\n"}
,{"stream_name":"stderr","time":24051.317406406,"data":"[NbConvertApp] Writing 274233 bytes to __results__.html\n"}
]