--- TD3 (Twin Delayed DDPG) for GeneticPhotobioreactorEnv ---
Device: cpu | obs_dim=6 action_dim=3 | gamma=0.9995
Budget: 2,000,000 steps | Gate: project dual (stochastic + deterministic)
Hidden reset every 60 steps | SEQ_LEN=60
Demo replay: 24 scripted-expert episodes, 25% of every training batch, never evicted

  Collecting 24 scripted-expert demonstration episodes (mix {0: 0.4, 1: 0.4, 2: 0.2})...
    demo  1/24  D1  harvested=13056.4mg  time_avg_od=0.7970
    demo  2/24  D0  harvested=14541.6mg  time_avg_od=0.8036
    demo  3/24  D1  harvested=14654.9mg  time_avg_od=0.7574
    demo  4/24  D2  harvested=12127.6mg  time_avg_od=0.7507
    demo  5/24  D2  harvested=13326.6mg  time_avg_od=0.7611
    demo  6/24  D0  harvested=10612.4mg  time_avg_od=0.7379
    demo  7/24  D0  harvested= 9466.8mg  time_avg_od=0.7547
    demo  8/24  D0  harvested=13555.0mg  time_avg_od=0.7508
    demo  9/24  D1  harvested=13937.7mg  time_avg_od=0.7627
    demo 10/24  D2  harvested=16441.3mg  time_avg_od=0.7926
    demo 11/24  D1  harvested= 6950.7mg  time_avg_od=0.7274
    demo 12/24  D1  harvested=12754.7mg  time_avg_od=0.8226
    demo 13/24  D1  harvested=18742.8mg  time_avg_od=0.8370
    demo 14/24  D0  harvested=12462.0mg  time_avg_od=0.7388
    demo 15/24  D1  harvested= 9488.2mg  time_avg_od=0.7664
    demo 16/24  D2  harvested= 9671.2mg  time_avg_od=0.7258
    demo 17/24  D0  harvested=14615.3mg  time_avg_od=0.7714
    demo 18/24  D0  harvested=13985.8mg  time_avg_od=0.7822
    demo 19/24  D0  harvested=10660.3mg  time_avg_od=0.7547
    demo 20/24  D1  harvested=12565.9mg  time_avg_od=0.7354
    demo 21/24  D1  harvested=14125.2mg  time_avg_od=0.7714
    demo 22/24  D1  harvested= 8227.4mg  time_avg_od=0.7182
    demo 23/24  D0  harvested=14012.5mg  time_avg_od=0.7700
    demo 24/24  D0  harvested=19121.6mg  time_avg_od=0.8742

[Chunk] train_diff=D0 | mastery_diff=D0 | init=190 | steps=100,000

  [Stoch] D0 cvar10_harvest=2443.7
  [Det] eps=8 harvest_mg=14986.0 p25=6096.6 time_avg_od=0.0539 crash=77.8%
  [Det/bucket] 120:2049*  250:4353*  380:6678*  700:11143*  1100:18829*  1500:24930*  2500:40338  4000:57947  45:674*
  [Det/window] full-episode median=14986.0  back-half median=936.1  back-half share=6%
  Curriculum hold D0 | chunk_eps=16 eps=16 harvest_mg=8460.5 p25=4406.6 time_avg_od=0.2186 crash=50.00% adv=0/2 dem=0/2 capfail=0/12

[Chunk] train_diff=D0 | mastery_diff=D0 | init=238 | steps=100,000

  [Stoch] D0 cvar10_harvest=2016.1
  [Det] eps=8 harvest_mg=12913.7 p25=6129.7 time_avg_od=0.0740 crash=33.3%
  [Det/bucket] 120:2143*  250:4455  380:6688*  700:10180  1100:15647  1500:20532  2500:32242  4000:48121  45:712*
  [Det/window] full-episode median=12913.7  back-half median=1519.8  back-half share=12%
  Curriculum hold D0 | chunk_eps=22 eps=38 harvest_mg=4218.1 p25=2721.5 time_avg_od=0.0266 crash=71.05% adv=0/2 dem=0/2 capfail=1/12

[Chunk] train_diff=D0 | mastery_diff=D0 | init=1,443 | steps=100,000

  [Stoch] D0 cvar10_harvest=2037.6
  [Det] eps=8 harvest_mg=16364.8 p25=11549.8 time_avg_od=0.7301 crash=22.2%
  [Det/bucket] 120:2521*  250:10529  380:11890  700:12792  1100:19938  1500:24648  2500:37083  4000:51862  45:1014*
  [Det/window] full-episode median=16364.8  back-half median=7268.7  back-half share=44%
  Curriculum hold D0 | chunk_eps=16 eps=40 harvest_mg=3601.4 p25=2606.5 time_avg_od=0.0286 crash=90.00% adv=0/2 dem=0/2 capfail=2/12

[Chunk] train_diff=D0 | mastery_diff=D0 | init=353 | steps=100,000

  [Stoch] D0 cvar10_harvest=2278.5
  [Det] eps=8 harvest_mg=20075.3 p25=12633.0 time_avg_od=0.7302 crash=0.0%
  [Det/bucket] 120:4816  250:7814  380:14239  700:14811  1100:25339  1500:29929  2500:44873  4000:60558  45:682
  [Det/window] full-episode median=20075.3  back-half median=7892.8  back-half share=39%
  [BEST] new best det checkpoint saved -> model_data/td3_checkpoints_best (harvest=20075.3mg, 0% crash, D0)
  Curriculum hold D0 | chunk_eps=13 eps=40 harvest_mg=3623.9 p25=2843.3 time_avg_od=0.0472 crash=60.00% adv=0/2 dem=0/2 capfail=0/12

[Chunk] train_diff=D0 | mastery_diff=D0 | init=158 | steps=100,000

  [Stoch] D0 cvar10_harvest=2337.5
  [Det] eps=8 harvest_mg=17099.4 p25=9863.1 time_avg_od=0.7131 crash=0.0%
  [Det/bucket] 120:4204  250:8650  380:10268  700:12308  1100:21891  1500:27984  2500:43727  4000:61573  45:553
  [Det/window] full-episode median=17099.4  back-half median=5410.6  back-half share=32%
  Curriculum hold D0 | chunk_eps=13 eps=40 harvest_mg=4747.1 p25=3296.4 time_avg_od=0.2846 crash=37.50% adv=0/2 dem=0/2 capfail=0/12

[Chunk] train_diff=D0 | mastery_diff=D0 | init=1,228 | steps=100,000

  [Stoch] D0 cvar10_harvest=2443.1
  [Det] eps=8 harvest_mg=18844.1 p25=9951.1 time_avg_od=0.2642 crash=0.0%
  [Det/bucket] 120:5126  250:8364  380:10480  700:13987  1100:23702  1500:29798  2500:45796  4000:62665  45:2101
  [Det/window] full-episode median=18844.1  back-half median=3985.4  back-half share=21%
  Curriculum hold D0 | chunk_eps=13 eps=40 harvest_mg=6790.7 p25=4531.3 time_avg_od=0.5047 crash=5.00% adv=1/2 dem=0/2 capfail=0/12

[Chunk] train_diff=D0 | mastery_diff=D0 | init=261 | steps=100,000

  [Stoch] D0 cvar10_harvest=2877.7
  [Det] eps=8 harvest_mg=20741.2 p25=14038.3 time_avg_od=0.9318 crash=0.0%
  [Det/bucket] 120:8020  250:12352  380:14600  700:15672  1100:25810  1500:31470  2500:46569  4000:63377  45:2395
  [Det/window] full-episode median=20741.2  back-half median=8380.6  back-half share=40%
  [BEST] new best det checkpoint saved -> model_data/td3_checkpoints_best (harvest=20741.2mg, 0% crash, D0)
  Curriculum ADVANCED: D0 -> D1 | chunk_eps=13 harvest_mg=8757.6 p25=6760.9 time_avg_od=0.5203 crash=2.50%

[Chunk] train_diff=D1 | mastery_diff=D1 | init=1,270 | steps=100,000

  [Stoch] D1 cvar10_harvest=3623.9
  [Det] eps=8 harvest_mg=18359.7 p25=5282.7 time_avg_od=2.0389 crash=0.0%
  [Det/bucket] 120:3196  250:3665  380:10597  700:5822  1100:26123  1500:30760  2500:44787  4000:43157  45:1496
  [Det/window] full-episode median=18359.7  back-half median=8891.6  back-half share=48%
  [BEST] new best det checkpoint saved -> model_data/td3_checkpoints_best (harvest=18359.7mg, 0% crash, D1)
  Curriculum hold D1 | chunk_eps=13 eps=12 harvest_mg=24835.7 p25=17778.9 time_avg_od=1.7575 crash=0.00% adv=0/2 dem=0/2 capfail=0/12

[Chunk] train_diff=D0 | mastery_diff=D1 | init=165 | steps=100,000

  [Stoch] D1 cvar10_harvest=3623.9
  [Det] eps=8 harvest_mg=14634.5 p25=6843.1 time_avg_od=2.3894 crash=0.0%
  [Det/bucket] 120:3438  250:4584  380:8344  700:7596  1100:20925  1500:21550  2500:41811  4000:55604  45:619
  [Det/window] full-episode median=14634.5  back-half median=6694.5  back-half share=46%
  Curriculum hold D1 | chunk_eps=13 eps=12 harvest_mg=24835.7 p25=17778.9 time_avg_od=1.7575 crash=0.00% adv=0/2 dem=0/2 capfail=0/12

[Chunk] train_diff=D1 | mastery_diff=D1 | init=185 | steps=100,000

  [Stoch] D1 cvar10_harvest=2300.3
  [Det] eps=8 harvest_mg=18342.5 p25=11404.9 time_avg_od=1.7307 crash=0.0%
  [Det/bucket] 120:7835  250:8902  380:13418  700:12239  1100:23267  1500:27641  2500:40770  4000:56233  45:645
  [Det/window] full-episode median=18342.5  back-half median=10179.7  back-half share=55%
  Curriculum hold D1 | chunk_eps=13 eps=21 harvest_mg=15617.6 p25=5816.2 time_avg_od=1.9617 crash=0.00% adv=1/2 dem=0/2 capfail=0/12

[Chunk] train_diff=D1 | mastery_diff=D1 | init=755 | steps=100,000

  [Stoch] D1 cvar10_harvest=2645.3
  [Det] eps=8 harvest_mg=14720.1 p25=8684.5 time_avg_od=1.8852 crash=0.0%
  [Det/bucket] 120:4382  250:8700  380:8639  700:10591  1100:18849  1500:21698  2500:37084  4000:53008  45:759
  [Det/window] full-episode median=14720.1  back-half median=7685.5  back-half share=52%
  Curriculum ADVANCED: D1 -> D2 | chunk_eps=13 harvest_mg=16018.2 p25=8764.5 time_avg_od=1.9724 crash=0.00%

[Chunk] train_diff=D2 | mastery_diff=D2 | init=3,000 | steps=100,000

  [Stoch] D2 cvar10_harvest=2283.6
  [Det] eps=8 harvest_mg=12652.0 p25=9661.9 time_avg_od=0.8780 crash=0.0%
  [Det/bucket] 120:6045  250:9348  380:9767  700:10151  1100:15153  1500:20195  2500:34161  4000:50769  45:1134
  [Det/window] full-episode median=12652.0  back-half median=4822.6  back-half share=38%
  [BEST] new best det checkpoint saved -> model_data/td3_checkpoints_best (harvest=12652.0mg, 0% crash, D2)
  Curriculum hold D2 | chunk_eps=13 eps=8 harvest_mg=14754.2 p25=11455.9 time_avg_od=0.9314 crash=0.00% adv=0/2 dem=0/2 capfail=0/12

[Chunk] train_diff=D2 | mastery_diff=D2 | init=4,006 | steps=100,000

