[{"stream_name":"stderr","time":0.822444072,"data":"Cloning into '/kaggle/working/repo'...\n"}
,{"stream_name":"stderr","time":2.7046155670000003,"data":"Note: switching to 'd2cdd19edc10a9e956a200782b3d3ca84f8e3dba'.\n"}
,{"stream_name":"stderr","time":2.70466441,"data":"\n"}
,{"stream_name":"stderr","time":2.704670847,"data":"You are in 'detached HEAD' state. You can look around, make experimental\n"}
,{"stream_name":"stderr","time":2.70467637,"data":"changes and commit them, and you can discard any commits you make in this\n"}
,{"stream_name":"stderr","time":2.7046813370000002,"data":"state without impacting any branches by switching back to a branch.\n"}
,{"stream_name":"stderr","time":2.704685913,"data":"\n"}
,{"stream_name":"stderr","time":2.70469014,"data":"If you want to create a new branch to retain commits you create, you may\n"}
,{"stream_name":"stderr","time":2.7046949270000002,"data":"do so (now or later) by using -c with the switch command. Example:\n"}
,{"stream_name":"stderr","time":2.704699605,"data":"\n"}
,{"stream_name":"stderr","time":2.704704342,"data":"  git switch -c \u003cnew-branch-name\u003e\n"}
,{"stream_name":"stderr","time":2.7047094400000002,"data":"\n"}
,{"stream_name":"stderr","time":2.704713926,"data":"Or undo this operation with:\n"}
,{"stream_name":"stderr","time":2.704719056,"data":"\n"}
,{"stream_name":"stderr","time":2.704723541,"data":"  git switch -\n"}
,{"stream_name":"stderr","time":2.7047443639999997,"data":"\n"}
,{"stream_name":"stderr","time":2.7047489369999997,"data":"Turn off this advice by setting config variable advice.detachedHead to false\n"}
,{"stream_name":"stderr","time":2.7047538319999997,"data":"\n"}
,{"stream_name":"stdout","time":2.930914739,"data":"$ nvidia-smi --query-gpu=name,memory.total --format=csv\n"}
,{"stream_name":"stderr","time":2.937792174,"data":"/bin/sh: 1: nvidia-smi: not found\n"}
,{"stream_name":"stdout","time":2.938045587,"data":"$ git -C /kaggle/working/repo log -1 --format='repo at %h %s'\n"}
,{"stream_name":"stdout","time":2.945033452,"data":"repo at d2cdd19 GRU/RTU exploratory arms: protocol section 6 and Kaggle session folders (tag rl-protocol-v2)\n"}
,{"stream_name":"stdout","time":2.946361114,"data":"$ pip -q install gymnasium tqdm\n"}
,{"stream_name":"stdout","time":39609.368947703,"data":"wall-clock limit: stopping to save output; resume in a new session\n"}
,{"stream_name":"stdout","time":39609.486988161,"data":"session done in 11.00 h\n"}
,{"stream_name":"stderr","time":39612.6772512,"data":"/usr/local/lib/python3.13/dist-packages/mistune.py:435: SyntaxWarning: invalid escape sequence '\\|'\n"}
,{"stream_name":"stderr","time":39612.677322083,"data":"  cells[i][c] = re.sub('\\\\\\\\\\|', '|', cell)\n"}
,{"stream_name":"stderr","time":39613.131507579,"data":"/usr/local/lib/python3.13/dist-packages/nbconvert/filters/filter_links.py:36: SyntaxWarning: invalid escape sequence '\\_'\n"}
,{"stream_name":"stderr","time":39613.131545592,"data":"  text = re.sub(r'_', '\\_', text) # Escape underscores in display text\n"}
,{"stream_name":"stderr","time":39614.216555584,"data":"[NbConvertApp] Converting notebook __script__.ipynb to html\n"}
,{"stream_name":"stderr","time":39615.919735148,"data":"[NbConvertApp] Writing 274120 bytes to __results__.html\n"}
]