[{"stream_name":"stderr","time":0.813655209,"data":"Cloning into '/kaggle/working/repo'...\n"}
,{"stream_name":"stderr","time":2.580526654,"data":"Note: switching to '7280d1fb19fd0f1299eed47ffafb711328de4243'.\n"}
,{"stream_name":"stderr","time":2.580546354,"data":"\n"}
,{"stream_name":"stderr","time":2.580550514,"data":"You are in 'detached HEAD' state. You can look around, make experimental\n"}
,{"stream_name":"stderr","time":2.580553905,"data":"changes and commit them, and you can discard any commits you make in this\n"}
,{"stream_name":"stderr","time":2.580557305,"data":"state without impacting any branches by switching back to a branch.\n"}
,{"stream_name":"stderr","time":2.580560174,"data":"\n"}
,{"stream_name":"stderr","time":2.580563234,"data":"If you want to create a new branch to retain commits you create, you may\n"}
,{"stream_name":"stderr","time":2.580566214,"data":"do so (now or later) by using -c with the switch command. Example:\n"}
,{"stream_name":"stderr","time":2.580569305,"data":"\n"}
,{"stream_name":"stderr","time":2.580572065,"data":"  git switch -c \u003cnew-branch-name\u003e\n"}
,{"stream_name":"stderr","time":2.5805753449999997,"data":"\n"}
,{"stream_name":"stderr","time":2.580577994,"data":"Or undo this operation with:\n"}
,{"stream_name":"stderr","time":2.580581285,"data":"\n"}
,{"stream_name":"stderr","time":2.580585025,"data":"  git switch -\n"}
,{"stream_name":"stderr","time":2.580588325,"data":"\n"}
,{"stream_name":"stderr","time":2.580591394,"data":"Turn off this advice by setting config variable advice.detachedHead to false\n"}
,{"stream_name":"stderr","time":2.580594814,"data":"\n"}
,{"stream_name":"stdout","time":2.747891827,"data":"$ nvidia-smi --query-gpu=name,memory.total --format=csv\n"}
,{"stream_name":"stderr","time":2.754935272,"data":"/bin/sh: 1: nvidia-smi: not found\n"}
,{"stream_name":"stdout","time":2.755231092,"data":"$ git -C /kaggle/working/repo log -1 --format='repo at %h %s'\n"}
,{"stream_name":"stdout","time":2.761961757,"data":"repo at 7280d1f 4M follow-up protocol (section 7): LRU vs LSTM at 4M steps plus an LSTM arm with reset 60\n"}
,{"stream_name":"stdout","time":2.763077968,"data":"$ pip -q install gymnasium tqdm\n"}
,{"stream_name":"stdout","time":10.321162347,"data":"resuming from /kaggle/input/notebooks/rajulkabir/pbr-rl-v3-lstm-s4/model_data\n"}
,{"stream_name":"stdout","time":39610.547855341,"data":"wall-clock limit: stopping to save output; resume in a new session\n"}
,{"stream_name":"stdout","time":39611.285272693,"data":"session done in 11.00 h\n"}
,{"stream_name":"stderr","time":39613.90936797,"data":"/usr/local/lib/python3.13/dist-packages/mistune.py:435: SyntaxWarning: invalid escape sequence '\\|'\n"}
,{"stream_name":"stderr","time":39613.90941638,"data":"  cells[i][c] = re.sub('\\\\\\\\\\|', '|', cell)\n"}
,{"stream_name":"stderr","time":39614.304584401,"data":"/usr/local/lib/python3.13/dist-packages/nbconvert/filters/filter_links.py:36: SyntaxWarning: invalid escape sequence '\\_'\n"}
,{"stream_name":"stderr","time":39614.30462465,"data":"  text = re.sub(r'_', '\\_', text) # Escape underscores in display text\n"}
,{"stream_name":"stderr","time":39615.516542041,"data":"[NbConvertApp] Converting notebook __script__.ipynb to html\n"}
,{"stream_name":"stderr","time":39616.754629032,"data":"[NbConvertApp] Writing 274189 bytes to __results__.html\n"}
]