[{"stream_name":"stderr","time":0.908318379,"data":"Cloning into '/kaggle/working/repo'...\n"}
,{"stream_name":"stderr","time":2.654738027,"data":"Note: switching to '83f6b9b673444e3011af751eee045f4fc9360f62'.\n"}
,{"stream_name":"stderr","time":2.654774395,"data":"\n"}
,{"stream_name":"stderr","time":2.6547792169999997,"data":"You are in 'detached HEAD' state. You can look around, make experimental\n"}
,{"stream_name":"stderr","time":2.654783547,"data":"changes and commit them, and you can discard any commits you make in this\n"}
,{"stream_name":"stderr","time":2.654787833,"data":"state without impacting any branches by switching back to a branch.\n"}
,{"stream_name":"stderr","time":2.6547917930000002,"data":"\n"}
,{"stream_name":"stderr","time":2.654795339,"data":"If you want to create a new branch to retain commits you create, you may\n"}
,{"stream_name":"stderr","time":2.654799221,"data":"do so (now or later) by using -c with the switch command. Example:\n"}
,{"stream_name":"stderr","time":2.654803489,"data":"\n"}
,{"stream_name":"stderr","time":2.654807258,"data":"  git switch -c \u003cnew-branch-name\u003e\n"}
,{"stream_name":"stderr","time":2.654811661,"data":"\n"}
,{"stream_name":"stderr","time":2.654815394,"data":"Or undo this operation with:\n"}
,{"stream_name":"stderr","time":2.654819261,"data":"\n"}
,{"stream_name":"stderr","time":2.654822968,"data":"  git switch -\n"}
,{"stream_name":"stderr","time":2.654826502,"data":"\n"}
,{"stream_name":"stderr","time":2.654830607,"data":"Turn off this advice by setting config variable advice.detachedHead to false\n"}
,{"stream_name":"stderr","time":2.6548350210000002,"data":"\n"}
,{"stream_name":"stdout","time":2.800355395,"data":"$ nvidia-smi --query-gpu=name,memory.total --format=csv\n"}
,{"stream_name":"stderr","time":2.80668539,"data":"/bin/sh: 1: nvidia-smi: not found\n"}
,{"stream_name":"stdout","time":2.806973056,"data":"$ git -C /kaggle/working/repo log -1 --format='repo at %h %s'\n"}
,{"stream_name":"stdout","time":2.811521419,"data":"repo at 83f6b9b Comparison protocol: final split, TD3_SEED, 5-seed LRU/LSTM sweep sessions, hierarchical-bootstrap compare\n"}
,{"stream_name":"stdout","time":2.81222612,"data":"$ pip -q install gymnasium tqdm\n"}
,{"stream_name":"stdout","time":39608.512127184,"data":"wall-clock limit: stopping to save output; resume in a new session\n"}
,{"stream_name":"stdout","time":39608.69962172,"data":"session done in 11.00 h\n"}
,{"stream_name":"stderr","time":39611.361688085,"data":"/usr/local/lib/python3.12/dist-packages/mistune.py:435: SyntaxWarning: invalid escape sequence '\\|'\n"}
,{"stream_name":"stderr","time":39611.361728481,"data":"  cells[i][c] = re.sub('\\\\\\\\\\|', '|', cell)\n"}
,{"stream_name":"stderr","time":39611.691993809,"data":"/usr/local/lib/python3.12/dist-packages/nbconvert/filters/filter_links.py:36: SyntaxWarning: invalid escape sequence '\\_'\n"}
,{"stream_name":"stderr","time":39611.692025709,"data":"  text = re.sub(r'_', '\\_', text) # Escape underscores in display text\n"}
,{"stream_name":"stderr","time":39612.446913179,"data":"[NbConvertApp] Converting notebook __script__.ipynb to html\n"}
,{"stream_name":"stderr","time":39614.073429496,"data":"[NbConvertApp] Writing 274233 bytes to __results__.html\n"}
]