--- TD3+LRU | core=DiagonalLRU | threads=4 ---
--- TD3 (Twin Delayed DDPG) for GeneticPhotobioreactorEnv ---
Device: cpu | obs_dim=6 action_dim=3 | gamma=0.9995
Budget: 2,000,000 steps | Gate: project dual (stochastic + deterministic)
Hidden reset every 600 steps | SEQ_LEN=60
Demo replay: 24 scripted-expert episodes, 25% of every training batch, never evicted

  Collecting 24 scripted-expert demonstration episodes (mix {0: 0.4, 1: 0.4, 2: 0.2})...
    demo  1/24  D1  harvested=13015.4mg  time_avg_od=0.7929
    demo  2/24  D0  harvested=10667.5mg  time_avg_od=0.7916
    demo  3/24  D1  harvested=10648.7mg  time_avg_od=0.7608
    demo  4/24  D2  harvested=12944.2mg  time_avg_od=0.7693
    demo  5/24  D2  harvested=16676.3mg  time_avg_od=0.7946
    demo  6/24  D0  harvested= 7523.5mg  time_avg_od=0.7299
    demo  7/24  D0  harvested= 9901.3mg  time_avg_od=0.7373
    demo  8/24  D0  harvested= 9900.5mg  time_avg_od=0.7684
    demo  9/24  D1  harvested= 9466.6mg  time_avg_od=0.7659
    demo 10/24  D2  harvested=12640.1mg  time_avg_od=0.8354
    demo 11/24  D1  harvested=10461.6mg  time_avg_od=0.7174
    demo 12/24  D1  harvested=13763.4mg  time_avg_od=0.8147
    demo 13/24  D1  harvested=17548.7mg  time_avg_od=0.8449
    demo 14/24  D0  harvested= 7804.8mg  time_avg_od=0.7351
    demo 15/24  D1  harvested=13571.2mg  time_avg_od=0.7642
    demo 16/24  D2  harvested= 9470.7mg  time_avg_od=0.7230
    demo 17/24  D0  harvested=13877.1mg  time_avg_od=0.7789
    demo 18/24  D0  harvested=16750.8mg  time_avg_od=0.7907
    demo 19/24  D0  harvested=14696.7mg  time_avg_od=0.7798
    demo 20/24  D1  harvested= 8572.9mg  time_avg_od=0.7485
    demo 21/24  D1  harvested=10402.8mg  time_avg_od=0.7611
    demo 22/24  D1  harvested= 9085.9mg  time_avg_od=0.7146
    demo 23/24  D0  harvested= 8756.6mg  time_avg_od=0.7581
    demo 24/24  D0  harvested=16989.9mg  time_avg_od=0.8653

[Chunk] train_diff=D0 | mastery_diff=D0 | init=149 | steps=100,000

  [Stoch] D0 cvar10_harvest=5015.7
  [Det] eps=8 harvest_mg=19922.4 p25=14269.5 time_avg_od=0.8539 crash=0.0%
  [Det/bucket] 120:9871  250:12762  380:14772  700:14873  1100:24972  1500:29896  2500:44955  4000:60692  45:4475
  [Det/window] full-episode median=19922.4  back-half median=8107.6  back-half share=41%
  [BEST] new best det checkpoint saved -> model_data/td3_lru_checkpoints_best (harvest=19922.4mg, 0% crash, D0)
  Curriculum hold D0 | chunk_eps=13 eps=13 harvest_mg=13826.5 p25=8938.1 time_avg_od=0.9333 crash=0.00% adv=0/2 dem=0/2 capfail=0/12

[Chunk] train_diff=D0 | mastery_diff=D0 | init=103 | steps=100,000

  [Stoch] D0 cvar10_harvest=2581.6
  [Det] eps=8 harvest_mg=14653.5 p25=6201.8 time_avg_od=0.0551 crash=66.7%
  [Det/bucket] 120:2089*  250:4507*  380:6767*  700:11070*  1100:18237*  1500:30098  2500:45318  4000:61735  45:687*
  [Det/window] full-episode median=14653.5  back-half median=909.9  back-half share=6%
  Curriculum hold D0 | chunk_eps=18 eps=31 harvest_mg=7093.9 p25=3879.6 time_avg_od=0.3289 crash=45.16% adv=0/2 dem=0/2 capfail=1/12

[Chunk] train_diff=D0 | mastery_diff=D0 | init=250 | steps=100,000

  [Stoch] D0 cvar10_harvest=1893.2
  [Det] eps=8 harvest_mg=19979.4 p25=13473.5 time_avg_od=0.8046 crash=22.2%
  [Det/bucket] 120:2764*  250:11362  380:14177  700:14989  1100:24970  1500:29965  2500:44981  4000:61072  45:761*
  [Det/window] full-episode median=19979.4  back-half median=7819.3  back-half share=39%
  Curriculum hold D0 | chunk_eps=21 eps=38 harvest_mg=4670.5 p25=3233.2 time_avg_od=0.0314 crash=81.58% adv=0/2 dem=0/2 capfail=2/12

[Chunk] train_diff=D0 | mastery_diff=D0 | init=1,485 | steps=100,000

  [Stoch] D0 cvar10_harvest=1668.7
  [Det] eps=8 harvest_mg=11083.5 p25=4549.9 time_avg_od=0.0313 crash=100.0%
  [Det/bucket] 120:1602*  250:3273*  380:4976*  700:8665*  1100:13502*  1500:18196*  2500:29032*  4000:44133*  45:581*
  [Det/window] full-episode median=11083.5  back-half median=399.7  back-half share=4%
  Curriculum hold D0 | chunk_eps=22 eps=38 harvest_mg=3622.6 p25=2784.6 time_avg_od=0.0236 crash=89.47% adv=0/2 dem=0/2 capfail=3/12

[Chunk] train_diff=D0 | mastery_diff=D0 | init=269 | steps=100,000

  [Stoch] D0 cvar10_harvest=1506.4
  [Det] eps=8 harvest_mg=11160.2 p25=4626.2 time_avg_od=0.0573 crash=55.6%
  [Det/bucket] 120:1654*  250:3416*  380:5030*  700:8750*  1100:13570  1500:18033  2500:28943  4000:43653  45:581*
  [Det/window] full-episode median=11160.2  back-half median=1109.9  back-half share=10%
  Curriculum hold D0 | chunk_eps=24 eps=39 harvest_mg=3538.6 p25=1974.8 time_avg_od=0.0141 crash=100.00% adv=0/2 dem=0/2 capfail=4/12

[Chunk] train_diff=D0 | mastery_diff=D0 | init=329 | steps=100,000

  [Stoch] D0 cvar10_harvest=1188.1
  [Det] eps=8 harvest_mg=5804.0 p25=2444.2 time_avg_od=1.0274 crash=0.0%
  [Det/bucket] 120:980  250:1795  380:2661  700:4522  1100:7086  1500:9931  2500:15980  4000:24453  45:388
  [Det/window] full-episode median=5804.0  back-half median=2379.7  back-half share=41%
  Curriculum hold D0 | chunk_eps=14 eps=39 harvest_mg=3045.2 p25=1648.6 time_avg_od=0.0268 crash=66.67% adv=0/2 dem=0/2 capfail=0/12

[Chunk] train_diff=D0 | mastery_diff=D0 | init=1,167 | steps=100,000

  [Stoch] D0 cvar10_harvest=944.2
  [Det] eps=8 harvest_mg=4438.8 p25=1980.7 time_avg_od=1.2320 crash=0.0%
  [Det/bucket] 120:637  250:1440  380:2161  700:3349  1100:5529  1500:7686  2500:12514  4000:18581  45:383
  [Det/window] full-episode median=4438.8  back-half median=2038.6  back-half share=46%
  Curriculum hold D0 | chunk_eps=13 eps=39 harvest_mg=1893.9 p25=1347.5 time_avg_od=0.2199 crash=33.33% adv=0/2 dem=0/2 capfail=0/12

[Chunk] train_diff=D0 | mastery_diff=D0 | init=192 | steps=100,000

  [Stoch] D0 cvar10_harvest=804.1
  [Det] eps=8 harvest_mg=3026.1 p25=1319.3 time_avg_od=1.4206 crash=0.0%
  [Det/bucket] 120:443  250:922  380:1452  700:2245  1100:3807  1500:5308  2500:8651  4000:13458  45:201
  [Det/window] full-episode median=3026.1  back-half median=1402.5  back-half share=46%
  Curriculum hold D0 | chunk_eps=13 eps=37 harvest_mg=1384.1 p25=1006.1 time_avg_od=0.3896 crash=2.70% adv=0/2 dem=0/2 capfail=1/12

[Chunk] train_diff=D0 | mastery_diff=D0 | init=139 | steps=100,000

  [Stoch] D0 cvar10_harvest=425.9
  [Det] eps=8 harvest_mg=2806.8 p25=1330.1 time_avg_od=1.4932 crash=0.0%
  [Det/bucket] 120:392  250:879  380:1480  700:1983  1100:3630  1500:4489  2500:7961  4000:12960  45:273
  [Det/window] full-episode median=2806.8  back-half median=1300.9  back-half share=46%
  Curriculum hold D0 | chunk_eps=13 eps=36 harvest_mg=1052.6 p25=848.7 time_avg_od=0.4346 crash=0.00% adv=0/2 dem=0/2 capfail=2/12

[Chunk] train_diff=D0 | mastery_diff=D0 | init=275 | steps=100,000

  [Stoch] D0 cvar10_harvest=364.9
  [Det] eps=8 harvest_mg=2828.2 p25=1337.2 time_avg_od=1.5968 crash=0.0%
  [Det/bucket] 120:671  250:1112  380:1412  700:1957  1100:3699  1500:4392  2500:8400  4000:13296  45:296
  [Det/window] full-episode median=2828.2  back-half median=1243.7  back-half share=44%
  Curriculum hold D0 | chunk_eps=13 eps=36 harvest_mg=894.9 p25=680.8 time_avg_od=0.5222 crash=0.00% adv=0/2 dem=0/2 capfail=3/12

[Chunk] train_diff=D0 | mastery_diff=D0 | init=1,461 | steps=100,000

  [Stoch] D0 cvar10_harvest=364.9
  [Det] eps=8 harvest_mg=15663.7 p25=8489.2 time_avg_od=1.2064 crash=0.0%
  [Det/bucket] 120:4552  250:6900  380:9019  700:11642  1100:19685  1500:22999  2500:33325  4000:44391  45:2288
  [Det/window] full-episode median=15663.7  back-half median=7392.0  back-half share=47%
  Curriculum hold D0 | chunk_eps=13 eps=39 harvest_mg=1016.8 p25=704.4 time_avg_od=0.6936 crash=0.00% adv=0/2 dem=0/2 capfail=0/12

[Chunk] train_diff=D0 | mastery_diff=D0 | init=231 | steps=100,000

  [Stoch] D0 cvar10_harvest=551.7
  [Det] eps=8 harvest_mg=19419.3 p25=11790.9 time_avg_od=1.0889 crash=0.0%
  [Det/bucket] 120:7198  250:7757  380:13136  700:14272  1100:24566  1500:28432  2500:39718  4000:51896  45:3362
  [Det/window] full-episode median=19419.3  back-half median=9150.1  back-half share=47%
  Curriculum hold D0 | chunk_eps=13 eps=40 harvest_mg=1436.2 p25=979.8 time_avg_od=0.7680 crash=0.00% adv=0/2 dem=0/2 capfail=0/12

[Chunk] train_diff=D0 | mastery_diff=D0 | init=3,000 | steps=100,000

  [Stoch] D0 cvar10_harvest=984.7
  [Det] eps=8 harvest_mg=20595.4 p25=13167.0 time_avg_od=1.0565 crash=0.0%
  [Det/bucket] 120:8684  250:9821  380:14282  700:15563  1100:25628  1500:28480  2500:40981  4000:52907  45:4608
  [Det/window] full-episode median=20595.4  back-half median=10071.4  back-half share=49%
  [BEST] new best det checkpoint saved -> model_data/td3_lru_checkpoints_best (harvest=20595.4mg, 0% crash, D0)
  Curriculum hold D0 | chunk_eps=13 eps=38 harvest_mg=5241.3 p25=2723.0 time_avg_od=0.7766 crash=0.00% adv=1/2 dem=0/2 capfail=0/12

[Chunk] train_diff=D0 | mastery_diff=D0 | init=724 | steps=100,000

  [Stoch] D0 cvar10_harvest=3126.5
  [Det] eps=8 harvest_mg=19613.5 p25=6580.3 time_avg_od=0.8589 crash=0.0%
  [Det/bucket] 120:2906  250:4728  380:7198  700:14187  1100:25040  1500:28214  2500:38619  4000:51448  45:1355
  [Det/window] full-episode median=19613.5  back-half median=9159.1  back-half share=47%
  Curriculum ADVANCED: D0 -> D1 | chunk_eps=13 harvest_mg=7744.8 p25=5241.3 time_avg_od=0.6246 crash=0.00%

[Chunk] train_diff=D1 | mastery_diff=D1 | init=144 | steps=100,000

  [Stoch] D1 cvar10_harvest=2184.4
  [Det] eps=8 harvest_mg=20676.6 p25=5926.5 time_avg_od=0.9160 crash=0.0%
  [Det/bucket] 120:2574  250:4195  380:6504  700:16196  1100:25157  1500:27715  2500:38445  4000:53112  45:1093
  [Det/window] full-episode median=20676.6  back-half median=10609.5  back-half share=51%
  [BEST] new best det checkpoint saved -> model_data/td3_lru_checkpoints_best (harvest=20676.6mg, 0% crash, D1)
  Curriculum hold D1 | chunk_eps=13 eps=10 harvest_mg=7954.2 p25=3372.7 time_avg_od=0.1365 crash=0.00% adv=0/2 dem=0/2 capfail=0/12

[Chunk] train_diff=D1 | mastery_diff=D1 | init=179 | steps=100,000

