[{"stream_name":"stderr","time":0.966875477,"data":"Cloning into '/kaggle/working/repo'...\n"}
,{"stream_name":"stderr","time":2.3762041480000002,"data":"Note: switching to 'd2cdd19edc10a9e956a200782b3d3ca84f8e3dba'.\n"}
,{"stream_name":"stderr","time":2.376231662,"data":"\n"}
,{"stream_name":"stderr","time":2.376235242,"data":"You are in 'detached HEAD' state. You can look around, make experimental\n"}
,{"stream_name":"stderr","time":2.376237943,"data":"changes and commit them, and you can discard any commits you make in this\n"}
,{"stream_name":"stderr","time":2.376240509,"data":"state without impacting any branches by switching back to a branch.\n"}
,{"stream_name":"stderr","time":2.376243059,"data":"\n"}
,{"stream_name":"stderr","time":2.376245248,"data":"If you want to create a new branch to retain commits you create, you may\n"}
,{"stream_name":"stderr","time":2.376247783,"data":"do so (now or later) by using -c with the switch command. Example:\n"}
,{"stream_name":"stderr","time":2.376250181,"data":"\n"}
,{"stream_name":"stderr","time":2.376252345,"data":"  git switch -c \u003cnew-branch-name\u003e\n"}
,{"stream_name":"stderr","time":2.376255109,"data":"\n"}
,{"stream_name":"stderr","time":2.3762572730000002,"data":"Or undo this operation with:\n"}
,{"stream_name":"stderr","time":2.376259627,"data":"\n"}
,{"stream_name":"stderr","time":2.376261785,"data":"  git switch -\n"}
,{"stream_name":"stderr","time":2.376264628,"data":"\n"}
,{"stream_name":"stderr","time":2.376268374,"data":"Turn off this advice by setting config variable advice.detachedHead to false\n"}
,{"stream_name":"stderr","time":2.376272322,"data":"\n"}
,{"stream_name":"stdout","time":2.555748076,"data":"$ nvidia-smi --query-gpu=name,memory.total --format=csv\n"}
,{"stream_name":"stderr","time":2.562837708,"data":"/bin/sh: 1: nvidia-smi: not found\n"}
,{"stream_name":"stdout","time":2.563073716,"data":"$ git -C /kaggle/working/repo log -1 --format='repo at %h %s'\n"}
,{"stream_name":"stdout","time":2.570598026,"data":"repo at d2cdd19 GRU/RTU exploratory arms: protocol section 6 and Kaggle session folders (tag rl-protocol-v2)\n"}
,{"stream_name":"stdout","time":2.571765567,"data":"$ pip -q install gymnasium tqdm\n"}
,{"stream_name":"stdout","time":9.817186902,"data":"resuming from /kaggle/input/pbr-rl-v3-gru-s4/model_data\n"}
,{"stream_name":"stdout","time":39610.072195634,"data":"wall-clock limit: stopping to save output; resume in a new session\n"}
,{"stream_name":"stdout","time":39610.207035403,"data":"session done in 11.00 h\n"}
,{"stream_name":"stderr","time":39613.103786013,"data":"/usr/local/lib/python3.13/dist-packages/mistune.py:435: SyntaxWarning: invalid escape sequence '\\|'\n"}
,{"stream_name":"stderr","time":39613.1038229,"data":"  cells[i][c] = re.sub('\\\\\\\\\\|', '|', cell)\n"}
,{"stream_name":"stderr","time":39613.547716486,"data":"/usr/local/lib/python3.13/dist-packages/nbconvert/filters/filter_links.py:36: SyntaxWarning: invalid escape sequence '\\_'\n"}
,{"stream_name":"stderr","time":39613.547752535,"data":"  text = re.sub(r'_', '\\_', text) # Escape underscores in display text\n"}
,{"stream_name":"stderr","time":39614.519564361,"data":"[NbConvertApp] Converting notebook __script__.ipynb to html\n"}
,{"stream_name":"stderr","time":39615.92245807,"data":"[NbConvertApp] Writing 274120 bytes to __results__.html\n"}
]