--- TD3+RTU | threads=4 ---
--- TD3 (Twin Delayed DDPG) for GeneticPhotobioreactorEnv ---
Device: cpu | obs_dim=6 action_dim=3 | gamma=0.9995
Budget: 2,000,000 steps | Gate: project dual (stochastic + deterministic)
Hidden reset every 600 steps | SEQ_LEN=60
Demo replay: 24 scripted-expert episodes, 25% of every training batch, never evicted

  [RESUME] step=1,100,000 D0 online_buffer=217 episodes
  Collecting 24 scripted-expert demonstration episodes (mix {0: 0.4, 1: 0.4, 2: 0.2})...
    demo  1/24  D1  harvested=13756.7mg  time_avg_od=0.7989
    demo  2/24  D0  harvested=16518.3mg  time_avg_od=0.7943
    demo  3/24  D1  harvested=14032.5mg  time_avg_od=0.7575
    demo  4/24  D2  harvested=10120.5mg  time_avg_od=0.7734
    demo  5/24  D2  harvested=10238.2mg  time_avg_od=0.7752
    demo  6/24  D0  harvested=10064.0mg  time_avg_od=0.7402
    demo  7/24  D0  harvested=12845.8mg  time_avg_od=0.7446
    demo  8/24  D0  harvested=13878.2mg  time_avg_od=0.7566
    demo  9/24  D1  harvested=14179.3mg  time_avg_od=0.7488
    demo 10/24  D2  harvested=17078.0mg  time_avg_od=0.7780
    demo 11/24  D1  harvested= 8562.8mg  time_avg_od=0.7374
    demo 12/24  D1  harvested=12284.8mg  time_avg_od=0.7893
    demo 13/24  D1  harvested=15545.8mg  time_avg_od=0.8270
    demo 14/24  D0  harvested=11150.2mg  time_avg_od=0.7355
    demo 15/24  D1  harvested=11685.4mg  time_avg_od=0.7806
    demo 16/24  D2  harvested= 8632.5mg  time_avg_od=0.7319
    demo 17/24  D0  harvested=11069.6mg  time_avg_od=0.7884
    demo 18/24  D0  harvested=13986.2mg  time_avg_od=0.7977
    demo 19/24  D0  harvested=10264.6mg  time_avg_od=0.7533
    demo 20/24  D1  harvested=12565.9mg  time_avg_od=0.7354
    demo 21/24  D1  harvested=14125.2mg  time_avg_od=0.7714
    demo 22/24  D1  harvested= 8227.4mg  time_avg_od=0.7182
    demo 23/24  D0  harvested=14012.5mg  time_avg_od=0.7700
    demo 24/24  D0  harvested=19121.6mg  time_avg_od=0.8742

[Chunk] train_diff=D0 | mastery_diff=D0 | init=190 | steps=100,000

  [Stoch] D0 cvar10_harvest=1582.1
  [Det] eps=8 harvest_mg=11570.5 p25=4596.2 time_avg_od=0.0350 crash=77.8%
  [Det/bucket] 120:1601*  250:3326*  380:5020*  700:8853*  1100:14288*  1500:19348*  2500:31724  4000:48100  45:596*
  [Det/window] full-episode median=11570.5  back-half median=554.9  back-half share=5%
  Curriculum hold D0 | chunk_eps=25 eps=40 harvest_mg=2768.8 p25=2185.1 time_avg_od=0.0227 crash=95.00% adv=0/2 dem=0/2 capfail=3/12

[Chunk] train_diff=D0 | mastery_diff=D0 | init=226 | steps=100,000

  [Stoch] D0 cvar10_harvest=1563.1
  [Det] eps=8 harvest_mg=11331.3 p25=4494.4 time_avg_od=0.0274 crash=88.9%
  [Det/bucket] 120:1577*  250:3287*  380:4897*  700:8788*  1100:13875*  1500:18812*  2500:30884*  4000:46619  45:573*
  [Det/window] full-episode median=11331.3  back-half median=444.9  back-half share=4%
  Curriculum hold D0 | chunk_eps=26 eps=40 harvest_mg=2856.8 p25=2029.7 time_avg_od=0.0130 crash=100.00% adv=0/2 dem=0/2 capfail=4/12

[Chunk] train_diff=D0 | mastery_diff=D0 | init=241 | steps=100,000

  [Stoch] D0 cvar10_harvest=1375.4
  [Det] eps=8 harvest_mg=11281.6 p25=4515.6 time_avg_od=0.0322 crash=100.0%
  [Det/bucket] 120:1558*  250:3294*  380:4923*  700:8688*  1100:13875*  1500:18792*  2500:30626*  4000:46226*  45:558*
  [Det/window] full-episode median=11281.6  back-half median=530.4  back-half share=5%
  Curriculum hold D0 | chunk_eps=27 eps=40 harvest_mg=2693.3 p25=1777.1 time_avg_od=0.0100 crash=100.00% adv=0/2 dem=0/2 capfail=5/12

[Chunk] train_diff=D0 | mastery_diff=D0 | init=1,121 | steps=100,000

  [Stoch] D0 cvar10_harvest=1392.7
  [Det] eps=8 harvest_mg=11128.9 p25=4495.2 time_avg_od=0.0307 crash=100.0%
  [Det/bucket] 120:1598*  250:3265*  380:4905*  700:8578*  1100:13679*  1500:18554*  2500:30078*  4000:45169*  45:590*
  [Det/window] full-episode median=11128.9  back-half median=420.0  back-half share=4%
  Curriculum hold D0 | chunk_eps=26 eps=40 harvest_mg=3043.7 p25=1900.3 time_avg_od=0.0121 crash=100.00% adv=0/2 dem=0/2 capfail=6/12

[Chunk] train_diff=D0 | mastery_diff=D0 | init=146 | steps=100,000

  [Stoch] D0 cvar10_harvest=1495.3
  [Det] eps=8 harvest_mg=11177.7 p25=4559.5 time_avg_od=0.0292 crash=100.0%
  [Det/bucket] 120:1602*  250:3314*  380:4975*  700:8719*  1100:13636*  1500:18494*  2500:29859*  4000:44752*  45:564*
  [Det/window] full-episode median=11177.7  back-half median=495.4  back-half share=4%
  Curriculum hold D0 | chunk_eps=27 eps=40 harvest_mg=2939.4 p25=1803.5 time_avg_od=0.0096 crash=100.00% adv=0/2 dem=0/2 capfail=7/12

[Chunk] train_diff=D0 | mastery_diff=D0 | init=281 | steps=100,000

  [Stoch] D0 cvar10_harvest=1463.7
  [Det] eps=8 harvest_mg=11211.1 p25=4569.6 time_avg_od=0.0228 crash=100.0%
  [Det/bucket] 120:1607*  250:3262*  380:5005*  700:8723*  1100:13699*  1500:18310*  2500:29888*  4000:45205*  45:573*
  [Det/window] full-episode median=11211.1  back-half median=335.2  back-half share=3%
  Curriculum hold D0 | chunk_eps=26 eps=40 harvest_mg=2869.1 p25=1786.2 time_avg_od=0.0093 crash=100.00% adv=0/2 dem=0/2 capfail=8/12

[Chunk] train_diff=D0 | mastery_diff=D0 | init=162 | steps=100,000

  [Stoch] D0 cvar10_harvest=1488.6
  [Det] eps=8 harvest_mg=11357.6 p25=4636.2 time_avg_od=0.0287 crash=100.0%
  [Det/bucket] 120:1636*  250:3342*  380:5068*  700:8773*  1100:13942*  1500:18650*  2500:30228*  4000:45480*  45:561*
  [Det/window] full-episode median=11357.6  back-half median=377.3  back-half share=3%
  Curriculum hold D0 | chunk_eps=26 eps=40 harvest_mg=2904.2 p25=2130.6 time_avg_od=0.0119 crash=100.00% adv=0/2 dem=0/2 capfail=9/12

[Chunk] train_diff=D0 | mastery_diff=D0 | init=1,363 | steps=100,000

  [Stoch] D0 cvar10_harvest=1417.4
  [Det] eps=8 harvest_mg=11382.9 p25=4658.1 time_avg_od=0.0293 crash=100.0%
  [Det/bucket] 120:1594*  250:3328*  380:5101*  700:8781*  1100:13985*  1500:18548*  2500:29863*  4000:45057*  45:585*
  [Det/window] full-episode median=11382.9  back-half median=449.3  back-half share=4%
  Curriculum hold D0 | chunk_eps=26 eps=40 harvest_mg=3637.3 p25=2091.2 time_avg_od=0.0130 crash=100.00% adv=0/2 dem=0/2 capfail=10/12

[Chunk] train_diff=D0 | mastery_diff=D0 | init=273 | steps=100,000

  [Stoch] D0 cvar10_harvest=1630.7
  [Det] eps=8 harvest_mg=11216.9 p25=4626.4 time_avg_od=0.0269 crash=100.0%
  [Det/bucket] 120:1627*  250:3347*  380:5053*  700:8734*  1100:13700*  1500:18242*  2500:29386*  4000:44468*  45:588*
  [Det/window] full-episode median=11216.9  back-half median=457.0  back-half share=4%
  Curriculum hold D0 | chunk_eps=24 eps=40 harvest_mg=3536.3 p25=2251.5 time_avg_od=0.0114 crash=100.00% adv=0/2 dem=0/2 capfail=11/12

--- Training Complete. Final model saved. ---
