[{"stream_name":"stderr","time":0.932178782,"data":"Cloning into '/kaggle/working/repo'...\n"}
,{"stream_name":"stderr","time":2.347405702,"data":"Note: switching to 'd2cdd19edc10a9e956a200782b3d3ca84f8e3dba'.\n"}
,{"stream_name":"stderr","time":2.347498701,"data":"\n"}
,{"stream_name":"stderr","time":2.347506024,"data":"You are in 'detached HEAD' state. You can look around, make experimental\n"}
,{"stream_name":"stderr","time":2.347509686,"data":"changes and commit them, and you can discard any commits you make in this\n"}
,{"stream_name":"stderr","time":2.347513035,"data":"state without impacting any branches by switching back to a branch.\n"}
,{"stream_name":"stderr","time":2.347516181,"data":"\n"}
,{"stream_name":"stderr","time":2.347518951,"data":"If you want to create a new branch to retain commits you create, you may\n"}
,{"stream_name":"stderr","time":2.347521902,"data":"do so (now or later) by using -c with the switch command. Example:\n"}
,{"stream_name":"stderr","time":2.347524862,"data":"\n"}
,{"stream_name":"stderr","time":2.347527673,"data":"  git switch -c \u003cnew-branch-name\u003e\n"}
,{"stream_name":"stderr","time":2.347530961,"data":"\n"}
,{"stream_name":"stderr","time":2.347534374,"data":"Or undo this operation with:\n"}
,{"stream_name":"stderr","time":2.347539068,"data":"\n"}
,{"stream_name":"stderr","time":2.347543543,"data":"  git switch -\n"}
,{"stream_name":"stderr","time":2.347548298,"data":"\n"}
,{"stream_name":"stderr","time":2.347552773,"data":"Turn off this advice by setting config variable advice.detachedHead to false\n"}
,{"stream_name":"stderr","time":2.347557498,"data":"\n"}
,{"stream_name":"stdout","time":2.548627724,"data":"$ nvidia-smi --query-gpu=name,memory.total --format=csv\n"}
,{"stream_name":"stderr","time":2.556554315,"data":"/bin/sh: 1: nvidia-smi: not found\n"}
,{"stream_name":"stdout","time":2.556865,"data":"$ git -C /kaggle/working/repo log -1 --format='repo at %h %s'\n"}
,{"stream_name":"stdout","time":2.56522159,"data":"repo at d2cdd19 GRU/RTU exploratory arms: protocol section 6 and Kaggle session folders (tag rl-protocol-v2)\n"}
,{"stream_name":"stdout","time":2.5667449209999997,"data":"$ pip -q install gymnasium tqdm\n"}
,{"stream_name":"stdout","time":10.395800928,"data":"resuming from /kaggle/input/pbr-rl-v3-rtu-s4/model_data\n"}
,{"stream_name":"stdout","time":39610.644060946,"data":"wall-clock limit: stopping to save output; resume in a new session\n"}
,{"stream_name":"stdout","time":39610.810474888,"data":"session done in 11.00 h\n"}
,{"stream_name":"stderr","time":39614.047661436,"data":"/usr/local/lib/python3.13/dist-packages/mistune.py:435: SyntaxWarning: invalid escape sequence '\\|'\n"}
,{"stream_name":"stderr","time":39614.047703532,"data":"  cells[i][c] = re.sub('\\\\\\\\\\|', '|', cell)\n"}
,{"stream_name":"stderr","time":39614.475730995,"data":"/usr/local/lib/python3.13/dist-packages/nbconvert/filters/filter_links.py:36: SyntaxWarning: invalid escape sequence '\\_'\n"}
,{"stream_name":"stderr","time":39614.47578985,"data":"  text = re.sub(r'_', '\\_', text) # Escape underscores in display text\n"}
,{"stream_name":"stderr","time":39615.565898038,"data":"[NbConvertApp] Converting notebook __script__.ipynb to html\n"}
,{"stream_name":"stderr","time":39617.354262234,"data":"[NbConvertApp] Writing 274120 bytes to __results__.html\n"}
]