--- TD3+RTU | threads=4 ---
--- TD3 (Twin Delayed DDPG) for GeneticPhotobioreactorEnv ---
Device: cpu | obs_dim=6 action_dim=3 | gamma=0.9995
Budget: 2,000,000 steps | Gate: project dual (stochastic + deterministic)
Hidden reset every 600 steps | SEQ_LEN=60
Demo replay: 24 scripted-expert episodes, 25% of every training batch, never evicted

  [RESUME] step=850,000 D0 online_buffer=125 episodes
  Collecting 24 scripted-expert demonstration episodes (mix {0: 0.4, 1: 0.4, 2: 0.2})...
    demo  1/24  D1  harvested=16472.0mg  time_avg_od=0.7819
    demo  2/24  D0  harvested=14967.6mg  time_avg_od=0.7864
    demo  3/24  D1  harvested= 9512.9mg  time_avg_od=0.7553
    demo  4/24  D2  harvested=14604.8mg  time_avg_od=0.7570
    demo  5/24  D2  harvested=11221.2mg  time_avg_od=0.7856
    demo  6/24  D0  harvested= 8095.5mg  time_avg_od=0.7287
    demo  7/24  D0  harvested=13141.0mg  time_avg_od=0.7440
    demo  8/24  D0  harvested=11349.5mg  time_avg_od=0.7505
    demo  9/24  D1  harvested=10279.9mg  time_avg_od=0.7492
    demo 10/24  D2  harvested=10827.1mg  time_avg_od=0.7718
    demo 11/24  D1  harvested= 7152.9mg  time_avg_od=0.7281
    demo 12/24  D1  harvested=13293.8mg  time_avg_od=0.7818
    demo 13/24  D1  harvested=13952.5mg  time_avg_od=0.8265
    demo 14/24  D0  harvested= 8316.6mg  time_avg_od=0.7313
    demo 15/24  D1  harvested=13704.1mg  time_avg_od=0.7669
    demo 16/24  D2  harvested= 9602.2mg  time_avg_od=0.7217
    demo 17/24  D0  harvested=13990.4mg  time_avg_od=0.7773
    demo 18/24  D0  harvested=12074.7mg  time_avg_od=0.7931
    demo 19/24  D0  harvested=11215.9mg  time_avg_od=0.7621
    demo 20/24  D1  harvested=12993.9mg  time_avg_od=0.7592
    demo 21/24  D1  harvested=10273.4mg  time_avg_od=0.7645
    demo 22/24  D1  harvested=11451.0mg  time_avg_od=0.7313
    demo 23/24  D0  harvested=13399.0mg  time_avg_od=0.7488
    demo 24/24  D0  harvested=13973.0mg  time_avg_od=0.8555

[Chunk] train_diff=D0 | mastery_diff=D0 | init=276 | steps=100,000

  [Stoch] D0 cvar10_harvest=1183.0
  [Det] eps=8 harvest_mg=4469.6 p25=3028.8 time_avg_od=4.0427 crash=22.2%
  [Det/bucket] 120:2170*  250:12474  380:15305  700:2208  1100:3303  1500:3919  2500:5020  4000:6418  45:598*
  [Det/window] full-episode median=4469.6  back-half median=2614.1  back-half share=58%
  Curriculum hold D0 | chunk_eps=15 eps=39 harvest_mg=2140.3 p25=1670.2 time_avg_od=2.2073 crash=10.26% adv=0/2 dem=0/2 capfail=8/12

[Chunk] train_diff=D0 | mastery_diff=D0 | init=1,289 | steps=100,000

  [Stoch] D0 cvar10_harvest=1669.0
  [Det] eps=8 harvest_mg=7254.4 p25=5479.0 time_avg_od=3.7084 crash=11.1%
  [Det/bucket] 120:4388  250:7850  380:11619  700:5431  1100:5495  1500:6658  2500:8816  4000:11964  45:821*
  [Det/window] full-episode median=7254.4  back-half median=3677.0  back-half share=51%
  Curriculum hold D0 | chunk_eps=15 eps=39 harvest_mg=3524.2 p25=2840.4 time_avg_od=1.4858 crash=20.51% adv=0/2 dem=0/2 capfail=0/12

[Chunk] train_diff=D0 | mastery_diff=D0 | init=303 | steps=100,000

  [Stoch] D0 cvar10_harvest=2350.2
  [Det] eps=8 harvest_mg=4798.7 p25=3774.8 time_avg_od=3.8810 crash=22.2%
  [Det/bucket] 120:3268*  250:7044  380:10042  700:3207  1100:3944  1500:4565  2500:5032  4000:6440  45:614*
  [Det/window] full-episode median=4798.7  back-half median=2314.8  back-half share=48%
  Curriculum hold D0 | chunk_eps=15 eps=39 harvest_mg=6235.6 p25=3606.2 time_avg_od=0.3602 crash=33.33% adv=0/2 dem=0/2 capfail=1/12

[Chunk] train_diff=D0 | mastery_diff=D0 | init=1,397 | steps=100,000

  [Stoch] D0 cvar10_harvest=2250.3
  [Det] eps=8 harvest_mg=4328.4 p25=3067.0 time_avg_od=4.0087 crash=11.1%
  [Det/bucket] 120:6000  250:7899  380:4182  700:1948  1100:2737  1500:3177  2500:4475  4000:5798  45:1319*
  [Det/window] full-episode median=4328.4  back-half median=2150.4  back-half share=50%
  Curriculum hold D0 | chunk_eps=15 eps=39 harvest_mg=4700.3 p25=3490.9 time_avg_od=0.0750 crash=48.72% adv=0/2 dem=0/2 capfail=0/12

[Chunk] train_diff=D0 | mastery_diff=D0 | init=185 | steps=100,000

  [Stoch] D0 cvar10_harvest=1566.5
  [Det] eps=8 harvest_mg=3931.8 p25=2625.4 time_avg_od=3.9067 crash=0.0%
  [Det/bucket] 120:1269  250:2150  380:2784  700:3036  1100:4827  1500:5257  2500:7800  4000:11279  45:651
  [Det/window] full-episode median=3931.8  back-half median=2287.9  back-half share=58%
  [BEST] new best det checkpoint saved -> model_data/td3_rtu_checkpoints_best (harvest=3931.8mg, 0% crash, D0)
  Curriculum hold D0 | chunk_eps=13 eps=39 harvest_mg=3957.4 p25=2308.1 time_avg_od=0.1269 crash=33.33% adv=0/2 dem=0/2 capfail=0/12

[Chunk] train_diff=D0 | mastery_diff=D0 | init=348 | steps=100,000

  [Stoch] D0 cvar10_harvest=1498.0
  [Det] eps=8 harvest_mg=3139.7 p25=2167.6 time_avg_od=3.8179 crash=0.0%
  [Det/bucket] 120:876  250:1738  380:2311  700:2897  1100:3382  1500:3656  2500:3917  4000:4999  45:236
  [Det/window] full-episode median=3139.7  back-half median=1961.7  back-half share=62%
  Curriculum hold D0 | chunk_eps=13 eps=39 harvest_mg=2793.3 p25=2064.9 time_avg_od=2.6243 crash=17.95% adv=0/2 dem=0/2 capfail=0/12

[Chunk] train_diff=D0 | mastery_diff=D0 | init=200 | steps=100,000

  [Stoch] D0 cvar10_harvest=964.2
  [Det] eps=8 harvest_mg=2179.8 p25=1113.9 time_avg_od=4.2746 crash=0.0%
  [Det/bucket] 120:517  250:883  380:1191  700:1762  1100:2597  1500:3136  2500:4205  4000:5353  45:172
  [Det/window] full-episode median=2179.8  back-half median=1374.6  back-half share=63%
  Curriculum hold D0 | chunk_eps=13 eps=40 harvest_mg=2048.0 p25=1594.0 time_avg_od=2.7971 crash=2.50% adv=0/2 dem=0/2 capfail=1/12

[Chunk] train_diff=D0 | mastery_diff=D0 | init=102 | steps=100,000

  [Stoch] D0 cvar10_harvest=607.1
  [Det] eps=8 harvest_mg=3020.1 p25=2193.1 time_avg_od=4.0777 crash=0.0%
  [Det/bucket] 120:981  250:1797  380:2325  700:2862  1100:3196  1500:3178  2500:4243  4000:5905  45:304
  [Det/window] full-episode median=3020.1  back-half median=1713.5  back-half share=57%
  Curriculum hold D0 | chunk_eps=13 eps=40 harvest_mg=1723.1 p25=1225.5 time_avg_od=2.5570 crash=0.00% adv=0/2 dem=0/2 capfail=0/12

[Chunk] train_diff=D0 | mastery_diff=D0 | init=3,000 | steps=100,000

