[{"stream_name":"stderr","time":1.678961116,"data":"Cloning into '/kaggle/working/repo'...\n"}
,{"stream_name":"stderr","time":3.676261865,"data":"Note: switching to '7280d1fb19fd0f1299eed47ffafb711328de4243'.\n"}
,{"stream_name":"stderr","time":3.676292335,"data":"\n"}
,{"stream_name":"stderr","time":3.676297327,"data":"You are in 'detached HEAD' state. You can look around, make experimental\n"}
,{"stream_name":"stderr","time":3.676302073,"data":"changes and commit them, and you can discard any commits you make in this\n"}
,{"stream_name":"stderr","time":3.676306196,"data":"state without impacting any branches by switching back to a branch.\n"}
,{"stream_name":"stderr","time":3.676310382,"data":"\n"}
,{"stream_name":"stderr","time":3.67631443,"data":"If you want to create a new branch to retain commits you create, you may\n"}
,{"stream_name":"stderr","time":3.6763183870000002,"data":"do so (now or later) by using -c with the switch command. Example:\n"}
,{"stream_name":"stderr","time":3.67632237,"data":"\n"}
,{"stream_name":"stderr","time":3.676326102,"data":"  git switch -c \u003cnew-branch-name\u003e\n"}
,{"stream_name":"stderr","time":3.676330872,"data":"\n"}
,{"stream_name":"stderr","time":3.676334602,"data":"Or undo this operation with:\n"}
,{"stream_name":"stderr","time":3.676338681,"data":"\n"}
,{"stream_name":"stderr","time":3.676343578,"data":"  git switch -\n"}
,{"stream_name":"stderr","time":3.676347598,"data":"\n"}
,{"stream_name":"stderr","time":3.67635141,"data":"Turn off this advice by setting config variable advice.detachedHead to false\n"}
,{"stream_name":"stderr","time":3.676356116,"data":"\n"}
,{"stream_name":"stdout","time":3.9330827299999997,"data":"$ nvidia-smi --query-gpu=name,memory.total --format=csv\n"}
,{"stream_name":"stderr","time":3.950106719,"data":"/bin/sh: 1: nvidia-smi: not found\n"}
,{"stream_name":"stdout","time":3.950500408,"data":"$ git -C /kaggle/working/repo log -1 --format='repo at %h %s'\n"}
,{"stream_name":"stdout","time":3.960852447,"data":"repo at 7280d1f 4M follow-up protocol (section 7): LRU vs LSTM at 4M steps plus an LSTM arm with reset 60\n"}
,{"stream_name":"stdout","time":3.96255106,"data":"$ pip -q install gymnasium tqdm\n"}
,{"stream_name":"stdout","time":17.602705563,"data":"resuming from /kaggle/input/notebooks/rajulkabir/pbr-rl-v3-lru-s3/model_data\n"}
,{"stream_name":"stdout","time":39617.911941748,"data":"wall-clock limit: stopping to save output; resume in a new session\n"}
,{"stream_name":"stdout","time":39618.138859387,"data":"session done in 11.00 h\n"}
,{"stream_name":"stderr","time":39621.816495981,"data":"/usr/local/lib/python3.13/dist-packages/mistune.py:435: SyntaxWarning: invalid escape sequence '\\|'\n"}
,{"stream_name":"stderr","time":39621.816543251,"data":"  cells[i][c] = re.sub('\\\\\\\\\\|', '|', cell)\n"}
,{"stream_name":"stderr","time":39622.309410832,"data":"/usr/local/lib/python3.13/dist-packages/nbconvert/filters/filter_links.py:36: SyntaxWarning: invalid escape sequence '\\_'\n"}
,{"stream_name":"stderr","time":39622.309455232,"data":"  text = re.sub(r'_', '\\_', text) # Escape underscores in display text\n"}
,{"stream_name":"stderr","time":39623.511495377,"data":"[NbConvertApp] Converting notebook __script__.ipynb to html\n"}
,{"stream_name":"stderr","time":39625.065931812,"data":"[NbConvertApp] Writing 274185 bytes to __results__.html\n"}
]