[{"stream_name":"stderr","time":0.78149651,"data":"Cloning into '/kaggle/working/repo'...\n"}
,{"stream_name":"stderr","time":1.781268131,"data":"Note: switching to 'd2cdd19edc10a9e956a200782b3d3ca84f8e3dba'.\n"}
,{"stream_name":"stderr","time":1.781293107,"data":"\n"}
,{"stream_name":"stderr","time":1.781296315,"data":"You are in 'detached HEAD' state. You can look around, make experimental\n"}
,{"stream_name":"stderr","time":1.781303026,"data":"changes and commit them, and you can discard any commits you make in this\n"}
,{"stream_name":"stderr","time":1.781305765,"data":"state without impacting any branches by switching back to a branch.\n"}
,{"stream_name":"stderr","time":1.7813084319999999,"data":"\n"}
,{"stream_name":"stderr","time":1.7813107590000001,"data":"If you want to create a new branch to retain commits you create, you may\n"}
,{"stream_name":"stderr","time":1.781313355,"data":"do so (now or later) by using -c with the switch command. Example:\n"}
,{"stream_name":"stderr","time":1.7813158919999998,"data":"\n"}
,{"stream_name":"stderr","time":1.781318119,"data":"  git switch -c \u003cnew-branch-name\u003e\n"}
,{"stream_name":"stderr","time":1.7813209159999999,"data":"\n"}
,{"stream_name":"stderr","time":1.78132343,"data":"Or undo this operation with:\n"}
,{"stream_name":"stderr","time":1.7813258840000001,"data":"\n"}
,{"stream_name":"stderr","time":1.7813281989999998,"data":"  git switch -\n"}
,{"stream_name":"stderr","time":1.781330495,"data":"\n"}
,{"stream_name":"stderr","time":1.781332766,"data":"Turn off this advice by setting config variable advice.detachedHead to false\n"}
,{"stream_name":"stderr","time":1.781335333,"data":"\n"}
,{"stream_name":"stdout","time":1.962163104,"data":"$ nvidia-smi --query-gpu=name,memory.total --format=csv\n"}
,{"stream_name":"stderr","time":1.969041246,"data":"/bin/sh: 1: nvidia-smi: not found\n"}
,{"stream_name":"stdout","time":1.969307009,"data":"$ git -C /kaggle/working/repo log -1 --format='repo at %h %s'\n"}
,{"stream_name":"stdout","time":1.9762884569999999,"data":"repo at d2cdd19 GRU/RTU exploratory arms: protocol section 6 and Kaggle session folders (tag rl-protocol-v2)\n"}
,{"stream_name":"stdout","time":1.977601962,"data":"$ pip -q install gymnasium tqdm\n"}
,{"stream_name":"stdout","time":39607.79358198,"data":"wall-clock limit: stopping to save output; resume in a new session\n"}
,{"stream_name":"stdout","time":39607.907145897,"data":"session done in 11.00 h\n"}
,{"stream_name":"stderr","time":39610.356098215,"data":"/usr/local/lib/python3.13/dist-packages/mistune.py:435: SyntaxWarning: invalid escape sequence '\\|'\n"}
,{"stream_name":"stderr","time":39610.356136826,"data":"  cells[i][c] = re.sub('\\\\\\\\\\|', '|', cell)\n"}
,{"stream_name":"stderr","time":39610.663886576,"data":"/usr/local/lib/python3.13/dist-packages/nbconvert/filters/filter_links.py:36: SyntaxWarning: invalid escape sequence '\\_'\n"}
,{"stream_name":"stderr","time":39610.663911923,"data":"  text = re.sub(r'_', '\\_', text) # Escape underscores in display text\n"}
,{"stream_name":"stderr","time":39611.557346776,"data":"[NbConvertApp] Converting notebook __script__.ipynb to html\n"}
,{"stream_name":"stderr","time":39612.686976992,"data":"[NbConvertApp] Writing 274120 bytes to __results__.html\n"}
]