--- TD3+GRU | threads=4 ---
--- TD3 (Twin Delayed DDPG) for GeneticPhotobioreactorEnv ---
Device: cpu | obs_dim=6 action_dim=3 | gamma=0.9995
Budget: 2,000,000 steps | Gate: project dual (stochastic + deterministic)
Hidden reset every 600 steps | SEQ_LEN=60
Demo replay: 24 scripted-expert episodes, 25% of every training batch, never evicted

  Collecting 24 scripted-expert demonstration episodes (mix {0: 0.4, 1: 0.4, 2: 0.2})...
    demo  1/24  D1  harvested=13056.4mg  time_avg_od=0.7970
    demo  2/24  D0  harvested=14541.6mg  time_avg_od=0.8036
    demo  3/24  D1  harvested=14654.9mg  time_avg_od=0.7574
    demo  4/24  D2  harvested=12127.6mg  time_avg_od=0.7507
    demo  5/24  D2  harvested=13326.6mg  time_avg_od=0.7611
    demo  6/24  D0  harvested=10612.4mg  time_avg_od=0.7379
    demo  7/24  D0  harvested= 9466.8mg  time_avg_od=0.7547
    demo  8/24  D0  harvested=13555.0mg  time_avg_od=0.7508
    demo  9/24  D1  harvested=13937.7mg  time_avg_od=0.7627
    demo 10/24  D2  harvested=16441.3mg  time_avg_od=0.7926
    demo 11/24  D1  harvested= 6950.7mg  time_avg_od=0.7274
    demo 12/24  D1  harvested=12754.7mg  time_avg_od=0.8226
    demo 13/24  D1  harvested=18742.8mg  time_avg_od=0.8370
    demo 14/24  D0  harvested=12462.0mg  time_avg_od=0.7388
    demo 15/24  D1  harvested= 9488.2mg  time_avg_od=0.7664
    demo 16/24  D2  harvested= 9671.2mg  time_avg_od=0.7258
    demo 17/24  D0  harvested=14615.3mg  time_avg_od=0.7714
    demo 18/24  D0  harvested=13985.8mg  time_avg_od=0.7822
    demo 19/24  D0  harvested=10660.3mg  time_avg_od=0.7547
    demo 20/24  D1  harvested=12565.9mg  time_avg_od=0.7354
    demo 21/24  D1  harvested=14125.2mg  time_avg_od=0.7714
    demo 22/24  D1  harvested= 8227.4mg  time_avg_od=0.7182
    demo 23/24  D0  harvested=14012.5mg  time_avg_od=0.7700
    demo 24/24  D0  harvested=19121.6mg  time_avg_od=0.8742

[Chunk] train_diff=D0 | mastery_diff=D0 | init=190 | steps=100,000

  [Stoch] D0 cvar10_harvest=1853.3
  [Det] eps=8 harvest_mg=15074.5 p25=6221.4 time_avg_od=0.0472 crash=77.8%
  [Det/bucket] 120:2001*  250:4456*  380:6810*  700:11215*  1100:18934*  1500:24787*  2500:40144  4000:58292  45:717*
  [Det/window] full-episode median=15074.5  back-half median=981.5  back-half share=7%
  Curriculum hold D0 | chunk_eps=19 eps=19 harvest_mg=4498.1 p25=2609.6 time_avg_od=0.0266 crash=84.21% adv=0/2 dem=0/2 capfail=0/12

[Chunk] train_diff=D0 | mastery_diff=D0 | init=327 | steps=100,000

  [Stoch] D0 cvar10_harvest=1817.9
  [Det] eps=8 harvest_mg=14910.3 p25=6074.7 time_avg_od=0.0462 crash=77.8%
  [Det/bucket] 120:2121*  250:4384*  380:6638*  700:11238*  1100:18583*  1500:24848*  2500:39844  4000:57672  45:632*
  [Det/window] full-episode median=14910.3  back-half median=996.9  back-half share=7%
  Curriculum hold D0 | chunk_eps=20 eps=38 harvest_mg=4165.0 p25=2512.8 time_avg_od=0.0266 crash=92.11% adv=0/2 dem=0/2 capfail=1/12

[Chunk] train_diff=D0 | mastery_diff=D0 | init=192 | steps=100,000

  [Stoch] D0 cvar10_harvest=1899.6
  [Det] eps=8 harvest_mg=14975.8 p25=6148.8 time_avg_od=0.0536 crash=77.8%
  [Det/bucket] 120:1948*  250:4453*  380:6714*  700:11132*  1100:18820*  1500:25032*  2500:39923  4000:58298  45:671*
  [Det/window] full-episode median=14975.8  back-half median=822.8  back-half share=5%
  Curriculum hold D0 | chunk_eps=20 eps=37 harvest_mg=3640.0 p25=2627.0 time_avg_od=0.0236 crash=97.30% adv=0/2 dem=0/2 capfail=2/12

[Chunk] train_diff=D0 | mastery_diff=D0 | init=135 | steps=100,000

  [Stoch] D0 cvar10_harvest=2060.8
  [Det] eps=8 harvest_mg=15952.5 p25=8106.1 time_avg_od=0.0810 crash=22.2%
  [Det/bucket] 120:3276*  250:6288  380:8712  700:12337*  1100:19568  1500:25456  2500:40152  4000:57729  45:1139
  [Det/window] full-episode median=15952.5  back-half median=1587.2  back-half share=10%
  Curriculum hold D0 | chunk_eps=17 eps=36 harvest_mg=4716.9 p25=2782.8 time_avg_od=0.0247 crash=83.33% adv=0/2 dem=0/2 capfail=3/12

[Chunk] train_diff=D0 | mastery_diff=D0 | init=111 | steps=100,000

  [Stoch] D0 cvar10_harvest=2497.8
  [Det] eps=8 harvest_mg=16304.4 p25=9954.5 time_avg_od=0.1202 crash=11.1%
  [Det/bucket] 120:10323  250:6204  380:8850  700:12219*  1100:20390  1500:25913  2500:40297  4000:57933  45:1235
  [Det/window] full-episode median=16304.4  back-half median=2303.5  back-half share=14%
  Curriculum hold D0 | chunk_eps=13 eps=38 harvest_mg=6060.2 p25=3669.9 time_avg_od=0.0489 crash=52.63% adv=0/2 dem=0/2 capfail=4/12

[Chunk] train_diff=D0 | mastery_diff=D0 | init=349 | steps=100,000

  [Stoch] D0 cvar10_harvest=3114.3
  [Det] eps=8 harvest_mg=16075.8 p25=11233.9 time_avg_od=0.6170 crash=0.0%
  [Det/bucket] 120:8836  250:11459  380:10557  700:12440  1100:19711  1500:26209  2500:40235  4000:58011  45:4467
  [Det/window] full-episode median=16075.8  back-half median=4317.4  back-half share=27%
  [BEST] new best det checkpoint saved -> model_data/td3_gru_checkpoints_best (harvest=16075.8mg, 0% crash, D0)
  Curriculum hold D0 | chunk_eps=13 eps=37 harvest_mg=7014.0 p25=4375.9 time_avg_od=0.1250 crash=18.92% adv=0/2 dem=0/2 capfail=0/12

[Chunk] train_diff=D0 | mastery_diff=D0 | init=111 | steps=100,000

  [Stoch] D0 cvar10_harvest=2997.4
  [Det] eps=8 harvest_mg=16449.0 p25=8720.2 time_avg_od=0.3672 crash=0.0%
  [Det/bucket] 120:3091  250:6601  380:9427  700:12249  1100:20649  1500:26112  2500:41216  4000:59084  45:923
  [Det/window] full-episode median=16449.0  back-half median=4006.3  back-half share=24%
  [BEST] new best det checkpoint saved -> model_data/td3_gru_checkpoints_best (harvest=16449.0mg, 0% crash, D0)
  Curriculum hold D0 | chunk_eps=13 eps=39 harvest_mg=7996.6 p25=4944.1 time_avg_od=0.1902 crash=0.00% adv=1/2 dem=0/2 capfail=0/12

[Chunk] train_diff=D0 | mastery_diff=D0 | init=107 | steps=100,000

  [Stoch] D0 cvar10_harvest=2510.1
  [Det] eps=8 harvest_mg=15262.5 p25=6777.5 time_avg_od=0.1109 crash=11.1%
  [Det/bucket] 120:2386  250:5150  380:7320  700:11512  1100:19013  1500:25235  2500:40286  4000:57797  45:930*
  [Det/window] full-episode median=15262.5  back-half median=1623.3  back-half share=11%
  Curriculum hold D0 | chunk_eps=13 eps=38 harvest_mg=7661.0 p25=4573.0 time_avg_od=0.2030 crash=0.00% adv=0/2 dem=0/2 capfail=1/12

[Chunk] train_diff=D0 | mastery_diff=D0 | init=329 | steps=100,000

  [Stoch] D0 cvar10_harvest=2204.1
  [Det] eps=8 harvest_mg=15145.3 p25=6222.1 time_avg_od=0.0517 crash=77.8%
  [Det/bucket] 120:2043*  250:4422*  380:6822*  700:11035*  1100:19256*  1500:25150*  2500:40458  4000:57833  45:641*
  [Det/window] full-episode median=15145.3  back-half median=1116.7  back-half share=7%
  Curriculum hold D0 | chunk_eps=16 eps=38 harvest_mg=5463.8 p25=2897.5 time_avg_od=0.1034 crash=23.68% adv=0/2 dem=0/2 capfail=2/12

[Chunk] train_diff=D0 | mastery_diff=D0 | init=115 | steps=100,000

  [Stoch] D0 cvar10_harvest=1940.3
