[{"stream_name":"stderr","time":1.425486894,"data":"Cloning into '/kaggle/working/repo'...\n"}
,{"stream_name":"stderr","time":2.921161765,"data":"Note: switching to 'd2cdd19edc10a9e956a200782b3d3ca84f8e3dba'.\n"}
,{"stream_name":"stderr","time":2.921200281,"data":"\n"}
,{"stream_name":"stderr","time":2.921205236,"data":"You are in 'detached HEAD' state. You can look around, make experimental\n"}
,{"stream_name":"stderr","time":2.921225405,"data":"changes and commit them, and you can discard any commits you make in this\n"}
,{"stream_name":"stderr","time":2.921230558,"data":"state without impacting any branches by switching back to a branch.\n"}
,{"stream_name":"stderr","time":2.921235268,"data":"\n"}
,{"stream_name":"stderr","time":2.921239261,"data":"If you want to create a new branch to retain commits you create, you may\n"}
,{"stream_name":"stderr","time":2.921244503,"data":"do so (now or later) by using -c with the switch command. Example:\n"}
,{"stream_name":"stderr","time":2.921249146,"data":"\n"}
,{"stream_name":"stderr","time":2.9212528779999998,"data":"  git switch -c \u003cnew-branch-name\u003e\n"}
,{"stream_name":"stderr","time":2.921257338,"data":"\n"}
,{"stream_name":"stderr","time":2.921261176,"data":"Or undo this operation with:\n"}
,{"stream_name":"stderr","time":2.92126515,"data":"\n"}
,{"stream_name":"stderr","time":2.9212688399999998,"data":"  git switch -\n"}
,{"stream_name":"stderr","time":2.9212726140000003,"data":"\n"}
,{"stream_name":"stderr","time":2.921276314,"data":"Turn off this advice by setting config variable advice.detachedHead to false\n"}
,{"stream_name":"stderr","time":2.921280372,"data":"\n"}
,{"stream_name":"stdout","time":3.124995789,"data":"$ nvidia-smi --query-gpu=name,memory.total --format=csv\n"}
,{"stream_name":"stderr","time":3.136101024,"data":"/bin/sh: 1: nvidia-smi: not found\n"}
,{"stream_name":"stdout","time":3.136391075,"data":"$ git -C /kaggle/working/repo log -1 --format='repo at %h %s'\n"}
,{"stream_name":"stdout","time":3.145122679,"data":"repo at d2cdd19 GRU/RTU exploratory arms: protocol section 6 and Kaggle session folders (tag rl-protocol-v2)\n"}
,{"stream_name":"stdout","time":3.146943999,"data":"$ pip -q install gymnasium tqdm\n"}
,{"stream_name":"stdout","time":14.561408953,"data":"resuming from /kaggle/input/pbr-rl-v3-gru-s2/model_data\n"}
,{"stream_name":"stdout","time":5774.771836278,"data":"session done in 1.60 h\n"}
,{"stream_name":"stderr","time":5778.203669353,"data":"/usr/local/lib/python3.13/dist-packages/mistune.py:435: SyntaxWarning: invalid escape sequence '\\|'\n"}
,{"stream_name":"stderr","time":5778.203719769,"data":"  cells[i][c] = re.sub('\\\\\\\\\\|', '|', cell)\n"}
,{"stream_name":"stderr","time":5778.764717418,"data":"/usr/local/lib/python3.13/dist-packages/nbconvert/filters/filter_links.py:36: SyntaxWarning: invalid escape sequence '\\_'\n"}
,{"stream_name":"stderr","time":5778.764760718,"data":"  text = re.sub(r'_', '\\_', text) # Escape underscores in display text\n"}
,{"stream_name":"stderr","time":5779.895007483,"data":"[NbConvertApp] Converting notebook __script__.ipynb to html\n"}
,{"stream_name":"stderr","time":5781.617888448,"data":"[NbConvertApp] Writing 274120 bytes to __results__.html\n"}
]