--- TD3 (Twin Delayed DDPG) for GeneticPhotobioreactorEnv ---
Device: cpu | obs_dim=6 action_dim=3 | gamma=0.9995
Budget: 2,000,000 steps | Gate: project dual (stochastic + deterministic)
Hidden reset every 60 steps | SEQ_LEN=60
Demo replay: 24 scripted-expert episodes, 25% of every training batch, never evicted

  [RESUME] step=1,200,000 D1 online_buffer=159 episodes
  Collecting 24 scripted-expert demonstration episodes (mix {0: 0.4, 1: 0.4, 2: 0.2})...
    demo  1/24  D1  harvested=13015.4mg  time_avg_od=0.7929
    demo  2/24  D0  harvested=10667.5mg  time_avg_od=0.7916
    demo  3/24  D1  harvested=10648.7mg  time_avg_od=0.7608
    demo  4/24  D2  harvested=12944.2mg  time_avg_od=0.7693
    demo  5/24  D2  harvested=16676.3mg  time_avg_od=0.7946
    demo  6/24  D0  harvested= 7523.5mg  time_avg_od=0.7299
    demo  7/24  D0  harvested= 9901.3mg  time_avg_od=0.7373
    demo  8/24  D0  harvested= 9900.5mg  time_avg_od=0.7684
    demo  9/24  D1  harvested= 9466.6mg  time_avg_od=0.7659
    demo 10/24  D2  harvested=12640.1mg  time_avg_od=0.8354
    demo 11/24  D1  harvested=10461.6mg  time_avg_od=0.7174
    demo 12/24  D1  harvested=13763.4mg  time_avg_od=0.8147
    demo 13/24  D1  harvested=17548.7mg  time_avg_od=0.8449
    demo 14/24  D0  harvested= 7804.8mg  time_avg_od=0.7351
    demo 15/24  D1  harvested=13571.2mg  time_avg_od=0.7642
    demo 16/24  D2  harvested= 9470.7mg  time_avg_od=0.7230
    demo 17/24  D0  harvested=13877.1mg  time_avg_od=0.7789
    demo 18/24  D0  harvested=16750.8mg  time_avg_od=0.7907
    demo 19/24  D0  harvested=14696.7mg  time_avg_od=0.7798
    demo 20/24  D1  harvested= 8572.9mg  time_avg_od=0.7485
    demo 21/24  D1  harvested=10402.8mg  time_avg_od=0.7611
    demo 22/24  D1  harvested= 9085.9mg  time_avg_od=0.7146
    demo 23/24  D0  harvested= 8756.6mg  time_avg_od=0.7581
    demo 24/24  D0  harvested=16989.9mg  time_avg_od=0.8653

[Chunk] train_diff=D0 | mastery_diff=D1 | init=149 | steps=100,000

  [Stoch] D1 cvar10_harvest=1428.5
  [Det] eps=8 harvest_mg=1132.2 p25=404.8 time_avg_od=1.6372 crash=0.0%
  [Det/bucket] 120:95  250:295  380:441  700:1065  1100:1200  1500:1734  2500:3085  4000:4533  45:76
  [Det/window] full-episode median=1132.2  back-half median=631.9  back-half share=56%
  Curriculum hold D1 | chunk_eps=13 eps=34 harvest_mg=2096.9 p25=1757.4 time_avg_od=0.9379 crash=0.00% adv=0/2 dem=0/2 capfail=5/12

[Chunk] train_diff=D1 | mastery_diff=D1 | init=174 | steps=100,000

  [Stoch] D1 cvar10_harvest=318.0
  [Det] eps=8 harvest_mg=1026.7 p25=392.4 time_avg_od=1.6329 crash=0.0%
  [Det/bucket] 120:156  250:315  380:418  700:854  1100:1199  1500:1685  2500:2740  4000:4330  45:75
  [Det/window] full-episode median=1026.7  back-half median=508.2  back-half share=49%
  Curriculum hold D1 | chunk_eps=13 eps=32 harvest_mg=1969.9 p25=1419.6 time_avg_od=0.7164 crash=0.00% adv=0/2 dem=0/2 capfail=6/12

[Chunk] train_diff=D1 | mastery_diff=D1 | init=228 | steps=100,000

  [Stoch] D1 cvar10_harvest=187.1
  [Det] eps=8 harvest_mg=971.7 p25=435.0 time_avg_od=1.6560 crash=0.0%
  [Det/bucket] 120:127  250:372  380:456  700:856  1100:1087  1500:1495  2500:2844  4000:4172  45:96
  [Det/window] full-episode median=971.7  back-half median=502.8  back-half share=52%
  Curriculum hold D1 | chunk_eps=13 eps=33 harvest_mg=1331.7 p25=412.0 time_avg_od=0.7766 crash=0.00% adv=0/2 dem=0/2 capfail=7/12

[Chunk] train_diff=D0 | mastery_diff=D1 | init=181 | steps=100,000

  [Stoch] D1 cvar10_harvest=187.1
  [Det] eps=8 harvest_mg=1052.3 p25=723.5 time_avg_od=1.6457 crash=0.0%
  [Det/bucket] 120:308  250:520  380:843  700:791  1100:1262  1500:1781  2500:2334  4000:3914  45:149
  [Det/window] full-episode median=1052.3  back-half median=574.4  back-half share=55%
  Curriculum hold D1 | chunk_eps=13 eps=33 harvest_mg=1331.7 p25=412.0 time_avg_od=0.7766 crash=0.00% adv=0/2 dem=0/2 capfail=8/12

[Chunk] train_diff=D1 | mastery_diff=D1 | init=3,000 | steps=100,000

  [Stoch] D1 cvar10_harvest=187.1
  [Det] eps=8 harvest_mg=1129.4 p25=835.0 time_avg_od=1.6435 crash=0.0%
  [Det/bucket] 120:338  250:541  380:1073  700:933  1100:1186  1500:1636  2500:2865  4000:3771  45:74
  [Det/window] full-episode median=1129.4  back-half median=619.9  back-half share=55%
  Curriculum hold D1 | chunk_eps=13 eps=33 harvest_mg=819.3 p25=399.9 time_avg_od=1.1217 crash=0.00% adv=0/2 dem=0/2 capfail=9/12

[Chunk] train_diff=D1 | mastery_diff=D1 | init=870 | steps=100,000

  [Stoch] D1 cvar10_harvest=189.7
  [Det] eps=8 harvest_mg=1215.1 p25=898.1 time_avg_od=1.6325 crash=0.0%
  [Det/bucket] 120:280  250:545  380:1016  700:1243  1100:1187  1500:1577  2500:2821  4000:3967  45:174
  [Det/window] full-episode median=1215.1  back-half median=652.0  back-half share=54%
  Curriculum hold D1 | chunk_eps=13 eps=34 harvest_mg=1053.2 p25=403.0 time_avg_od=1.3748 crash=0.00% adv=0/2 dem=0/2 capfail=10/12

[Chunk] train_diff=D1 | mastery_diff=D1 | init=846 | steps=100,000

  [Stoch] D1 cvar10_harvest=270.4
  [Det] eps=8 harvest_mg=1767.5 p25=739.5 time_avg_od=1.5797 crash=0.0%
  [Det/bucket] 120:289  250:528  380:810  700:1457  1100:2320  1500:2078  2500:2829  4000:3696  45:177
  [Det/window] full-episode median=1767.5  back-half median=935.0  back-half share=53%
  Curriculum hold D1 | chunk_eps=13 eps=34 harvest_mg=1088.3 p25=558.7 time_avg_od=1.4298 crash=0.00% adv=0/2 dem=0/2 capfail=11/12

[Chunk] train_diff=D1 | mastery_diff=D1 | init=3,000 | steps=100,000

  [Stoch] D1 cvar10_harvest=262.4
  [Det] eps=8 harvest_mg=1802.3 p25=908.2 time_avg_od=1.5766 crash=0.0%
  [Det/bucket] 120:255  250:624  380:1003  700:1456  1100:2149  1500:2632  2500:2482  4000:3779  45:146
  [Det/window] full-episode median=1802.3  back-half median=983.5  back-half share=55%
  [CAPABILITY DEMOTION] deterministic gate failed 12 consecutive chunks at D1 (crash rate 0.00%) — dropping a tier to restore a solvable task
  Curriculum DEMOTED: D1 -> D0 | chunk_eps=13 harvest_mg=1088.3 p25=379.6 time_avg_od=1.3748 crash=0.00%

--- Training Complete. Final model saved. ---
