[{"stream_name":"stderr","time":0.963693883,"data":"Cloning into '/kaggle/working/repo'...\n"}
,{"stream_name":"stderr","time":2.5356048429999998,"data":"Note: switching to '83f6b9b673444e3011af751eee045f4fc9360f62'.\n"}
,{"stream_name":"stderr","time":2.535634609,"data":"\n"}
,{"stream_name":"stderr","time":2.5356402019999997,"data":"You are in 'detached HEAD' state. You can look around, make experimental\n"}
,{"stream_name":"stderr","time":2.535645712,"data":"changes and commit them, and you can discard any commits you make in this\n"}
,{"stream_name":"stderr","time":2.535650609,"data":"state without impacting any branches by switching back to a branch.\n"}
,{"stream_name":"stderr","time":2.5356551,"data":"\n"}
,{"stream_name":"stderr","time":2.535659457,"data":"If you want to create a new branch to retain commits you create, you may\n"}
,{"stream_name":"stderr","time":2.535664197,"data":"do so (now or later) by using -c with the switch command. Example:\n"}
,{"stream_name":"stderr","time":2.535668873,"data":"\n"}
,{"stream_name":"stderr","time":2.535673147,"data":"  git switch -c \u003cnew-branch-name\u003e\n"}
,{"stream_name":"stderr","time":2.535678504,"data":"\n"}
,{"stream_name":"stderr","time":2.535681642,"data":"Or undo this operation with:\n"}
,{"stream_name":"stderr","time":2.535684589,"data":"\n"}
,{"stream_name":"stderr","time":2.535687452,"data":"  git switch -\n"}
,{"stream_name":"stderr","time":2.535690412,"data":"\n"}
,{"stream_name":"stderr","time":2.535693537,"data":"Turn off this advice by setting config variable advice.detachedHead to false\n"}
,{"stream_name":"stderr","time":2.5356966720000003,"data":"\n"}
,{"stream_name":"stdout","time":2.7159812949999997,"data":"$ nvidia-smi --query-gpu=name,memory.total --format=csv\n"}
,{"stream_name":"stderr","time":2.723483565,"data":"/bin/sh: 1: nvidia-smi: not found\n"}
,{"stream_name":"stdout","time":2.723821976,"data":"$ git -C /kaggle/working/repo log -1 --format='repo at %h %s'\n"}
,{"stream_name":"stdout","time":2.728463264,"data":"repo at 83f6b9b Comparison protocol: final split, TD3_SEED, 5-seed LRU/LSTM sweep sessions, hierarchical-bootstrap compare\n"}
,{"stream_name":"stdout","time":2.729247407,"data":"$ pip -q install gymnasium tqdm\n"}
,{"stream_name":"stdout","time":39609.53468368,"data":"wall-clock limit: stopping to save output; resume in a new session\n"}
,{"stream_name":"stdout","time":39609.719160863,"data":"session done in 11.00 h\n"}
,{"stream_name":"stderr","time":39612.751568628,"data":"/usr/local/lib/python3.12/dist-packages/mistune.py:435: SyntaxWarning: invalid escape sequence '\\|'\n"}
,{"stream_name":"stderr","time":39612.751616374,"data":"  cells[i][c] = re.sub('\\\\\\\\\\|', '|', cell)\n"}
,{"stream_name":"stderr","time":39613.157979937,"data":"/usr/local/lib/python3.12/dist-packages/nbconvert/filters/filter_links.py:36: SyntaxWarning: invalid escape sequence '\\_'\n"}
,{"stream_name":"stderr","time":39613.158020271,"data":"  text = re.sub(r'_', '\\_', text) # Escape underscores in display text\n"}
,{"stream_name":"stderr","time":39613.987702052,"data":"[NbConvertApp] Converting notebook __script__.ipynb to html\n"}
,{"stream_name":"stderr","time":39615.876931664,"data":"[NbConvertApp] Writing 274233 bytes to __results__.html\n"}
]