--- TD3+GRU | threads=4 ---
--- TD3 (Twin Delayed DDPG) for GeneticPhotobioreactorEnv ---
Device: cpu | obs_dim=6 action_dim=3 | gamma=0.9995
Budget: 2,000,000 steps | Gate: project dual (stochastic + deterministic)
Hidden reset every 600 steps | SEQ_LEN=60
Demo replay: 24 scripted-expert episodes, 25% of every training batch, never evicted

  [RESUME] step=1,800,000 D0 online_buffer=291 episodes
  Collecting 24 scripted-expert demonstration episodes (mix {0: 0.4, 1: 0.4, 2: 0.2})...
    demo  1/24  D1  harvested=16472.0mg  time_avg_od=0.7819
    demo  2/24  D0  harvested=14967.6mg  time_avg_od=0.7864
    demo  3/24  D1  harvested= 9512.9mg  time_avg_od=0.7553
    demo  4/24  D2  harvested=14604.8mg  time_avg_od=0.7570
    demo  5/24  D2  harvested=11221.2mg  time_avg_od=0.7856
    demo  6/24  D0  harvested= 8095.5mg  time_avg_od=0.7287
    demo  7/24  D0  harvested=13141.0mg  time_avg_od=0.7440
    demo  8/24  D0  harvested=11349.5mg  time_avg_od=0.7505
    demo  9/24  D1  harvested=10279.9mg  time_avg_od=0.7492
    demo 10/24  D2  harvested=10827.1mg  time_avg_od=0.7718
    demo 11/24  D1  harvested= 7152.9mg  time_avg_od=0.7281
    demo 12/24  D1  harvested=13293.8mg  time_avg_od=0.7818
    demo 13/24  D1  harvested=13952.5mg  time_avg_od=0.8265
    demo 14/24  D0  harvested= 8316.6mg  time_avg_od=0.7313
    demo 15/24  D1  harvested=13704.1mg  time_avg_od=0.7669
    demo 16/24  D2  harvested= 9602.2mg  time_avg_od=0.7217
    demo 17/24  D0  harvested=13990.4mg  time_avg_od=0.7773
    demo 18/24  D0  harvested=12074.7mg  time_avg_od=0.7931
    demo 19/24  D0  harvested=11215.9mg  time_avg_od=0.7621
    demo 20/24  D1  harvested=12993.9mg  time_avg_od=0.7592
    demo 21/24  D1  harvested=10273.4mg  time_avg_od=0.7645
    demo 22/24  D1  harvested=11451.0mg  time_avg_od=0.7313
    demo 23/24  D0  harvested=13399.0mg  time_avg_od=0.7488
    demo 24/24  D0  harvested=13973.0mg  time_avg_od=0.8555

[Chunk] train_diff=D0 | mastery_diff=D0 | init=276 | steps=100,000

  [Stoch] D0 cvar10_harvest=691.7
  [Det] eps=8 harvest_mg=2605.9 p25=1893.8 time_avg_od=1.5539 crash=33.3%
  [Det/bucket] 120:2058*  250:4390*  380:983  700:1401  1100:2325  1500:2887  2500:5316  4000:15539  45:647*
  [Det/window] full-episode median=2605.9  back-half median=1006.8  back-half share=39%
  Curriculum hold D0 | chunk_eps=16 eps=40 harvest_mg=3144.1 p25=1668.2 time_avg_od=0.0892 crash=40.00% adv=0/2 dem=0/2 capfail=6/12

[Chunk] train_diff=D0 | mastery_diff=D0 | init=265 | steps=100,000

  [Stoch] D0 cvar10_harvest=691.7
  [Det] eps=8 harvest_mg=7211.8 p25=4288.6 time_avg_od=0.8537 crash=44.4%
  [Det/bucket] 120:2002*  250:4508*  380:6734*  700:10569  1100:7689  1500:3631  2500:8044  4000:24522  45:652*
  [Det/window] full-episode median=7211.8  back-half median=2146.9  back-half share=30%
  Curriculum hold D0 | chunk_eps=21 eps=40 harvest_mg=3026.3 p25=2022.2 time_avg_od=0.0395 crash=62.50% adv=0/2 dem=0/2 capfail=7/12

--- Training Complete. Final model saved. ---
