[{"stream_name":"stderr","time":0.884297161,"data":"Cloning into '/kaggle/working/repo'...\n"}
,{"stream_name":"stderr","time":2.809707764,"data":"Note: switching to '83f6b9b673444e3011af751eee045f4fc9360f62'.\n"}
,{"stream_name":"stderr","time":2.8097374410000002,"data":"\n"}
,{"stream_name":"stderr","time":2.809742404,"data":"You are in 'detached HEAD' state. You can look around, make experimental\n"}
,{"stream_name":"stderr","time":2.8097466,"data":"changes and commit them, and you can discard any commits you make in this\n"}
,{"stream_name":"stderr","time":2.809750669,"data":"state without impacting any branches by switching back to a branch.\n"}
,{"stream_name":"stderr","time":2.809754838,"data":"\n"}
,{"stream_name":"stderr","time":2.809758416,"data":"If you want to create a new branch to retain commits you create, you may\n"}
,{"stream_name":"stderr","time":2.809762488,"data":"do so (now or later) by using -c with the switch command. Example:\n"}
,{"stream_name":"stderr","time":2.809766329,"data":"\n"}
,{"stream_name":"stderr","time":2.809770249,"data":"  git switch -c \u003cnew-branch-name\u003e\n"}
,{"stream_name":"stderr","time":2.809775188,"data":"\n"}
,{"stream_name":"stderr","time":2.8097789090000003,"data":"Or undo this operation with:\n"}
,{"stream_name":"stderr","time":2.809782727,"data":"\n"}
,{"stream_name":"stderr","time":2.809786145,"data":"  git switch -\n"}
,{"stream_name":"stderr","time":2.809789939,"data":"\n"}
,{"stream_name":"stderr","time":2.80979297,"data":"Turn off this advice by setting config variable advice.detachedHead to false\n"}
,{"stream_name":"stderr","time":2.80979569,"data":"\n"}
,{"stream_name":"stdout","time":2.959690916,"data":"$ nvidia-smi --query-gpu=name,memory.total --format=csv\n"}
,{"stream_name":"stderr","time":2.965183693,"data":"/bin/sh: 1: nvidia-smi: not found\n"}
,{"stream_name":"stdout","time":2.965431371,"data":"$ git -C /kaggle/working/repo log -1 --format='repo at %h %s'\n"}
,{"stream_name":"stdout","time":2.969812453,"data":"repo at 83f6b9b Comparison protocol: final split, TD3_SEED, 5-seed LRU/LSTM sweep sessions, hierarchical-bootstrap compare\n"}
,{"stream_name":"stdout","time":2.970495065,"data":"$ pip -q install gymnasium tqdm\n"}
,{"stream_name":"stdout","time":39609.006968302,"data":"wall-clock limit: stopping to save output; resume in a new session\n"}
,{"stream_name":"stdout","time":39609.202155714,"data":"session done in 11.00 h\n"}
,{"stream_name":"stderr","time":39612.305216042,"data":"/usr/local/lib/python3.12/dist-packages/mistune.py:435: SyntaxWarning: invalid escape sequence '\\|'\n"}
,{"stream_name":"stderr","time":39612.305258051,"data":"  cells[i][c] = re.sub('\\\\\\\\\\|', '|', cell)\n"}
,{"stream_name":"stderr","time":39612.727908,"data":"/usr/local/lib/python3.12/dist-packages/nbconvert/filters/filter_links.py:36: SyntaxWarning: invalid escape sequence '\\_'\n"}
,{"stream_name":"stderr","time":39612.727946022,"data":"  text = re.sub(r'_', '\\_', text) # Escape underscores in display text\n"}
,{"stream_name":"stderr","time":39613.588732673,"data":"[NbConvertApp] Converting notebook __script__.ipynb to html\n"}
,{"stream_name":"stderr","time":39615.405854297,"data":"[NbConvertApp] Writing 274236 bytes to __results__.html\n"}
]