--- TD3 (Twin Delayed DDPG) for GeneticPhotobioreactorEnv ---
Device: cpu | obs_dim=6 action_dim=3 | gamma=0.9995
Budget: 2,000,000 steps | Gate: project dual (stochastic + deterministic)
Hidden reset every 600 steps | SEQ_LEN=60
Demo replay: 24 scripted-expert episodes, 25% of every training batch, never evicted

  Collecting 24 scripted-expert demonstration episodes (mix {0: 0.4, 1: 0.4, 2: 0.2})...
    demo  1/24  D1  harvested=13756.7mg  time_avg_od=0.7989
    demo  2/24  D0  harvested=16518.3mg  time_avg_od=0.7943
    demo  3/24  D1  harvested=14032.5mg  time_avg_od=0.7575
    demo  4/24  D2  harvested=10120.5mg  time_avg_od=0.7734
    demo  5/24  D2  harvested=10238.2mg  time_avg_od=0.7752
    demo  6/24  D0  harvested=10064.0mg  time_avg_od=0.7402
    demo  7/24  D0  harvested=12845.8mg  time_avg_od=0.7446
    demo  8/24  D0  harvested=13878.2mg  time_avg_od=0.7566
    demo  9/24  D1  harvested=14179.3mg  time_avg_od=0.7488
    demo 10/24  D2  harvested=17078.0mg  time_avg_od=0.7780
    demo 11/24  D1  harvested= 8562.8mg  time_avg_od=0.7374
    demo 12/24  D1  harvested=12284.8mg  time_avg_od=0.7893
    demo 13/24  D1  harvested=15545.8mg  time_avg_od=0.8270
    demo 14/24  D0  harvested=11150.2mg  time_avg_od=0.7355
    demo 15/24  D1  harvested=11685.4mg  time_avg_od=0.7806
    demo 16/24  D2  harvested= 8632.5mg  time_avg_od=0.7319
    demo 17/24  D0  harvested=11069.6mg  time_avg_od=0.7884
    demo 18/24  D0  harvested=13986.2mg  time_avg_od=0.7977
    demo 19/24  D0  harvested=10264.6mg  time_avg_od=0.7533
    demo 20/24  D1  harvested=12565.9mg  time_avg_od=0.7354
    demo 21/24  D1  harvested=14125.2mg  time_avg_od=0.7714
    demo 22/24  D1  harvested= 8227.4mg  time_avg_od=0.7182
    demo 23/24  D0  harvested=14012.5mg  time_avg_od=0.7700
    demo 24/24  D0  harvested=19121.6mg  time_avg_od=0.8742

[Chunk] train_diff=D0 | mastery_diff=D0 | init=190 | steps=100,000

  [Stoch] D0 cvar10_harvest=2389.4
  [Det] eps=8 harvest_mg=14975.2 p25=6109.8 time_avg_od=0.0471 crash=66.7%
  [Det/bucket] 120:2042*  250:4446*  380:6664*  700:11161*  1100:18790*  1500:25115  2500:40597  4000:58053  45:659*
  [Det/window] full-episode median=14975.2  back-half median=848.0  back-half share=6%
  Curriculum hold D0 | chunk_eps=16 eps=16 harvest_mg=7188.7 p25=4143.3 time_avg_od=0.1173 crash=50.00% adv=0/2 dem=0/2 capfail=0/12

[Chunk] train_diff=D0 | mastery_diff=D0 | init=180 | steps=100,000

  [Stoch] D0 cvar10_harvest=2352.1
  [Det] eps=8 harvest_mg=16636.4 p25=10237.2 time_avg_od=0.3964 crash=11.1%
  [Det/bucket] 120:3784  250:5668  380:13700  700:11760  1100:19573  1500:28254  2500:42975  4000:60188  45:692*
  [Det/window] full-episode median=16636.4  back-half median=4474.3  back-half share=27%
  Curriculum hold D0 | chunk_eps=16 eps=30 harvest_mg=4256.1 p25=3657.0 time_avg_od=0.0355 crash=56.67% adv=0/2 dem=0/2 capfail=0/12

[Chunk] train_diff=D0 | mastery_diff=D0 | init=258 | steps=100,000

  [Stoch] D0 cvar10_harvest=2186.1
  [Det] eps=8 harvest_mg=19589.0 p25=13288.6 time_avg_od=0.7378 crash=0.0%
  [Det/bucket] 120:5101  250:11376  380:13926  700:14379  1100:24800  1500:29720  2500:45606  4000:62556  45:1391
  [Det/window] full-episode median=19589.0  back-half median=7239.8  back-half share=37%
  [BEST] new best det checkpoint saved -> model_data/td3_checkpoints_best (harvest=19589.0mg, 0% crash, D0)
  Curriculum hold D0 | chunk_eps=14 eps=37 harvest_mg=3872.9 p25=2964.4 time_avg_od=0.0374 crash=51.35% adv=0/2 dem=0/2 capfail=0/12

[Chunk] train_diff=D0 | mastery_diff=D0 | init=297 | steps=100,000

  [Stoch] D0 cvar10_harvest=2244.7
  [Det] eps=8 harvest_mg=15663.9 p25=7498.1 time_avg_od=0.0709 crash=66.7%
  [Det/bucket] 120:2257*  250:5608*  380:8128*  700:11504*  1100:19824*  1500:25256  2500:39820  4000:55791  45:682*
  [Det/window] full-episode median=15663.9  back-half median=1807.6  back-half share=12%
  Curriculum hold D0 | chunk_eps=14 eps=37 harvest_mg=5057.4 p25=3738.9 time_avg_od=0.0555 crash=24.32% adv=0/2 dem=0/2 capfail=1/12

[Chunk] train_diff=D0 | mastery_diff=D0 | init=361 | steps=100,000

  [Stoch] D0 cvar10_harvest=1928.9
  [Det] eps=8 harvest_mg=10266.5 p25=8885.3 time_avg_od=0.9854 crash=22.2%
  [Det/bucket] 120:2636*  250:6898  380:9548  700:9767  1100:10766  1500:12465  2500:20313  4000:36768  45:718*
  [Det/window] full-episode median=10266.5  back-half median=2919.4  back-half share=28%
  Curriculum hold D0 | chunk_eps=18 eps=39 harvest_mg=5248.9 p25=3606.0 time_avg_od=0.0509 crash=43.59% adv=0/2 dem=0/2 capfail=2/12

[Chunk] train_diff=D0 | mastery_diff=D0 | init=224 | steps=100,000

  [Stoch] D0 cvar10_harvest=1928.9
  [Det] eps=8 harvest_mg=4476.2 p25=3244.2 time_avg_od=1.3949 crash=11.1%
  [Det/bucket] 120:2900  250:3273  380:3159  700:3601  1100:5352  1500:11047  2500:20231  4000:35280  45:733*
  [Det/window] full-episode median=4476.2  back-half median=2305.6  back-half share=52%
  Curriculum hold D0 | chunk_eps=13 eps=39 harvest_mg=4617.0 p25=3237.9 time_avg_od=0.0726 crash=43.59% adv=0/2 dem=0/2 capfail=0/12

[Chunk] train_diff=D0 | mastery_diff=D0 | init=105 | steps=100,000

  [Stoch] D0 cvar10_harvest=1864.6
  [Det] eps=8 harvest_mg=5103.1 p25=3308.6 time_avg_od=1.3324 crash=33.3%
  [Det/bucket] 120:1941*  250:4541*  380:2788  700:3482  1100:5666  1500:7207  2500:10429  4000:15671  45:605*
  [Det/window] full-episode median=5103.1  back-half median=2219.0  back-half share=43%
  Curriculum hold D0 | chunk_eps=15 eps=39 harvest_mg=3840.6 p25=2665.4 time_avg_od=0.3564 crash=35.90% adv=0/2 dem=0/2 capfail=1/12

[Chunk] train_diff=D0 | mastery_diff=D0 | init=1,072 | steps=100,000

  [Stoch] D0 cvar10_harvest=1869.1
  [Det] eps=8 harvest_mg=7783.0 p25=5141.2 time_avg_od=1.0102 crash=22.2%
  [Det/bucket] 120:1899*  250:4067  380:5499  700:5898  1100:9668  1500:14162  2500:26538  4000:38180  45:652*
  [Det/window] full-episode median=7783.0  back-half median=3317.2  back-half share=43%
  Curriculum hold D0 | chunk_eps=17 eps=39 harvest_mg=3385.8 p25=2541.9 time_avg_od=0.3990 crash=35.90% adv=0/2 dem=0/2 capfail=2/12

[Chunk] train_diff=D0 | mastery_diff=D0 | init=351 | steps=100,000

  [Stoch] D0 cvar10_harvest=1147.4
  [Det] eps=8 harvest_mg=3954.5 p25=1715.3 time_avg_od=1.3788 crash=0.0%
  [Det/bucket] 120:585  250:1299  380:1854  700:3190  1100:4719  1500:6014  2500:9793  4000:14672  45:341
  [Det/window] full-episode median=3954.5  back-half median=1846.2  back-half share=47%
  Curriculum hold D0 | chunk_eps=13 eps=40 harvest_mg=3291.5 p25=2219.6 time_avg_od=0.2738 crash=32.50% adv=0/2 dem=0/2 capfail=0/12

[Chunk] train_diff=D0 | mastery_diff=D0 | init=135 | steps=100,000

  [Stoch] D0 cvar10_harvest=684.7
  [Det] eps=8 harvest_mg=3933.6 p25=1982.6 time_avg_od=1.3823 crash=0.0%
  [Det/bucket] 120:584  250:1391  380:2180  700:3026  1100:4842  1500:6541  2500:9013  4000:11702  45:282
  [Det/window] full-episode median=3933.6  back-half median=2025.1  back-half share=51%
  Curriculum hold D0 | chunk_eps=13 eps=40 harvest_mg=2262.0 p25=1050.0 time_avg_od=0.2746 crash=20.00% adv=0/2 dem=0/2 capfail=0/12

[Chunk] train_diff=D0 | mastery_diff=D0 | init=994 | steps=100,000

  [Stoch] D0 cvar10_harvest=684.7
  [Det] eps=8 harvest_mg=6448.7 p25=1875.0 time_avg_od=1.0891 crash=0.0%
  [Det/bucket] 120:632  250:1176  380:2108  700:3412  1100:9485  1500:16016  2500:29558  4000:46981  45:356
  [Det/window] full-episode median=6448.7  back-half median=1784.1  back-half share=28%
  Curriculum hold D0 | chunk_eps=13 eps=38 harvest_mg=1616.2 p25=1001.6 time_avg_od=0.3296 crash=0.00% adv=0/2 dem=0/2 capfail=0/12

[Chunk] train_diff=D0 | mastery_diff=D0 | init=275 | steps=100,000

  [Stoch] D0 cvar10_harvest=588.7
  [Det] eps=8 harvest_mg=3244.0 p25=1418.3 time_avg_od=1.4039 crash=0.0%
  [Det/bucket] 120:491  250:1034  380:1547  700:2419  1100:4069  1500:4712  2500:17368  4000:32889  45:204
  [Det/window] full-episode median=3244.0  back-half median=1694.3  back-half share=52%
  Curriculum hold D0 | chunk_eps=13 eps=38 harvest_mg=1129.7 p25=890.5 time_avg_od=0.3725 crash=0.00% adv=0/2 dem=0/2 capfail=1/12

[Chunk] train_diff=D0 | mastery_diff=D0 | init=124 | steps=100,000

  [Stoch] D0 cvar10_harvest=591.4
  [Det] eps=8 harvest_mg=9890.6 p25=4654.3 time_avg_od=0.7688 crash=0.0%
  [Det/bucket] 120:1589  250:3275  380:5114  700:6686  1100:13095  1500:19050  2500:32191  4000:48994  45:658
  [Det/window] full-episode median=9890.6  back-half median=2392.4  back-half share=24%
  Curriculum hold D0 | chunk_eps=14 eps=38 harvest_mg=1896.2 p25=1148.2 time_avg_od=0.3007 crash=5.26% adv=0/2 dem=0/2 capfail=0/12

[Chunk] train_diff=D0 | mastery_diff=D0 | init=212 | steps=100,000

  [Stoch] D0 cvar10_harvest=591.4
  [Det] eps=8 harvest_mg=14464.3 p25=8053.0 time_avg_od=0.3517 crash=11.1%
  [Det/bucket] 120:2766  250:6789  380:8474  700:11229  1100:17700  1500:22950  2500:36992  4000:56402  45:1141*
  [Det/window] full-episode median=14464.3  back-half median=3376.1  back-half share=23%
  Curriculum hold D0 | chunk_eps=13 eps=39 harvest_mg=2000.1 p25=1332.1 time_avg_od=0.1652 crash=5.13% adv=0/2 dem=0/2 capfail=0/12

[Chunk] train_diff=D0 | mastery_diff=D0 | init=171 | steps=100,000

