[{"stream_name":"stderr","time":0.920313252,"data":"Cloning into '/kaggle/working/repo'...\n"}
,{"stream_name":"stderr","time":2.608788996,"data":"Note: switching to '7280d1fb19fd0f1299eed47ffafb711328de4243'.\n"}
,{"stream_name":"stderr","time":2.608816744,"data":"\n"}
,{"stream_name":"stderr","time":2.6088207260000003,"data":"You are in 'detached HEAD' state. You can look around, make experimental\n"}
,{"stream_name":"stderr","time":2.608823648,"data":"changes and commit them, and you can discard any commits you make in this\n"}
,{"stream_name":"stderr","time":2.608826352,"data":"state without impacting any branches by switching back to a branch.\n"}
,{"stream_name":"stderr","time":2.6088289,"data":"\n"}
,{"stream_name":"stderr","time":2.608831378,"data":"If you want to create a new branch to retain commits you create, you may\n"}
,{"stream_name":"stderr","time":2.608833888,"data":"do so (now or later) by using -c with the switch command. Example:\n"}
,{"stream_name":"stderr","time":2.608836288,"data":"\n"}
,{"stream_name":"stderr","time":2.608838602,"data":"  git switch -c \u003cnew-branch-name\u003e\n"}
,{"stream_name":"stderr","time":2.608842003,"data":"\n"}
,{"stream_name":"stderr","time":2.608844266,"data":"Or undo this operation with:\n"}
,{"stream_name":"stderr","time":2.6088466710000002,"data":"\n"}
,{"stream_name":"stderr","time":2.608848963,"data":"  git switch -\n"}
,{"stream_name":"stderr","time":2.608851422,"data":"\n"}
,{"stream_name":"stderr","time":2.608854088,"data":"Turn off this advice by setting config variable advice.detachedHead to false\n"}
,{"stream_name":"stderr","time":2.6088565839999998,"data":"\n"}
,{"stream_name":"stdout","time":2.813494636,"data":"$ nvidia-smi --query-gpu=name,memory.total --format=csv\n"}
,{"stream_name":"stderr","time":2.8204567430000003,"data":"/bin/sh: 1: nvidia-smi: not found\n"}
,{"stream_name":"stdout","time":2.820666879,"data":"$ git -C /kaggle/working/repo log -1 --format='repo at %h %s'\n"}
,{"stream_name":"stdout","time":2.827740484,"data":"repo at 7280d1f 4M follow-up protocol (section 7): LRU vs LSTM at 4M steps plus an LSTM arm with reset 60\n"}
,{"stream_name":"stdout","time":2.829001416,"data":"$ pip -q install gymnasium tqdm\n"}
,{"stream_name":"stdout","time":10.17119941,"data":"resuming from /kaggle/input/notebooks/rajulkabir/pbr-rl-v3-lru-s2/model_data\n"}
,{"stream_name":"stdout","time":39610.475863749,"data":"wall-clock limit: stopping to save output; resume in a new session\n"}
,{"stream_name":"stdout","time":39610.742093316,"data":"session done in 11.00 h\n"}
,{"stream_name":"stderr","time":39614.454193765,"data":"/usr/local/lib/python3.13/dist-packages/mistune.py:435: SyntaxWarning: invalid escape sequence '\\|'\n"}
,{"stream_name":"stderr","time":39614.454236383,"data":"  cells[i][c] = re.sub('\\\\\\\\\\|', '|', cell)\n"}
,{"stream_name":"stderr","time":39615.007855397,"data":"/usr/local/lib/python3.13/dist-packages/nbconvert/filters/filter_links.py:36: SyntaxWarning: invalid escape sequence '\\_'\n"}
,{"stream_name":"stderr","time":39615.007892671,"data":"  text = re.sub(r'_', '\\_', text) # Escape underscores in display text\n"}
,{"stream_name":"stderr","time":39616.20324625,"data":"[NbConvertApp] Converting notebook __script__.ipynb to html\n"}
,{"stream_name":"stderr","time":39617.855960507,"data":"[NbConvertApp] Writing 274185 bytes to __results__.html\n"}
]