[{"stream_name":"stderr","time":0.912610324,"data":"Cloning into '/kaggle/working/repo'...\n"}
,{"stream_name":"stderr","time":2.073230056,"data":"Note: switching to '7280d1fb19fd0f1299eed47ffafb711328de4243'.\n"}
,{"stream_name":"stderr","time":2.073258962,"data":"\n"}
,{"stream_name":"stderr","time":2.073263304,"data":"You are in 'detached HEAD' state. You can look around, make experimental\n"}
,{"stream_name":"stderr","time":2.073267374,"data":"changes and commit them, and you can discard any commits you make in this\n"}
,{"stream_name":"stderr","time":2.073271013,"data":"state without impacting any branches by switching back to a branch.\n"}
,{"stream_name":"stderr","time":2.073273581,"data":"\n"}
,{"stream_name":"stderr","time":2.073276197,"data":"If you want to create a new branch to retain commits you create, you may\n"}
,{"stream_name":"stderr","time":2.073278668,"data":"do so (now or later) by using -c with the switch command. Example:\n"}
,{"stream_name":"stderr","time":2.073281132,"data":"\n"}
,{"stream_name":"stderr","time":2.073283452,"data":"  git switch -c \u003cnew-branch-name\u003e\n"}
,{"stream_name":"stderr","time":2.073286521,"data":"\n"}
,{"stream_name":"stderr","time":2.073288838,"data":"Or undo this operation with:\n"}
,{"stream_name":"stderr","time":2.073291192,"data":"\n"}
,{"stream_name":"stderr","time":2.073293543,"data":"  git switch -\n"}
,{"stream_name":"stderr","time":2.07329608,"data":"\n"}
,{"stream_name":"stderr","time":2.073298386,"data":"Turn off this advice by setting config variable advice.detachedHead to false\n"}
,{"stream_name":"stderr","time":2.073300889,"data":"\n"}
,{"stream_name":"stdout","time":2.278473098,"data":"$ nvidia-smi --query-gpu=name,memory.total --format=csv\n"}
,{"stream_name":"stderr","time":2.285971861,"data":"/bin/sh: 1: nvidia-smi: not found\n"}
,{"stream_name":"stdout","time":2.286290379,"data":"$ git -C /kaggle/working/repo log -1 --format='repo at %h %s'\n"}
,{"stream_name":"stdout","time":2.29320087,"data":"repo at 7280d1f 4M follow-up protocol (section 7): LRU vs LSTM at 4M steps plus an LSTM arm with reset 60\n"}
,{"stream_name":"stdout","time":2.2944500469999998,"data":"$ pip -q install gymnasium tqdm\n"}
,{"stream_name":"stdout","time":10.728046035,"data":"resuming from /kaggle/input/notebooks/rajulkabir/pbr-rl-v3-lru-s5/model_data\n"}
,{"stream_name":"stdout","time":39611.004759514,"data":"wall-clock limit: stopping to save output; resume in a new session\n"}
,{"stream_name":"stdout","time":39611.405480358,"data":"session done in 11.00 h\n"}
,{"stream_name":"stderr","time":39614.811699013,"data":"/usr/local/lib/python3.13/dist-packages/mistune.py:435: SyntaxWarning: invalid escape sequence '\\|'\n"}
,{"stream_name":"stderr","time":39614.811740679,"data":"  cells[i][c] = re.sub('\\\\\\\\\\|', '|', cell)\n"}
,{"stream_name":"stderr","time":39615.277406588,"data":"/usr/local/lib/python3.13/dist-packages/nbconvert/filters/filter_links.py:36: SyntaxWarning: invalid escape sequence '\\_'\n"}
,{"stream_name":"stderr","time":39615.277453348,"data":"  text = re.sub(r'_', '\\_', text) # Escape underscores in display text\n"}
,{"stream_name":"stderr","time":39616.38030503,"data":"[NbConvertApp] Converting notebook __script__.ipynb to html\n"}
,{"stream_name":"stderr","time":39617.649621787,"data":"[NbConvertApp] Writing 274185 bytes to __results__.html\n"}
]