[{"stream_name":"stderr","time":0.811821687,"data":"Cloning into '/kaggle/working/repo'...\n"}
,{"stream_name":"stderr","time":2.00994996,"data":"Note: switching to '7280d1fb19fd0f1299eed47ffafb711328de4243'.\n"}
,{"stream_name":"stderr","time":2.010007336,"data":"\n"}
,{"stream_name":"stderr","time":2.010011769,"data":"You are in 'detached HEAD' state. You can look around, make experimental\n"}
,{"stream_name":"stderr","time":2.010015078,"data":"changes and commit them, and you can discard any commits you make in this\n"}
,{"stream_name":"stderr","time":2.010017949,"data":"state without impacting any branches by switching back to a branch.\n"}
,{"stream_name":"stderr","time":2.010020779,"data":"\n"}
,{"stream_name":"stderr","time":2.010023245,"data":"If you want to create a new branch to retain commits you create, you may\n"}
,{"stream_name":"stderr","time":2.01002586,"data":"do so (now or later) by using -c with the switch command. Example:\n"}
,{"stream_name":"stderr","time":2.010028576,"data":"\n"}
,{"stream_name":"stderr","time":2.010031011,"data":"  git switch -c \u003cnew-branch-name\u003e\n"}
,{"stream_name":"stderr","time":2.01003411,"data":"\n"}
,{"stream_name":"stderr","time":2.010036615,"data":"Or undo this operation with:\n"}
,{"stream_name":"stderr","time":2.01003922,"data":"\n"}
,{"stream_name":"stderr","time":2.010041639,"data":"  git switch -\n"}
,{"stream_name":"stderr","time":2.010044169,"data":"\n"}
,{"stream_name":"stderr","time":2.010046729,"data":"Turn off this advice by setting config variable advice.detachedHead to false\n"}
,{"stream_name":"stderr","time":2.010049395,"data":"\n"}
,{"stream_name":"stdout","time":2.236477499,"data":"$ nvidia-smi --query-gpu=name,memory.total --format=csv\n"}
,{"stream_name":"stderr","time":2.242704361,"data":"/bin/sh: 1: nvidia-smi: not found\n"}
,{"stream_name":"stdout","time":2.243099409,"data":"$ git -C /kaggle/working/repo log -1 --format='repo at %h %s'\n"}
,{"stream_name":"stdout","time":2.249583486,"data":"repo at 7280d1f 4M follow-up protocol (section 7): LRU vs LSTM at 4M steps plus an LSTM arm with reset 60\n"}
,{"stream_name":"stdout","time":2.250857508,"data":"$ pip -q install gymnasium tqdm\n"}
,{"stream_name":"stdout","time":10.325587182,"data":"resuming from /kaggle/input/notebooks/rajulkabir/pbr-rl-v3-lru-s4/model_data\n"}
,{"stream_name":"stdout","time":39610.61787468,"data":"wall-clock limit: stopping to save output; resume in a new session\n"}
,{"stream_name":"stdout","time":39611.196686735,"data":"session done in 11.00 h\n"}
,{"stream_name":"stderr","time":39614.052444174,"data":"/usr/local/lib/python3.13/dist-packages/mistune.py:435: SyntaxWarning: invalid escape sequence '\\|'\n"}
,{"stream_name":"stderr","time":39614.05249387,"data":"  cells[i][c] = re.sub('\\\\\\\\\\|', '|', cell)\n"}
,{"stream_name":"stderr","time":39614.436053568,"data":"/usr/local/lib/python3.13/dist-packages/nbconvert/filters/filter_links.py:36: SyntaxWarning: invalid escape sequence '\\_'\n"}
,{"stream_name":"stderr","time":39614.436089262,"data":"  text = re.sub(r'_', '\\_', text) # Escape underscores in display text\n"}
,{"stream_name":"stderr","time":39615.502628562,"data":"[NbConvertApp] Converting notebook __script__.ipynb to html\n"}
,{"stream_name":"stderr","time":39616.866331943,"data":"[NbConvertApp] Writing 274185 bytes to __results__.html\n"}
]