--- TD3 (Twin Delayed DDPG) for GeneticPhotobioreactorEnv ---
Device: cpu | obs_dim=6 action_dim=3 | gamma=0.9995
Budget: 4,000,000 steps | Gate: project dual (stochastic + deterministic)
Hidden reset every 600 steps | SEQ_LEN=60
Demo replay: 24 scripted-expert episodes, 25% of every training batch, never evicted

  [RESUME] step=3,200,000 D0 online_buffer=514 episodes
  Collecting 24 scripted-expert demonstration episodes (mix {0: 0.4, 1: 0.4, 2: 0.2})...
    demo  1/24  D1  harvested=13756.7mg  time_avg_od=0.7989
    demo  2/24  D0  harvested=16518.3mg  time_avg_od=0.7943
    demo  3/24  D1  harvested=14032.5mg  time_avg_od=0.7575
    demo  4/24  D2  harvested=10120.5mg  time_avg_od=0.7734
    demo  5/24  D2  harvested=10238.2mg  time_avg_od=0.7752
    demo  6/24  D0  harvested=10064.0mg  time_avg_od=0.7402
    demo  7/24  D0  harvested=12845.8mg  time_avg_od=0.7446
    demo  8/24  D0  harvested=13878.2mg  time_avg_od=0.7566
    demo  9/24  D1  harvested=14179.3mg  time_avg_od=0.7488
    demo 10/24  D2  harvested=17078.0mg  time_avg_od=0.7780
    demo 11/24  D1  harvested= 8562.8mg  time_avg_od=0.7374
    demo 12/24  D1  harvested=12284.8mg  time_avg_od=0.7893
    demo 13/24  D1  harvested=15545.8mg  time_avg_od=0.8270
    demo 14/24  D0  harvested=11150.2mg  time_avg_od=0.7355
    demo 15/24  D1  harvested=11685.4mg  time_avg_od=0.7806
    demo 16/24  D2  harvested= 8632.5mg  time_avg_od=0.7319
    demo 17/24  D0  harvested=11069.6mg  time_avg_od=0.7884
    demo 18/24  D0  harvested=13986.2mg  time_avg_od=0.7977
    demo 19/24  D0  harvested=10264.6mg  time_avg_od=0.7533
    demo 20/24  D1  harvested=12565.9mg  time_avg_od=0.7354
    demo 21/24  D1  harvested=14125.2mg  time_avg_od=0.7714
    demo 22/24  D1  harvested= 8227.4mg  time_avg_od=0.7182
    demo 23/24  D0  harvested=14012.5mg  time_avg_od=0.7700
    demo 24/24  D0  harvested=19121.6mg  time_avg_od=0.8742

[Chunk] train_diff=D0 | mastery_diff=D0 | init=190 | steps=100,000

  [Stoch] D0 cvar10_harvest=2123.4
  [Det] eps=8 harvest_mg=12495.5 p25=8287.4 time_avg_od=0.3942 crash=0.0%
  [Det/bucket] 120:2048  250:4292  380:9738  700:9619  1100:15253  1500:25278  2500:23442  4000:31573  45:707
  [Det/window] full-episode median=12495.5  back-half median=3696.4  back-half share=30%
  Curriculum hold D0 | chunk_eps=16 eps=37 harvest_mg=3725.3 p25=2771.2 time_avg_od=0.1575 crash=16.22% adv=0/2 dem=0/2 capfail=0/12

[Chunk] train_diff=D0 | mastery_diff=D0 | init=245 | steps=100,000

  [Stoch] D0 cvar10_harvest=2192.9
  [Det] eps=8 harvest_mg=14983.2 p25=7990.2 time_avg_od=1.0978 crash=0.0%
  [Det/bucket] 120:2953  250:4603  380:9119  700:10870  1100:19096  1500:29557  2500:33274  4000:43304  45:1104
  [Det/window] full-episode median=14983.2  back-half median=6070.5  back-half share=41%
  Curriculum hold D0 | chunk_eps=13 eps=39 harvest_mg=3888.2 p25=2856.9 time_avg_od=0.1181 crash=15.38% adv=0/2 dem=0/2 capfail=0/12

[Chunk] train_diff=D0 | mastery_diff=D0 | init=146 | steps=100,000

  [Stoch] D0 cvar10_harvest=2348.4
  [Det] eps=8 harvest_mg=14235.4 p25=7215.7 time_avg_od=0.4707 crash=0.0%
  [Det/bucket] 120:2752  250:4804  380:8019  700:10722  1100:17748  1500:22585  2500:36209  4000:51873  45:1276
  [Det/window] full-episode median=14235.4  back-half median=3143.6  back-half share=22%
  Curriculum hold D0 | chunk_eps=13 eps=38 harvest_mg=4006.7 p25=2868.2 time_avg_od=0.2389 crash=13.16% adv=1/2 dem=0/2 capfail=0/12

[Chunk] train_diff=D0 | mastery_diff=D0 | init=382 | steps=100,000

  [Stoch] D0 cvar10_harvest=2694.9
  [Det] eps=8 harvest_mg=11696.3 p25=4851.2 time_avg_od=0.3973 crash=0.0%
  [Det/bucket] 120:2442  250:3643  380:5254  700:8476  1100:14917  1500:20459  2500:35290  4000:53017  45:963
  [Det/window] full-episode median=11696.3  back-half median=1454.1  back-half share=12%
  Curriculum ADVANCED: D0 -> D1 | chunk_eps=13 harvest_mg=4847.6 p25=3920.9 time_avg_od=0.3652 crash=0.00%

[Chunk] train_diff=D1 | mastery_diff=D1 | init=806 | steps=100,000

  [Stoch] D1 cvar10_harvest=2676.0
  [Det] eps=8 harvest_mg=12267.5 p25=5023.7 time_avg_od=0.6000 crash=0.0%
  [Det/bucket] 120:496  250:3579  380:5505  700:8756  1100:15779  1500:20551  2500:36146  4000:53322  45:235
  [Det/window] full-episode median=12267.5  back-half median=1974.9  back-half share=16%
  [BEST] new best det checkpoint saved -> model_data/td3_checkpoints_best (harvest=12267.5mg, 0% crash, D1)
  Curriculum hold D1 | chunk_eps=13 eps=13 harvest_mg=12953.1 p25=3888.5 time_avg_od=0.5024 crash=0.00% adv=0/2 dem=0/2 capfail=0/12

[Chunk] train_diff=D1 | mastery_diff=D1 | init=3,000 | steps=100,000

  [Stoch] D1 cvar10_harvest=1180.9
  [Det] eps=8 harvest_mg=10195.7 p25=1524.1 time_avg_od=0.6892 crash=0.0%
  [Det/bucket] 120:418  250:967  380:1710  700:7093  1100:13298  1500:19691  2500:34496  4000:51875  45:288
  [Det/window] full-episode median=10195.7  back-half median=620.5  back-half share=6%
  Curriculum hold D1 | chunk_eps=13 eps=24 harvest_mg=10834.7 p25=3276.7 time_avg_od=0.5869 crash=0.00% adv=0/2 dem=0/2 capfail=1/12

[Chunk] train_diff=D1 | mastery_diff=D1 | init=608 | steps=100,000

  [Stoch] D1 cvar10_harvest=762.4
  [Det] eps=8 harvest_mg=12928.9 p25=4725.3 time_avg_od=0.5756 crash=0.0%
  [Det/bucket] 120:1498  250:3091  380:5270  700:9128  1100:16730  1500:21648  2500:38337  4000:55557  45:369
  [Det/window] full-episode median=12928.9  back-half median=1620.7  back-half share=13%
  [BEST] new best det checkpoint saved -> model_data/td3_checkpoints_best (harvest=12928.9mg, 0% crash, D1)
  Curriculum hold D1 | chunk_eps=13 eps=33 harvest_mg=9866.6 p25=3097.9 time_avg_od=0.5816 crash=0.00% adv=0/2 dem=0/2 capfail=0/12

[Chunk] train_diff=D1 | mastery_diff=D1 | init=3,140 | steps=100,000

  [Stoch] D1 cvar10_harvest=762.4
  [Det] eps=8 harvest_mg=14051.8 p25=5170.2 time_avg_od=0.1396 crash=0.0%
  [Det/bucket] 120:1988  250:3786  380:5632  700:10654  1100:17450  1500:23191  2500:38664  4000:55923  45:703
  [Det/window] full-episode median=14051.8  back-half median=925.3  back-half share=7%
  [BEST] new best det checkpoint saved -> model_data/td3_checkpoints_best (harvest=14051.8mg, 0% crash, D1)
  Curriculum hold D1 | chunk_eps=13 eps=32 harvest_mg=7481.7 p25=2353.9 time_avg_od=0.5613 crash=0.00% adv=0/2 dem=0/2 capfail=1/12

--- Training Complete. Final model saved. ---
