--- TD3+GRU | threads=4 ---
--- TD3 (Twin Delayed DDPG) for GeneticPhotobioreactorEnv ---
Device: cpu | obs_dim=6 action_dim=3 | gamma=0.9995
Budget: 2,000,000 steps | Gate: project dual (stochastic + deterministic)
Hidden reset every 600 steps | SEQ_LEN=60
Demo replay: 24 scripted-expert episodes, 25% of every training batch, never evicted

  Collecting 24 scripted-expert demonstration episodes (mix {0: 0.4, 1: 0.4, 2: 0.2})...
    demo  1/24  D1  harvested=13015.4mg  time_avg_od=0.7929
    demo  2/24  D0  harvested=10667.5mg  time_avg_od=0.7916
    demo  3/24  D1  harvested=10648.7mg  time_avg_od=0.7608
    demo  4/24  D2  harvested=12944.2mg  time_avg_od=0.7693
    demo  5/24  D2  harvested=16676.3mg  time_avg_od=0.7946
    demo  6/24  D0  harvested= 7523.5mg  time_avg_od=0.7299
    demo  7/24  D0  harvested= 9901.3mg  time_avg_od=0.7373
    demo  8/24  D0  harvested= 9900.5mg  time_avg_od=0.7684
    demo  9/24  D1  harvested= 9466.6mg  time_avg_od=0.7659
    demo 10/24  D2  harvested=12640.1mg  time_avg_od=0.8354
    demo 11/24  D1  harvested=10461.6mg  time_avg_od=0.7174
    demo 12/24  D1  harvested=13763.4mg  time_avg_od=0.8147
    demo 13/24  D1  harvested=17548.7mg  time_avg_od=0.8449
    demo 14/24  D0  harvested= 7804.8mg  time_avg_od=0.7351
    demo 15/24  D1  harvested=13571.2mg  time_avg_od=0.7642
    demo 16/24  D2  harvested= 9470.7mg  time_avg_od=0.7230
    demo 17/24  D0  harvested=13877.1mg  time_avg_od=0.7789
    demo 18/24  D0  harvested=16750.8mg  time_avg_od=0.7907
    demo 19/24  D0  harvested=14696.7mg  time_avg_od=0.7798
    demo 20/24  D1  harvested= 8572.9mg  time_avg_od=0.7485
    demo 21/24  D1  harvested=10402.8mg  time_avg_od=0.7611
    demo 22/24  D1  harvested= 9085.9mg  time_avg_od=0.7146
    demo 23/24  D0  harvested= 8756.6mg  time_avg_od=0.7581
    demo 24/24  D0  harvested=16989.9mg  time_avg_od=0.8653

[Chunk] train_diff=D0 | mastery_diff=D0 | init=149 | steps=100,000

  [Stoch] D0 cvar10_harvest=1509.8
  [Det] eps=8 harvest_mg=11034.4 p25=4434.7 time_avg_od=0.0215 crash=100.0%
  [Det/bucket] 120:1555*  250:3186*  380:4851*  700:8603*  1100:13466*  1500:18033*  2500:29216*  4000:44463*  45:530*
  [Det/window] full-episode median=11034.4  back-half median=363.9  back-half share=3%
  Curriculum hold D0 | chunk_eps=21 eps=21 harvest_mg=3208.0 p25=2194.8 time_avg_od=0.0194 crash=80.95% adv=0/2 dem=0/2 capfail=1/12

[Chunk] train_diff=D0 | mastery_diff=D0 | init=107 | steps=100,000

  [Stoch] D0 cvar10_harvest=1479.2
  [Det] eps=8 harvest_mg=19862.8 p25=13814.1 time_avg_od=0.7471 crash=0.0%
  [Det/bucket] 120:10077  250:12521  380:14245  700:14754  1100:24971  1500:29801  2500:44339  4000:60749  45:5902
  [Det/window] full-episode median=19862.8  back-half median=7791.9  back-half share=39%
  [BEST] new best det checkpoint saved -> model_data/td3_gru_checkpoints_best (harvest=19862.8mg, 0% crash, D0)
  Curriculum hold D0 | chunk_eps=21 eps=40 harvest_mg=2860.3 p25=1886.2 time_avg_od=0.0177 crash=82.50% adv=0/2 dem=0/2 capfail=0/12

[Chunk] train_diff=D0 | mastery_diff=D0 | init=247 | steps=100,000

  [Stoch] D0 cvar10_harvest=1513.0
  [Det] eps=8 harvest_mg=19939.7 p25=14095.5 time_avg_od=0.8520 crash=0.0%
  [Det/bucket] 120:10332  250:12772  380:14537  700:14955  1100:24924  1500:30211  2500:45486  4000:62195  45:5044
  [Det/window] full-episode median=19939.7  back-half median=8146.7  back-half share=41%
  [BEST] new best det checkpoint saved -> model_data/td3_gru_checkpoints_best (harvest=19939.7mg, 0% crash, D0)
  Curriculum hold D0 | chunk_eps=13 eps=40 harvest_mg=4598.0 p25=2092.3 time_avg_od=0.0232 crash=55.00% adv=0/2 dem=0/2 capfail=0/12

[Chunk] train_diff=D0 | mastery_diff=D0 | init=160 | steps=100,000

  [Stoch] D0 cvar10_harvest=1728.1
  [Det] eps=8 harvest_mg=19799.7 p25=13900.2 time_avg_od=0.8369 crash=0.0%
  [Det/bucket] 120:10354  250:12321  380:14427  700:14777  1100:24823  1500:29872  2500:45034  4000:61553  45:4679
  [Det/window] full-episode median=19799.7  back-half median=8206.6  back-half share=41%
  Curriculum hold D0 | chunk_eps=13 eps=40 harvest_mg=9526.8 p25=5356.1 time_avg_od=0.5676 crash=22.50% adv=0/2 dem=0/2 capfail=0/12

[Chunk] train_diff=D0 | mastery_diff=D0 | init=137 | steps=100,000

  [Stoch] D0 cvar10_harvest=5210.4
  [Det] eps=8 harvest_mg=19276.5 p25=13463.4 time_avg_od=0.8316 crash=0.0%
  [Det/bucket] 120:9632  250:11921  380:14033  700:13977  1100:24520  1500:29749  2500:44978  4000:60924  45:3994
  [Det/window] full-episode median=19276.5  back-half median=7788.8  back-half share=40%
  Curriculum hold D0 | chunk_eps=13 eps=40 harvest_mg=10640.7 p25=7735.9 time_avg_od=0.5609 crash=0.00% adv=1/2 dem=0/2 capfail=0/12

[Chunk] train_diff=D0 | mastery_diff=D0 | init=109 | steps=100,000

  [Stoch] D0 cvar10_harvest=4794.4
  [Det] eps=8 harvest_mg=20695.9 p25=14737.7 time_avg_od=0.8635 crash=0.0%
  [Det/bucket] 120:10976  250:13571  380:15126  700:15474  1100:25918  1500:30564  2500:45767  4000:61720  45:4803
  [Det/window] full-episode median=20695.9  back-half median=8883.0  back-half share=43%
  [BEST] new best det checkpoint saved -> model_data/td3_gru_checkpoints_best (harvest=20695.9mg, 0% crash, D0)
  Curriculum ADVANCED: D0 -> D1 | chunk_eps=13 harvest_mg=10677.3 p25=7940.7 time_avg_od=0.5662 crash=0.00%

[Chunk] train_diff=D0 | mastery_diff=D1 | init=346 | steps=100,000

  [Stoch] D1 cvar10_harvest=0.0
  [Det] eps=8 harvest_mg=10898.1 p25=4929.5 time_avg_od=2.8785 crash=0.0%
  [Det/bucket] 120:1779  250:2853  380:6670  700:5622  1100:15127  1500:17710  2500:31234  4000:42436  45:552
  [Det/window] full-episode median=10898.1  back-half median=6050.8  back-half share=56%
  [BEST] new best det checkpoint saved -> model_data/td3_gru_checkpoints_best (harvest=10898.1mg, 0% crash, D1)
  Curriculum hold D1 | chunk_eps=13 eps=0 harvest_mg=0.0 p25=0.0 time_avg_od=0.0000 crash=0.00% adv=0/2 dem=0/2 capfail=0/12

[Chunk] train_diff=D1 | mastery_diff=D1 | init=1,035 | steps=100,000

  [Stoch] D1 cvar10_harvest=833.6
  [Det] eps=8 harvest_mg=8003.2 p25=2887.2 time_avg_od=3.3497 crash=0.0%
  [Det/bucket] 120:1279  250:2128  380:4611  700:3140  1100:11396  1500:12788  2500:22680  4000:33267  45:287
  [Det/window] full-episode median=8003.2  back-half median=4339.9  back-half share=54%
  Curriculum hold D1 | chunk_eps=13 eps=8 harvest_mg=10137.9 p25=6556.4 time_avg_od=3.6463 crash=0.00% adv=0/2 dem=0/2 capfail=0/12

[Chunk] train_diff=D1 | mastery_diff=D1 | init=1,385 | steps=100,000

