[{"stream_name":"stderr","time":0.949538885,"data":"Cloning into '/kaggle/working/repo'...\n"}
,{"stream_name":"stderr","time":2.9157214160000002,"data":"Note: switching to 'd2cdd19edc10a9e956a200782b3d3ca84f8e3dba'.\n"}
,{"stream_name":"stderr","time":2.915765936,"data":"\n"}
,{"stream_name":"stderr","time":2.9157708270000002,"data":"You are in 'detached HEAD' state. You can look around, make experimental\n"}
,{"stream_name":"stderr","time":2.915774176,"data":"changes and commit them, and you can discard any commits you make in this\n"}
,{"stream_name":"stderr","time":2.9157771869999998,"data":"state without impacting any branches by switching back to a branch.\n"}
,{"stream_name":"stderr","time":2.915780227,"data":"\n"}
,{"stream_name":"stderr","time":2.9157833159999997,"data":"If you want to create a new branch to retain commits you create, you may\n"}
,{"stream_name":"stderr","time":2.915786376,"data":"do so (now or later) by using -c with the switch command. Example:\n"}
,{"stream_name":"stderr","time":2.915789727,"data":"\n"}
,{"stream_name":"stderr","time":2.915791607,"data":"  git switch -c \u003cnew-branch-name\u003e\n"}
,{"stream_name":"stderr","time":2.915793936,"data":"\n"}
,{"stream_name":"stderr","time":2.915795847,"data":"Or undo this operation with:\n"}
,{"stream_name":"stderr","time":2.915797747,"data":"\n"}
,{"stream_name":"stderr","time":2.915799527,"data":"  git switch -\n"}
,{"stream_name":"stderr","time":2.915801347,"data":"\n"}
,{"stream_name":"stderr","time":2.915803187,"data":"Turn off this advice by setting config variable advice.detachedHead to false\n"}
,{"stream_name":"stderr","time":2.915805116,"data":"\n"}
,{"stream_name":"stdout","time":3.070871969,"data":"$ nvidia-smi --query-gpu=name,memory.total --format=csv\n"}
,{"stream_name":"stderr","time":3.079358913,"data":"/bin/sh: 1: nvidia-smi: not found\n"}
,{"stream_name":"stdout","time":3.079639533,"data":"$ git -C /kaggle/working/repo log -1 --format='repo at %h %s'\n"}
,{"stream_name":"stdout","time":3.087926997,"data":"repo at d2cdd19 GRU/RTU exploratory arms: protocol section 6 and Kaggle session folders (tag rl-protocol-v2)\n"}
,{"stream_name":"stdout","time":3.089879708,"data":"$ pip -q install gymnasium tqdm\n"}
,{"stream_name":"stdout","time":12.108411401,"data":"resuming from /kaggle/input/pbr-rl-v3-rtu-s1/model_data\n"}
,{"stream_name":"stdout","time":2172.245116048,"data":"session done in 0.60 h\n"}
,{"stream_name":"stderr","time":2174.718665926,"data":"/usr/local/lib/python3.13/dist-packages/mistune.py:435: SyntaxWarning: invalid escape sequence '\\|'\n"}
,{"stream_name":"stderr","time":2174.718711027,"data":"  cells[i][c] = re.sub('\\\\\\\\\\|', '|', cell)\n"}
,{"stream_name":"stderr","time":2175.144730121,"data":"/usr/local/lib/python3.13/dist-packages/nbconvert/filters/filter_links.py:36: SyntaxWarning: invalid escape sequence '\\_'\n"}
,{"stream_name":"stderr","time":2175.144775131,"data":"  text = re.sub(r'_', '\\_', text) # Escape underscores in display text\n"}
,{"stream_name":"stderr","time":2175.976709435,"data":"[NbConvertApp] Converting notebook __script__.ipynb to html\n"}
,{"stream_name":"stderr","time":2177.251726889,"data":"[NbConvertApp] Writing 274120 bytes to __results__.html\n"}
]