[{"stream_name":"stderr","time":0.938292195,"data":"Cloning into '/kaggle/working/repo'...\n"}
,{"stream_name":"stderr","time":2.710601489,"data":"Note: switching to '83f6b9b673444e3011af751eee045f4fc9360f62'.\n"}
,{"stream_name":"stderr","time":2.710645769,"data":"\n"}
,{"stream_name":"stderr","time":2.710651203,"data":"You are in 'detached HEAD' state. You can look around, make experimental\n"}
,{"stream_name":"stderr","time":2.710655296,"data":"changes and commit them, and you can discard any commits you make in this\n"}
,{"stream_name":"stderr","time":2.7106593180000003,"data":"state without impacting any branches by switching back to a branch.\n"}
,{"stream_name":"stderr","time":2.710663661,"data":"\n"}
,{"stream_name":"stderr","time":2.7106669869999998,"data":"If you want to create a new branch to retain commits you create, you may\n"}
,{"stream_name":"stderr","time":2.710670784,"data":"do so (now or later) by using -c with the switch command. Example:\n"}
,{"stream_name":"stderr","time":2.710675131,"data":"\n"}
,{"stream_name":"stderr","time":2.710678871,"data":"  git switch -c \u003cnew-branch-name\u003e\n"}
,{"stream_name":"stderr","time":2.710682884,"data":"\n"}
,{"stream_name":"stderr","time":2.710686639,"data":"Or undo this operation with:\n"}
,{"stream_name":"stderr","time":2.7106903,"data":"\n"}
,{"stream_name":"stderr","time":2.71069353,"data":"  git switch -\n"}
,{"stream_name":"stderr","time":2.710697143,"data":"\n"}
,{"stream_name":"stderr","time":2.710700645,"data":"Turn off this advice by setting config variable advice.detachedHead to false\n"}
,{"stream_name":"stderr","time":2.710704898,"data":"\n"}
,{"stream_name":"stdout","time":2.854872428,"data":"$ nvidia-smi --query-gpu=name,memory.total --format=csv\n"}
,{"stream_name":"stderr","time":2.863024446,"data":"/bin/sh: 1: nvidia-smi: not found\n"}
,{"stream_name":"stdout","time":2.863232595,"data":"$ git -C /kaggle/working/repo log -1 --format='repo at %h %s'\n"}
,{"stream_name":"stdout","time":2.867456179,"data":"repo at 83f6b9b Comparison protocol: final split, TD3_SEED, 5-seed LRU/LSTM sweep sessions, hierarchical-bootstrap compare\n"}
,{"stream_name":"stdout","time":2.868082416,"data":"$ pip -q install gymnasium tqdm\n"}
,{"stream_name":"stdout","time":39608.732837295,"data":"wall-clock limit: stopping to save output; resume in a new session\n"}
,{"stream_name":"stdout","time":39608.919692671,"data":"session done in 11.00 h\n"}
,{"stream_name":"stderr","time":39611.586090029,"data":"/usr/local/lib/python3.12/dist-packages/mistune.py:435: SyntaxWarning: invalid escape sequence '\\|'\n"}
,{"stream_name":"stderr","time":39611.586134417,"data":"  cells[i][c] = re.sub('\\\\\\\\\\|', '|', cell)\n"}
,{"stream_name":"stderr","time":39611.910843365,"data":"/usr/local/lib/python3.12/dist-packages/nbconvert/filters/filter_links.py:36: SyntaxWarning: invalid escape sequence '\\_'\n"}
,{"stream_name":"stderr","time":39611.910875869,"data":"  text = re.sub(r'_', '\\_', text) # Escape underscores in display text\n"}
,{"stream_name":"stderr","time":39612.66304367,"data":"[NbConvertApp] Converting notebook __script__.ipynb to html\n"}
,{"stream_name":"stderr","time":39614.21745494,"data":"[NbConvertApp] Writing 274236 bytes to __results__.html\n"}
]