[{"stream_name":"stderr","time":0.875236163,"data":"Cloning into '/kaggle/working/repo'...\n"}
,{"stream_name":"stderr","time":2.619262988,"data":"Note: switching to '83f6b9b673444e3011af751eee045f4fc9360f62'.\n"}
,{"stream_name":"stderr","time":2.619291801,"data":"\n"}
,{"stream_name":"stderr","time":2.619296688,"data":"You are in 'detached HEAD' state. You can look around, make experimental\n"}
,{"stream_name":"stderr","time":2.619300804,"data":"changes and commit them, and you can discard any commits you make in this\n"}
,{"stream_name":"stderr","time":2.619305453,"data":"state without impacting any branches by switching back to a branch.\n"}
,{"stream_name":"stderr","time":2.619309511,"data":"\n"}
,{"stream_name":"stderr","time":2.619313224,"data":"If you want to create a new branch to retain commits you create, you may\n"}
,{"stream_name":"stderr","time":2.619317115,"data":"do so (now or later) by using -c with the switch command. Example:\n"}
,{"stream_name":"stderr","time":2.619321139,"data":"\n"}
,{"stream_name":"stderr","time":2.619324711,"data":"  git switch -c \u003cnew-branch-name\u003e\n"}
,{"stream_name":"stderr","time":2.61932943,"data":"\n"}
,{"stream_name":"stderr","time":2.619332984,"data":"Or undo this operation with:\n"}
,{"stream_name":"stderr","time":2.6193371340000002,"data":"\n"}
,{"stream_name":"stderr","time":2.619340682,"data":"  git switch -\n"}
,{"stream_name":"stderr","time":2.619344313,"data":"\n"}
,{"stream_name":"stderr","time":2.619347942,"data":"Turn off this advice by setting config variable advice.detachedHead to false\n"}
,{"stream_name":"stderr","time":2.619352091,"data":"\n"}
,{"stream_name":"stdout","time":2.768967262,"data":"$ nvidia-smi --query-gpu=name,memory.total --format=csv\n"}
,{"stream_name":"stderr","time":2.775745886,"data":"/bin/sh: 1: nvidia-smi: not found\n"}
,{"stream_name":"stdout","time":2.776023044,"data":"$ git -C /kaggle/working/repo log -1 --format='repo at %h %s'\n"}
,{"stream_name":"stdout","time":2.78084757,"data":"repo at 83f6b9b Comparison protocol: final split, TD3_SEED, 5-seed LRU/LSTM sweep sessions, hierarchical-bootstrap compare\n"}
,{"stream_name":"stdout","time":2.781718038,"data":"$ pip -q install gymnasium tqdm\n"}
,{"stream_name":"stdout","time":39608.83430201,"data":"wall-clock limit: stopping to save output; resume in a new session\n"}
,{"stream_name":"stdout","time":39609.024280898,"data":"session done in 11.00 h\n"}
,{"stream_name":"stderr","time":39611.732749428,"data":"/usr/local/lib/python3.12/dist-packages/mistune.py:435: SyntaxWarning: invalid escape sequence '\\|'\n"}
,{"stream_name":"stderr","time":39611.732789661,"data":"  cells[i][c] = re.sub('\\\\\\\\\\|', '|', cell)\n"}
,{"stream_name":"stderr","time":39612.099100479,"data":"/usr/local/lib/python3.12/dist-packages/nbconvert/filters/filter_links.py:36: SyntaxWarning: invalid escape sequence '\\_'\n"}
,{"stream_name":"stderr","time":39612.099127773,"data":"  text = re.sub(r'_', '\\_', text) # Escape underscores in display text\n"}
,{"stream_name":"stderr","time":39612.916682707,"data":"[NbConvertApp] Converting notebook __script__.ipynb to html\n"}
,{"stream_name":"stderr","time":39614.575298265,"data":"[NbConvertApp] Writing 274233 bytes to __results__.html\n"}
]